Archive member included to satisfy reference by file (symbol)

core/libcore.a(tag.c.obj)     CMakeFiles/DriveStraight.dir/lib/schedule.c.obj (lf_time_logical)
core/libcore.a(reactor_common.c.obj)
                              CMakeFiles/DriveStraight.dir/DriveStraight.c.obj (_lf_allocate)
core/libcore.a(lf_token.c.obj)
                              CMakeFiles/DriveStraight.dir/_drivestraight_main.c.obj (_lf_initialize_token_with_value)
core/libcore.a(environment.c.obj)
                              core/libcore.a(reactor_common.c.obj) (environment_free)
core/libcore.a(reactor.c.obj)
                              CMakeFiles/DriveStraight.dir/_drivestraight_main.c.obj (_lf_set_present)
core/libcore.a(vector.c.obj)  core/libcore.a(reactor_common.c.obj) (vector_at)
core/libcore.a(pqueue.c.obj)  core/libcore.a(environment.c.obj) (pqueue_init)
core/libcore.a(util.c.obj)    core/libcore.a(reactor_common.c.obj) (lf_print)
core/libcore.a(hashset.c.obj)
                              core/libcore.a(lf_token.c.obj) (hashset_num_items)
core/libcore.a(hashset_itr.c.obj)
                              core/libcore.a(lf_token.c.obj) (hashset_iterator)
core/libcore.a(lf_rp2040_support.c.obj)
                              core/libcore.a(reactor.c.obj) (_lf_initialize_clock)
robot/librobot.a(display.c.obj)
                              CMakeFiles/DriveStraight.dir/_display.c.obj (display_set_font)
robot/librobot.a(font_8x8.c.obj)
                              robot/librobot.a(display.c.obj) (font_8x8)
robot/librobot.a(font_8x16.c.obj)
                              CMakeFiles/DriveStraight.dir/_display.c.obj (font_8x16)
robot/librobot.a(ir_sensors.c.obj)
                              CMakeFiles/DriveStraight.dir/_line.c.obj (line_sensors_calibrate)
robot/librobot.a(sh1106.c.obj)
                              robot/librobot.a(display.c.obj) (sh1106_transfer_start)
/usr/lib/gcc/arm-none-eabi/10.3.1/thumb/v6-m/nofp/libgcc.a(_dvmd_tls.o)
                              CMakeFiles/DriveStraight.dir/home/dobbs/Documents/development/pico/pico-sdk/src/rp2_common/pico_divider/divider.S.obj (__aeabi_idiv0)
/usr/lib/gcc/arm-none-eabi/10.3.1/../../../arm-none-eabi/lib/thumb/v6-m/nofp/libc.a(lib_a-atexit.o)
                              /usr/lib/gcc/arm-none-eabi/10.3.1/../../../arm-none-eabi/lib/thumb/v6-m/nofp/crt0.o (atexit)
/usr/lib/gcc/arm-none-eabi/10.3.1/../../../arm-none-eabi/lib/thumb/v6-m/nofp/libc.a(lib_a-atoi.o)
                              core/libcore.a(reactor_common.c.obj) (atoi)
/usr/lib/gcc/arm-none-eabi/10.3.1/../../../arm-none-eabi/lib/thumb/v6-m/nofp/libc.a(lib_a-atoll.o)
                              core/libcore.a(reactor_common.c.obj) (atoll)
/usr/lib/gcc/arm-none-eabi/10.3.1/../../../arm-none-eabi/lib/thumb/v6-m/nofp/libc.a(lib_a-calloc.o)
                              CMakeFiles/DriveStraight.dir/home/dobbs/Documents/development/pico/pico-sdk/src/rp2_common/pico_malloc/pico_malloc.c.obj (calloc)
/usr/lib/gcc/arm-none-eabi/10.3.1/../../../arm-none-eabi/lib/thumb/v6-m/nofp/libc.a(lib_a-callocr.o)
                              /usr/lib/gcc/arm-none-eabi/10.3.1/../../../arm-none-eabi/lib/thumb/v6-m/nofp/libc.a(lib_a-calloc.o) (_calloc_r)
/usr/lib/gcc/arm-none-eabi/10.3.1/../../../arm-none-eabi/lib/thumb/v6-m/nofp/libc.a(lib_a-fini.o)
                              /usr/lib/gcc/arm-none-eabi/10.3.1/../../../arm-none-eabi/lib/thumb/v6-m/nofp/crt0.o (__libc_fini_array)
/usr/lib/gcc/arm-none-eabi/10.3.1/../../../arm-none-eabi/lib/thumb/v6-m/nofp/libc.a(lib_a-impure.o)
                              core/libcore.a(util.c.obj) (_impure_ptr)
/usr/lib/gcc/arm-none-eabi/10.3.1/../../../arm-none-eabi/lib/thumb/v6-m/nofp/libc.a(lib_a-init.o)
                              /usr/lib/gcc/arm-none-eabi/10.3.1/../../../arm-none-eabi/lib/thumb/v6-m/nofp/crt0.o (__libc_init_array)
/usr/lib/gcc/arm-none-eabi/10.3.1/../../../arm-none-eabi/lib/thumb/v6-m/nofp/libc.a(lib_a-malloc.o)
                              CMakeFiles/DriveStraight.dir/home/dobbs/Documents/development/pico/pico-sdk/src/rp2_common/pico_malloc/pico_malloc.c.obj (malloc)
/usr/lib/gcc/arm-none-eabi/10.3.1/../../../arm-none-eabi/lib/thumb/v6-m/nofp/libc.a(lib_a-mallocr.o)
                              /usr/lib/gcc/arm-none-eabi/10.3.1/../../../arm-none-eabi/lib/thumb/v6-m/nofp/libc.a(lib_a-callocr.o) (_malloc_r)
/usr/lib/gcc/arm-none-eabi/10.3.1/../../../arm-none-eabi/lib/thumb/v6-m/nofp/libc.a(lib_a-mlock.o)
                              /usr/lib/gcc/arm-none-eabi/10.3.1/../../../arm-none-eabi/lib/thumb/v6-m/nofp/libc.a(lib_a-mallocr.o) (__malloc_lock)
/usr/lib/gcc/arm-none-eabi/10.3.1/../../../arm-none-eabi/lib/thumb/v6-m/nofp/libc.a(lib_a-realloc.o)
                              CMakeFiles/DriveStraight.dir/home/dobbs/Documents/development/pico/pico-sdk/src/rp2_common/pico_malloc/pico_malloc.c.obj (realloc)
/usr/lib/gcc/arm-none-eabi/10.3.1/../../../arm-none-eabi/lib/thumb/v6-m/nofp/libc.a(lib_a-reallocr.o)
[...]
Memory Configuration

Name             Origin             Length             Attributes
FLASH            0x0000000010000000 0x0000000000200000 xr
RAM              0x0000000020000000 0x0000000000040000 xrw
SCRATCH_X        0x0000000020040000 0x0000000000001000 xrw
SCRATCH_Y        0x0000000020041000 0x0000000000001000 xrw
*default*        0x0000000000000000 0xffffffffffffffff

Linker script and memory map

LOAD /usr/lib/gcc/arm-none-eabi/10.3.1/thumb/v6-m/nofp/crti.o
LOAD /usr/lib/gcc/arm-none-eabi/10.3.1/thumb/v6-m/nofp/crtbegin.o
LOAD /usr/lib/gcc/arm-none-eabi/10.3.1/../../../arm-none-eabi/lib/thumb/v6-m/nofp/crt0.o

.flash_begin    0x0000000010000000        0x0
                0x0000000010000000                __flash_binary_start = .

.boot2          0x0000000010000000      0x100
                0x0000000010000000                __boot2_start__ = .
 *(.boot2)
 .boot2         0x0000000010000000      0x100 /tmp/ccCiApT7.o
                0x0000000010000100                __boot2_end__ = .
                0x0000000000000001                ASSERT (((__boot2_end__ - __boot2_start__) == 0x100), ERROR: Pico second stage bootloader must be 256 bytes in size)

.text           0x0000000010000100    0x10f80
                0x0000000010000100                __logical_binary_start = .
 *(.vectors)
 .vectors       0x0000000010000100       0xd4 CMakeFiles/DriveStraight.dir/home/dobbs/Documents/development/pico/pico-sdk/src/rp2_common/pico_standard_link/crt0.S.obj
                0x0000000010000100                __vectors
                0x0000000010000100                __VECTOR_TABLE
                0x00000000100001c0                isr_invalid
                0x00000000100001c0                __default_isrs_start
                0x00000000100001c2                isr_nmi
                0x00000000100001c4                isr_hardfault
                0x00000000100001c6                isr_svcall
                0x00000000100001c8                isr_pendsv
                0x00000000100001ca                isr_systick
                0x00000000100001cc                isr_irq30
                0x00000000100001cc                __unhandled_user_irq
                0x00000000100001cc                isr_irq13
                0x00000000100001cc                isr_irq27
                0x00000000100001cc                isr_irq31
                0x00000000100001cc                isr_irq5
                0x00000000100001cc                isr_irq11
                0x00000000100001cc                isr_irq23
                0x00000000100001cc                isr_irq18
                0x00000000100001cc                isr_irq28
                0x00000000100001cc                isr_irq19
                0x00000000100001cc                isr_irq0
                0x00000000100001cc                isr_irq6
                0x00000000100001cc                isr_irq22
                0x00000000100001cc                isr_irq17
                0x00000000100001cc                isr_irq14
                0x00000000100001cc                isr_irq2
                0x00000000100001cc                isr_irq10
                0x00000000100001cc                isr_irq8
                0x00000000100001cc                isr_irq24
                0x00000000100001cc                isr_irq1
                0x00000000100001cc                isr_irq7
                0x00000000100001cc                isr_irq21
                0x00000000100001cc                isr_irq20
                0x00000000100001cc                isr_irq15
                0x00000000100001cc                isr_irq25
                0x00000000100001cc                isr_irq4
                0x00000000100001cc                isr_irq16
                0x00000000100001cc                isr_irq29
                0x00000000100001cc                isr_irq26
                0x00000000100001cc                __default_isrs_end
                0x00000000100001cc                isr_irq3
                0x00000000100001cc                isr_irq12
                0x00000000100001cc                isr_irq9
                0x00000000100001d2                unhandled_user_irq_num_in_r0
 *(.binary_info_header)
 .binary_info_header
                0x00000000100001d4       0x14 CMakeFiles/DriveStraight.dir/home/dobbs/Documents/development/pico/pico-sdk/src/rp2_common/pico_standard_link/crt0.S.obj
                0x00000000100001e8                __binary_info_header_end = .
 *(.reset)
 .reset         0x00000000100001e8       0xa0 CMakeFiles/DriveStraight.dir/home/dobbs/Documents/development/pico/pico-sdk/src/rp2_common/pico_standard_link/crt0.S.obj
                0x00000000100001e8                _entry_point
 .reset         0x0000000010000288       0x30 CMakeFiles/DriveStraight.dir/home/dobbs/Documents/development/pico/pico-sdk/src/rp2_common/pico_standard_link/binary_info.c.obj
 *(.init)
 .init          0x00000000100002b8        0x4 /usr/lib/gcc/arm-none-eabi/10.3.1/thumb/v6-m/nofp/crti.o
                0x00000000100002b8                _init
 *(EXCLUDE_FILE(*libm.a: *libc.a:*lib_a-mem*.o *libgcc.a:) .text*)
 .text          0x00000000100002bc       0x98 /usr/lib/gcc/arm-none-eabi/10.3.1/thumb/v6-m/nofp/crtbegin.o
 .text._drivestraight_mainreaction_function_0
                0x0000000010000354       0x70 CMakeFiles/DriveStraight.dir/_drivestraight_main.c.obj
                0x0000000010000354                _drivestraight_mainreaction_function_0
 .text._drivestraight_mainreaction_function_2
                0x00000000100003c4       0x2c CMakeFiles/DriveStraight.dir/_drivestraight_main.c.obj
                0x00000000100003c4                _drivestraight_mainreaction_function_2
 .text._drivestraight_mainreaction_function_3
                0x00000000100003f0       0x30 CMakeFiles/DriveStraight.dir/_drivestraight_main.c.obj
                0x00000000100003f0                _drivestraight_mainreaction_function_3
 .text._drivestraight_mainreaction_function_1
                0x0000000010000420       0x40 CMakeFiles/DriveStraight.dir/_drivestraight_main.c.obj
                0x0000000010000420                _drivestraight_mainreaction_function_1
 .text._drivestraight_mainreaction_function_4
                0x0000000010000460      0x100 CMakeFiles/DriveStraight.dir/_drivestraight_main.c.obj
                0x0000000010000460                _drivestraight_mainreaction_function_4
 .text.new__drivestraight_main
                0x0000000010000560      0x188 CMakeFiles/DriveStraight.dir/_drivestraight_main.c.obj
                0x0000000010000560                new__drivestraight_main
 .text._linereaction_function_0
                0x00000000100006e8        0xc CMakeFiles/DriveStraight.dir/_line.c.obj
                0x00000000100006e8                _linereaction_function_0
 .text._linereaction_function_1
                0x00000000100006f4       0x94 CMakeFiles/DriveStraight.dir/_line.c.obj
                0x00000000100006f4                _linereaction_function_1
 .text.new__line
                0x0000000010000788       0xa8 CMakeFiles/DriveStraight.dir/_line.c.obj
                0x0000000010000788                new__line
 .text._displayreaction_function_1
                0x0000000010000830       0xb4 CMakeFiles/DriveStraight.dir/_display.c.obj
                0x0000000010000830                _displayreaction_function_1
 .text._displayreaction_function_0
                0x00000000100008e4       0x2c CMakeFiles/DriveStraight.dir/_display.c.obj
                0x00000000100008e4                _displayreaction_function_0
 .text.new__display
                0x0000000010000910      0x100 CMakeFiles/DriveStraight.dir/_display.c.obj
                0x0000000010000910                new__display
 .text.startup.main
                0x0000000010000a10        0xc CMakeFiles/DriveStraight.dir/DriveStraight.c.obj
                0x0000000010000a10                main
 .text._lf_set_default_command_line_options
                0x0000000010000a1c        0x4 CMakeFiles/DriveStraight.dir/DriveStraight.c.obj
                0x0000000010000a1c                _lf_set_default_command_line_options
 .text._lf_create_environments
                0x0000000010000a20       0x34 CMakeFiles/DriveStraight.dir/DriveStraight.c.obj
                0x0000000010000a20                _lf_create_environments
 .text._lf_get_environments
                0x0000000010000a54        0xc CMakeFiles/DriveStraight.dir/DriveStraight.c.obj
                0x0000000010000a54                _lf_get_environments
 .text._lf_initialize_trigger_objects
                0x0000000010000a60      0x5e4 CMakeFiles/DriveStraight.dir/DriveStraight.c.obj
                0x0000000010000a60                _lf_initialize_trigger_objects
 .text.terminate_execution
                0x0000000010001044        0x4 CMakeFiles/DriveStraight.dir/DriveStraight.c.obj
                0x0000000010001044                terminate_execution
 .text.gpio_set_function
                0x0000000010001048       0x30 CMakeFiles/DriveStraight.dir/home/dobbs/Documents/development/pico/pico-sdk/src/rp2_common/hardware_gpio/gpio.c.obj
                0x0000000010001048                gpio_set_function
 .text.gpio_set_pulls
                0x0000000010001078       0x30 CMakeFiles/DriveStraight.dir/home/dobbs/Documents/development/pico/pico-sdk/src/rp2_common/hardware_gpio/gpio.c.obj
                0x0000000010001078                gpio_set_pulls
 .text.gpio_init
                0x00000000100010a8       0x3c CMakeFiles/DriveStraight.dir/home/dobbs/Documents/development/pico/pico-sdk/src/rp2_common/hardware_gpio/gpio.c.obj
                0x00000000100010a8                gpio_init
 .text.running_on_fpga
                0x00000000100010e4       0x10 CMakeFiles/DriveStraight.dir/home/dobbs/Documents/development/pico/pico-sdk/src/rp2_common/pico_platform/platform.c.obj
                0x00000000100010e4                running_on_fpga
 .text.hw_claim_lock
                0x00000000100010f4       0x18 CMakeFiles/DriveStraight.dir/home/dobbs/Documents/development/pico/pico-sdk/src/rp2_common/hardware_claim/claim.c.obj
                0x00000000100010f4                hw_claim_lock
 .text.hw_claim_unlock
                0x000000001000110c       0x14 CMakeFiles/DriveStraight.dir/home/dobbs/Documents/development/pico/pico-sdk/src/rp2_common/hardware_claim/claim.c.obj
                0x000000001000110c                hw_claim_unlock
 .text.hw_claim_or_assert
                0x0000000010001120       0x44 CMakeFiles/DriveStraight.dir/home/dobbs/Documents/development/pico/pico-sdk/src/rp2_common/hardware_claim/claim.c.obj
                0x0000000010001120                hw_claim_or_assert
 .text.hw_claim_unused_from_range
                0x0000000010001164       0x9c CMakeFiles/DriveStraight.dir/home/dobbs/Documents/development/pico/pico-sdk/src/rp2_common/hardware_claim/claim.c.obj
                0x0000000010001164                hw_claim_unused_from_range
 .text.spin_locks_reset
                0x0000000010001200       0x1c CMakeFiles/DriveStraight.dir/home/dobbs/Documents/development/pico/pico-sdk/src/rp2_common/hardware_sync/sync.c.obj
                0x0000000010001200                spin_locks_reset
 .text.next_striped_spin_lock_num
                0x000000001000121c       0x18 CMakeFiles/DriveStraight.dir/home/dobbs/Documents/development/pico/pico-sdk/src/rp2_common/hardware_sync/sync.c.obj
                0x000000001000121c                next_striped_spin_lock_num
 .text.spin_lock_claim_unused
                0x0000000010001234       0x20 CMakeFiles/DriveStraight.dir/home/dobbs/Documents/development/pico/pico-sdk/src/rp2_common/hardware_sync/sync.c.obj
                0x0000000010001234                spin_lock_claim_unused
 .text.irq_set_enabled
                0x0000000010001254       0x24 CMakeFiles/DriveStraight.dir/home/dobbs/Documents/development/pico/pico-sdk/src/rp2_common/hardware_irq/irq.c.obj
                0x0000000010001254                irq_set_enabled
 .text.irq_set_pending
                0x0000000010001278       0x10 CMakeFiles/DriveStraight.dir/home/dobbs/Documents/development/pico/pico-sdk/src/rp2_common/hardware_irq/irq.c.obj
                0x0000000010001278                irq_set_pending
 .text.irq_has_shared_handler
                0x0000000010001288       0x2c CMakeFiles/DriveStraight.dir/home/dobbs/Documents/development/pico/pico-sdk/src/rp2_common/hardware_irq/irq.c.obj
                0x0000000010001288                irq_has_shared_handler
 .text.irq_get_vtable_handler
                0x00000000100012b4       0x10 CMakeFiles/DriveStraight.dir/home/dobbs/Documents/development/pico/pico-sdk/src/rp2_common/hardware_irq/irq.c.obj
                0x00000000100012b4                irq_get_vtable_handler
 .text.irq_set_exclusive_handler
                0x00000000100012c4       0x54 CMakeFiles/DriveStraight.dir/home/dobbs/Documents/development/pico/pico-sdk/src/rp2_common/hardware_irq/irq.c.obj
                0x00000000100012c4                irq_set_exclusive_handler
 .text.irq_add_shared_handler
                0x0000000010001318      0x1e8 CMakeFiles/DriveStraight.dir/home/dobbs/Documents/development/pico/pico-sdk/src/rp2_common/hardware_irq/irq.c.obj
                0x0000000010001318                irq_add_shared_handler
 .text.irq_remove_handler
                0x0000000010001500      0x1b0 CMakeFiles/DriveStraight.dir/home/dobbs/Documents/development/pico/pico-sdk/src/rp2_common/hardware_irq/irq.c.obj
                0x0000000010001500                irq_remove_handler
 .text.irq_add_tail_to_free_list
                0x00000000100016b0       0xb4 CMakeFiles/DriveStraight.dir/home/dobbs/Documents/development/pico/pico-sdk/src/rp2_common/hardware_irq/irq.c.obj
                0x00000000100016b0                irq_add_tail_to_free_list
 .text.irq_init_priorities
                0x0000000010001764       0x24 CMakeFiles/DriveStraight.dir/home/dobbs/Documents/development/pico/pico-sdk/src/rp2_common/hardware_irq/irq.c.obj
                0x0000000010001764                irq_init_priorities
 .text.user_irq_claim_unused
                0x0000000010001788       0x28 CMakeFiles/DriveStraight.dir/home/dobbs/Documents/development/pico/pico-sdk/src/rp2_common/hardware_irq/irq.c.obj
                0x0000000010001788                user_irq_claim_unused
 .text.sem_init
                0x00000000100017b0       0x20 CMakeFiles/DriveStraight.dir/home/dobbs/Documents/development/pico/pico-sdk/src/common/pico_sync/sem.c.obj
                0x00000000100017b0                sem_init
 .text.lock_init
                0x00000000100017d0       0x10 CMakeFiles/DriveStraight.dir/home/dobbs/Documents/development/pico/pico-sdk/src/common/pico_sync/lock_core.c.obj
                0x00000000100017d0                lock_init
 .text.mutex_init
                0x00000000100017e0       0x1c CMakeFiles/DriveStraight.dir/home/dobbs/Documents/development/pico/pico-sdk/src/common/pico_sync/mutex.c.obj
                0x00000000100017e0                mutex_init
 .text.recursive_mutex_init
                0x00000000100017fc       0x1c CMakeFiles/DriveStraight.dir/home/dobbs/Documents/development/pico/pico-sdk/src/common/pico_sync/mutex.c.obj
                0x00000000100017fc                recursive_mutex_init
 .text.critical_section_init
                0x0000000010001818       0x20 CMakeFiles/DriveStraight.dir/home/dobbs/Documents/development/pico/pico-sdk/src/common/pico_sync/critical_section.c.obj
                0x0000000010001818                critical_section_init
 .text.critical_section_init_with_lock_num
                0x0000000010001838       0x14 CMakeFiles/DriveStraight.dir/home/dobbs/Documents/development/pico/pico-sdk/src/common/pico_sync/critical_section.c.obj
                0x0000000010001838                critical_section_init_with_lock_num
 .text.timer_pool_entry_comparator
                0x000000001000184c       0x34 CMakeFiles/DriveStraight.dir/home/dobbs/Documents/development/pico/pico-sdk/src/common/pico_time/time.c.obj
                0x000000001000184c                timer_pool_entry_comparator
 .text.sleep_until_callback
                0x0000000010001880       0x30 CMakeFiles/DriveStraight.dir/home/dobbs/Documents/development/pico/pico-sdk/src/common/pico_time/time.c.obj
 .text.add_alarm_under_lock.isra.0
                0x00000000100018b0      0x100 CMakeFiles/DriveStraight.dir/home/dobbs/Documents/development/pico/pico-sdk/src/common/pico_time/time.c.obj
 .text.alarm_pool_alarm_callback
                0x00000000100019b0      0x1bc CMakeFiles/DriveStraight.dir/home/dobbs/Documents/development/pico/pico-sdk/src/common/pico_time/time.c.obj
 .text.alarm_pool_init_default
                0x0000000010001b6c       0x6c CMakeFiles/DriveStraight.dir/home/dobbs/Documents/development/pico/pico-sdk/src/common/pico_time/time.c.obj
                0x0000000010001b6c                alarm_pool_init_default
 .text.alarm_pool_get_default
                0x0000000010001bd8        0x8 CMakeFiles/DriveStraight.dir/home/dobbs/Documents/development/pico/pico-sdk/src/common/pico_time/time.c.obj
                0x0000000010001bd8                alarm_pool_get_default
 .text.alarm_pool_add_alarm_at
                0x0000000010001be0      0x178 CMakeFiles/DriveStraight.dir/home/dobbs/Documents/development/pico/pico-sdk/src/common/pico_time/time.c.obj
                0x0000000010001be0                alarm_pool_add_alarm_at
 .text.alarm_pool_core_num
                0x0000000010001d58        0x4 CMakeFiles/DriveStraight.dir/home/dobbs/Documents/development/pico/pico-sdk/src/common/pico_time/time.c.obj
                0x0000000010001d58                alarm_pool_core_num
 .text.sleep_until
                0x0000000010001d5c       0xc4 CMakeFiles/DriveStraight.dir/home/dobbs/Documents/development/pico/pico-sdk/src/common/pico_time/time.c.obj
                0x0000000010001d5c                sleep_until
 .text.sleep_us
                0x0000000010001e20       0x24 CMakeFiles/DriveStraight.dir/home/dobbs/Documents/development/pico/pico-sdk/src/common/pico_time/time.c.obj
                0x0000000010001e20                sleep_us
 .text.best_effort_wfe_or_timeout
                0x0000000010001e44       0xd4 CMakeFiles/DriveStraight.dir/home/dobbs/Documents/development/pico/pico-sdk/src/common/pico_time/time.c.obj
                0x0000000010001e44                best_effort_wfe_or_timeout
 .text.hardware_alarm_irq_handler
                0x0000000010001f18       0xbc CMakeFiles/DriveStraight.dir/home/dobbs/Documents/development/pico/pico-sdk/src/rp2_common/hardware_timer/timer.c.obj
 .text.hardware_alarm_claim
                0x0000000010001fd4       0x18 CMakeFiles/DriveStraight.dir/home/dobbs/Documents/development/pico/pico-sdk/src/rp2_common/hardware_timer/timer.c.obj
                0x0000000010001fd4                hardware_alarm_claim
 .text.time_us_64
                0x0000000010001fec       0x14 CMakeFiles/DriveStraight.dir/home/dobbs/Documents/development/pico/pico-sdk/src/rp2_common/hardware_timer/timer.c.obj
                0x0000000010001fec                time_us_64
 .text.busy_wait_us
                0x0000000010002000       0x54 CMakeFiles/DriveStraight.dir/home/dobbs/Documents/development/pico/pico-sdk/src/rp2_common/hardware_timer/timer.c.obj
                0x0000000010002000                busy_wait_us
 .text.busy_wait_until
                0x0000000010002054       0x20 CMakeFiles/DriveStraight.dir/home/dobbs/Documents/development/pico/pico-sdk/src/rp2_common/hardware_timer/timer.c.obj
                0x0000000010002054                busy_wait_until
 .text.hardware_alarm_set_callback
                0x0000000010002074       0x8c CMakeFiles/DriveStraight.dir/home/dobbs/Documents/development/pico/pico-sdk/src/rp2_common/hardware_timer/timer.c.obj
                0x0000000010002074                hardware_alarm_set_callback
 .text.hardware_alarm_set_target
                0x0000000010002100       0xd4 CMakeFiles/DriveStraight.dir/home/dobbs/Documents/development/pico/pico-sdk/src/rp2_common/hardware_timer/timer.c.obj
                0x0000000010002100                hardware_alarm_set_target
 .text.hardware_alarm_cancel
                0x00000000100021d4       0x3c CMakeFiles/DriveStraight.dir/home/dobbs/Documents/development/pico/pico-sdk/src/rp2_common/hardware_timer/timer.c.obj
                0x00000000100021d4                hardware_alarm_cancel
 .text.ph_merge_nodes
                0x0000000010002210       0x68 CMakeFiles/DriveStraight.dir/home/dobbs/Documents/development/pico/pico-sdk/src/common/pico_util/pheap.c.obj
 .text.ph_post_alloc_init
                0x0000000010002278       0x3c CMakeFiles/DriveStraight.dir/home/dobbs/Documents/development/pico/pico-sdk/src/common/pico_util/pheap.c.obj
                0x0000000010002278                ph_post_alloc_init
 .text.ph_merge_two_pass
                0x00000000100022b4       0x90 CMakeFiles/DriveStraight.dir/home/dobbs/Documents/development/pico/pico-sdk/src/common/pico_util/pheap.c.obj
                0x00000000100022b4                ph_merge_two_pass
 .text.ph_remove_any_head
                0x0000000010002344      0x100 CMakeFiles/DriveStraight.dir/home/dobbs/Documents/development/pico/pico-sdk/src/common/pico_util/pheap.c.obj
 .text.ph_remove_head
                0x0000000010002444      0x104 CMakeFiles/DriveStraight.dir/home/dobbs/Documents/development/pico/pico-sdk/src/common/pico_util/pheap.c.obj
                0x0000000010002444                ph_remove_head
 .text.ph_remove_and_free_node
                0x0000000010002548       0x7c CMakeFiles/DriveStraight.dir/home/dobbs/Documents/development/pico/pico-sdk/src/common/pico_util/pheap.c.obj
                0x0000000010002548                ph_remove_and_free_node
 .text.clocks_init
                0x00000000100025c4      0x2d0 CMakeFiles/DriveStraight.dir/home/dobbs/Documents/development/pico/pico-sdk/src/rp2_common/hardware_clocks/clocks.c.obj
                0x00000000100025c4                clocks_init
 .text.clock_get_hz
                0x0000000010002894        0xc CMakeFiles/DriveStraight.dir/home/dobbs/Documents/development/pico/pico-sdk/src/rp2_common/hardware_clocks/clocks.c.obj
                0x0000000010002894                clock_get_hz
 .text.pll_init
                0x00000000100028a0       0xa0 CMakeFiles/DriveStraight.dir/home/dobbs/Documents/development/pico/pico-sdk/src/rp2_common/hardware_pll/pll.c.obj
                0x00000000100028a0                pll_init
 .text.watchdog_start_tick
                0x0000000010002940       0x10 CMakeFiles/DriveStraight.dir/home/dobbs/Documents/development/pico/pico-sdk/src/rp2_common/hardware_watchdog/watchdog.c.obj
                0x0000000010002940                watchdog_start_tick
 .text.watchdog_reboot
                0x0000000010002950       0x98 CMakeFiles/DriveStraight.dir/home/dobbs/Documents/development/pico/pico-sdk/src/rp2_common/hardware_watchdog/watchdog.c.obj
                0x0000000010002950                watchdog_reboot
 .text.xosc_init
                0x00000000100029e8       0x28 CMakeFiles/DriveStraight.dir/home/dobbs/Documents/development/pico/pico-sdk/src/rp2_common/hardware_xosc/xosc.c.obj
                0x00000000100029e8                xosc_init
 .text.runtime_init
                0x0000000010002a10       0xf0 CMakeFiles/DriveStraight.dir/home/dobbs/Documents/development/pico/pico-sdk/src/rp2_common/pico_runtime/runtime.c.obj
                0x0000000010002a10                runtime_init
 .text._exit    0x0000000010002b00        0x4 CMakeFiles/DriveStraight.dir/home/dobbs/Documents/development/pico/pico-sdk/src/rp2_common/pico_runtime/runtime.c.obj
                0x0000000010002b00                _exit
 .text._sbrk    0x0000000010002b04       0x34 CMakeFiles/DriveStraight.dir/home/dobbs/Documents/development/pico/pico-sdk/src/rp2_common/pico_runtime/runtime.c.obj
                0x0000000010002b04                _sbrk
 .text.exit     0x0000000010002b38        0x8 CMakeFiles/DriveStraight.dir/home/dobbs/Documents/development/pico/pico-sdk/src/rp2_common/pico_runtime/runtime.c.obj
                0x0000000010002b38                exit
 .text.__assert_func
                0x0000000010002b40       0x34 CMakeFiles/DriveStraight.dir/home/dobbs/Documents/development/pico/pico-sdk/src/rp2_common/pico_runtime/runtime.c.obj
                0x0000000010002b40                __assert_func
 .text.panic    0x0000000010002b74       0x30 CMakeFiles/DriveStraight.dir/home/dobbs/Documents/development/pico/pico-sdk/src/rp2_common/pico_runtime/runtime.c.obj
                0x0000000010002b74                panic
 .text.hard_assertion_failure
                0x0000000010002ba4        0xc CMakeFiles/DriveStraight.dir/home/dobbs/Documents/development/pico/pico-sdk/src/rp2_common/pico_runtime/runtime.c.obj
                0x0000000010002ba4                hard_assertion_failure
 .text._out_buffer
                0x0000000010002bb0        0x8 CMakeFiles/DriveStraight.dir/home/dobbs/Documents/development/pico/pico-sdk/src/rp2_common/pico_printf/printf.c.obj
 .text._out_null
                0x0000000010002bb8        0x4 CMakeFiles/DriveStraight.dir/home/dobbs/Documents/development/pico/pico-sdk/src/rp2_common/pico_printf/printf.c.obj
 .text._out_rev
                0x0000000010002bbc       0x9c CMakeFiles/DriveStraight.dir/home/dobbs/Documents/development/pico/pico-sdk/src/rp2_common/pico_printf/printf.c.obj
 .text._ntoa_format
                0x0000000010002c58      0x1cc CMakeFiles/DriveStraight.dir/home/dobbs/Documents/development/pico/pico-sdk/src/rp2_common/pico_printf/printf.c.obj
 .text._out_char
                0x0000000010002e24       0x10 CMakeFiles/DriveStraight.dir/home/dobbs/Documents/development/pico/pico-sdk/src/rp2_common/pico_printf/printf.c.obj
 .text._out_fct
                0x0000000010002e34       0x10 CMakeFiles/DriveStraight.dir/home/dobbs/Documents/development/pico/pico-sdk/src/rp2_common/pico_printf/printf.c.obj
 .text._etoa    0x0000000010002e44      0x44c CMakeFiles/DriveStraight.dir/home/dobbs/Documents/development/pico/pico-sdk/src/rp2_common/pico_printf/printf.c.obj
 .text._ftoa    0x0000000010003290      0x398 CMakeFiles/DriveStraight.dir/home/dobbs/Documents/development/pico/pico-sdk/src/rp2_common/pico_printf/printf.c.obj
 .text._vsnprintf
                0x0000000010003628      0xb04 CMakeFiles/DriveStraight.dir/home/dobbs/Documents/development/pico/pico-sdk/src/rp2_common/pico_printf/printf.c.obj
 .text.__wrap_snprintf
                0x000000001000412c       0x28 CMakeFiles/DriveStraight.dir/home/dobbs/Documents/development/pico/pico-sdk/src/rp2_common/pico_printf/printf.c.obj
                0x000000001000412c                __wrap_snprintf
 .text.vfctprintf
                0x0000000010004154       0x20 CMakeFiles/DriveStraight.dir/home/dobbs/Documents/development/pico/pico-sdk/src/rp2_common/pico_printf/printf.c.obj
                0x0000000010004154                vfctprintf
 .text.weak_raw_printf
                0x0000000010004174       0x40 CMakeFiles/DriveStraight.dir/home/dobbs/Documents/development/pico/pico-sdk/src/rp2_common/pico_printf/printf.c.obj
                0x0000000010004174                weak_raw_printf
 .text.weak_raw_vprintf
                0x00000000100041b4       0x30 CMakeFiles/DriveStraight.dir/home/dobbs/Documents/development/pico/pico-sdk/src/rp2_common/pico_printf/printf.c.obj
                0x00000000100041b4                weak_raw_vprintf
 .text          0x00000000100041e4       0x10 CMakeFiles/DriveStraight.dir/home/dobbs/Documents/development/pico/pico-sdk/src/rp2_common/pico_bit_ops/bit_ops_aeabi.S.obj
 .text.ctzsi    0x00000000100041f4        0xc CMakeFiles/DriveStraight.dir/home/dobbs/Documents/development/pico/pico-sdk/src/rp2_common/pico_bit_ops/bit_ops_aeabi.S.obj
                0x00000000100041f4                __wrap___ctzsi2
 .text.rom_func_lookup
                0x0000000010004200       0x10 CMakeFiles/DriveStraight.dir/home/dobbs/Documents/development/pico/pico-sdk/src/rp2_common/pico_bootrom/bootrom.c.obj
                0x0000000010004200                rom_func_lookup
 .text.rom_data_lookup
                0x0000000010004210       0x10 CMakeFiles/DriveStraight.dir/home/dobbs/Documents/development/pico/pico-sdk/src/rp2_common/pico_bootrom/bootrom.c.obj
                0x0000000010004210                rom_data_lookup
 .text.rom_funcs_lookup
                0x0000000010004220       0x44 CMakeFiles/DriveStraight.dir/home/dobbs/Documents/development/pico/pico-sdk/src/rp2_common/pico_bootrom/bootrom.c.obj
                0x0000000010004220                rom_funcs_lookup
 .text.__wrap___aeabi_idiv
                0x0000000010004264       0x50 CMakeFiles/DriveStraight.dir/home/dobbs/Documents/development/pico/pico-sdk/src/rp2_common/pico_divider/divider.S.obj
                0x0000000010004264                __wrap___aeabi_idivmod
                0x0000000010004264                divmod_s32s32
                0x0000000010004264                div_s32s32
                0x0000000010004264                __wrap___aeabi_idiv
                0x000000001000426c                divmod_s32s32_unsafe
                0x0000000010004298                divmod_s32s32_savestate
 .text.__wrap___aeabi_uidiv
                0x00000000100042b4       0x4c CMakeFiles/DriveStraight.dir/home/dobbs/Documents/development/pico/pico-sdk/src/rp2_common/pico_divider/divider.S.obj
                0x00000000100042b4                __wrap___aeabi_uidiv
                0x00000000100042b4                __wrap___aeabi_uidivmod
                0x00000000100042b4                div_u32u32
                0x00000000100042b4                divmod_u32u32
                0x00000000100042bc                divmod_u32u32_unsafe
                0x00000000100042e4                divmod_u32u32_savestate
 .text.__wrap___aeabi_ldiv
                0x0000000010004300      0x424 CMakeFiles/DriveStraight.dir/home/dobbs/Documents/development/pico/pico-sdk/src/rp2_common/pico_divider/divider.S.obj
                0x0000000010004300                div_s64s64
                0x0000000010004300                divmod_s64s64
                0x0000000010004300                __wrap___aeabi_ldivmod
                0x0000000010004330                div_u64u64
                0x0000000010004330                divmod_u64u64
                0x0000000010004330                __wrap___aeabi_uldivmod
                0x0000000010004340                divmod_u64u64_savestate
                0x0000000010004360                divmod_s64s64_unsafe
                0x00000000100043e8                divmod_u64u64_unsafe
 .text.__wrap___aeabi_darithmetic
                0x0000000010004724       0x60 CMakeFiles/DriveStraight.dir/home/dobbs/Documents/development/pico/pico-sdk/src/rp2_common/pico_double/double_aeabi.S.obj
                0x0000000010004724                __wrap___aeabi_drsub
                0x000000001000472a                __wrap___aeabi_dsub
                0x0000000010004734                __wrap___aeabi_dadd
                0x000000001000473e                __wrap___aeabi_ddiv
                0x0000000010004772                __wrap___aeabi_dmul
 .text.__wrap___aeabi_cdcmple
                0x0000000010004784       0x6c CMakeFiles/DriveStraight.dir/home/dobbs/Documents/development/pico/pico-sdk/src/rp2_common/pico_double/double_aeabi.S.obj
                0x0000000010004784                __wrap___aeabi_cdrcmple
                0x0000000010004794                __wrap___aeabi_cdcmple
                0x0000000010004794                __wrap___aeabi_cdcmpeq
 .text.__wrap___aeabi_dcmpeq
                0x00000000100047f0       0x10 CMakeFiles/DriveStraight.dir/home/dobbs/Documents/development/pico/pico-sdk/src/rp2_common/pico_double/double_aeabi.S.obj
                0x00000000100047f0                __wrap___aeabi_dcmpeq
 .text.__wrap___aeabi_dcmplt
                0x0000000010004800        0xc CMakeFiles/DriveStraight.dir/home/dobbs/Documents/development/pico/pico-sdk/src/rp2_common/pico_double/double_aeabi.S.obj
                0x0000000010004800                __wrap___aeabi_dcmplt
 .text.__wrap___aeabi_dcmple
                0x000000001000480c       0x10 CMakeFiles/DriveStraight.dir/home/dobbs/Documents/development/pico/pico-sdk/src/rp2_common/pico_double/double_aeabi.S.obj
                0x000000001000480c                __wrap___aeabi_dcmple
 .text.__wrap___aeabi_dcmpge
                0x000000001000481c       0x10 CMakeFiles/DriveStraight.dir/home/dobbs/Documents/development/pico/pico-sdk/src/rp2_common/pico_double/double_aeabi.S.obj
                0x000000001000481c                __wrap___aeabi_dcmpge
 .text.__wrap___aeabi_dcmpgt
                0x000000001000482c        0xa CMakeFiles/DriveStraight.dir/home/dobbs/Documents/development/pico/pico-sdk/src/rp2_common/pico_double/double_aeabi.S.obj
                0x000000001000482c                __wrap___aeabi_dcmpgt
 .text.__wrap___aeabi_dcmpun
                0x0000000010004836       0x1c CMakeFiles/DriveStraight.dir/home/dobbs/Documents/development/pico/pico-sdk/src/rp2_common/pico_double/double_aeabi.S.obj
                0x0000000010004836                __wrap___aeabi_dcmpun
 *fill*         0x0000000010004852        0x2 
 .text.__wrap___aeabi_i2d
                0x0000000010004854       0x38 CMakeFiles/DriveStraight.dir/home/dobbs/Documents/development/pico/pico-sdk/src/rp2_common/pico_double/double_aeabi.S.obj
                0x0000000010004854                __wrap___aeabi_ui2d
                0x000000001000485c                __wrap___aeabi_i2d
 .text.__wrap___aeabi_d2iz
                0x000000001000488c       0x48 CMakeFiles/DriveStraight.dir/home/dobbs/Documents/development/pico/pico-sdk/src/rp2_common/pico_double/double_aeabi.S.obj
                0x000000001000488c                __wrap___aeabi_d2iz
                0x000000001000488c                double2int_z
 .text.__wrap___aeabi_d2uiz
                0x00000000100048d4       0x10 CMakeFiles/DriveStraight.dir/home/dobbs/Documents/development/pico/pico-sdk/src/rp2_common/pico_double/double_aeabi.S.obj
                0x00000000100048d4                double2uint
                0x00000000100048d4                __wrap___aeabi_d2uiz
 .text.missing_double_func_shim
                0x00000000100048e4        0xc CMakeFiles/DriveStraight.dir/home/dobbs/Documents/development/pico/pico-sdk/src/rp2_common/pico_double/double_init_rom.c.obj
 .text.__aeabi_double_init
                0x00000000100048f0       0x98 CMakeFiles/DriveStraight.dir/home/dobbs/Documents/development/pico/pico-sdk/src/rp2_common/pico_double/double_init_rom.c.obj
                0x00000000100048f0                __aeabi_double_init
 .text.double_table_shim_on_use_helper
                0x0000000010004988       0x2c CMakeFiles/DriveStraight.dir/home/dobbs/Documents/development/pico/pico-sdk/src/rp2_common/pico_double/double_v1_rom_shim.S.obj
                0x0000000010004988                double_table_shim_on_use_helper
 .text.__aeabi_lmul
                0x00000000100049b4       0x32 CMakeFiles/DriveStraight.dir/home/dobbs/Documents/development/pico/pico-sdk/src/rp2_common/pico_int64_ops/pico_int64_ops_aeabi.S.obj
                0x00000000100049b4                __wrap___aeabi_lmul
 *fill*         0x00000000100049e6        0x2 
 .text.__wrap___aeabi_farithmetic
                0x00000000100049e8       0x48 CMakeFiles/DriveStraight.dir/home/dobbs/Documents/development/pico/pico-sdk/src/rp2_common/pico_float/float_aeabi.S.obj
                0x00000000100049e8                __wrap___aeabi_frsub
                0x00000000100049ee                __wrap___aeabi_fsub
                0x00000000100049f4                __wrap___aeabi_fadd
                0x00000000100049fa                __wrap___aeabi_fdiv
                0x0000000010004a22                __wrap___aeabi_fmul
 .text.__wrap___aeabi_cfcmple
                0x0000000010004a30       0x50 CMakeFiles/DriveStraight.dir/home/dobbs/Documents/development/pico/pico-sdk/src/rp2_common/pico_float/float_aeabi.S.obj
                0x0000000010004a30                __wrap___aeabi_cfrcmple
                0x0000000010004a3c                __wrap___aeabi_cfcmpeq
                0x0000000010004a3c                __wrap___aeabi_cfcmple
 .text.__wrap___aeabi_fcmpge
                0x0000000010004a80       0x10 CMakeFiles/DriveStraight.dir/home/dobbs/Documents/development/pico/pico-sdk/src/rp2_common/pico_float/float_aeabi.S.obj
                0x0000000010004a80                __wrap___aeabi_fcmpge
 .text.__wrap___aeabi_ui2f
                0x0000000010004a90        0xa CMakeFiles/DriveStraight.dir/home/dobbs/Documents/development/pico/pico-sdk/src/rp2_common/pico_float/float_aeabi.S.obj
                0x0000000010004a90                __wrap___aeabi_ui2f
 *fill*         0x0000000010004a9a        0x2 
 .text.__wrap___aeabi_i2f
                0x0000000010004a9c       0x44 CMakeFiles/DriveStraight.dir/home/dobbs/Documents/development/pico/pico-sdk/src/rp2_common/pico_float/float_aeabi.S.obj
                0x0000000010004a9c                __wrap___aeabi_i2f
 .text.missing_float_func_shim
                0x0000000010004ae0        0xc CMakeFiles/DriveStraight.dir/home/dobbs/Documents/development/pico/pico-sdk/src/rp2_common/pico_float/float_init_rom.c.obj
 .text.__aeabi_float_init
                0x0000000010004aec       0x5c CMakeFiles/DriveStraight.dir/home/dobbs/Documents/development/pico/pico-sdk/src/rp2_common/pico_float/float_init_rom.c.obj
                0x0000000010004aec                __aeabi_float_init
 .text.__wrap_malloc
                0x0000000010004b48       0x3c CMakeFiles/DriveStraight.dir/home/dobbs/Documents/development/pico/pico-sdk/src/rp2_common/pico_malloc/pico_malloc.c.obj
                0x0000000010004b48                __wrap_malloc
 .text.__wrap_calloc
                0x0000000010004b84       0x40 CMakeFiles/DriveStraight.dir/home/dobbs/Documents/development/pico/pico-sdk/src/rp2_common/pico_malloc/pico_malloc.c.obj
                0x0000000010004b84                __wrap_calloc
 .text.__wrap_realloc
                0x0000000010004bc4       0x40 CMakeFiles/DriveStraight.dir/home/dobbs/Documents/development/pico/pico-sdk/src/rp2_common/pico_malloc/pico_malloc.c.obj
                0x0000000010004bc4                __wrap_realloc
 .text.__wrap_free
                0x0000000010004c04       0x20 CMakeFiles/DriveStraight.dir/home/dobbs/Documents/development/pico/pico-sdk/src/rp2_common/pico_malloc/pico_malloc.c.obj
                0x0000000010004c04                __wrap_free
 .text          0x0000000010004c24       0x10 CMakeFiles/DriveStraight.dir/home/dobbs/Documents/development/pico/pico-sdk/src/rp2_common/pico_mem_ops/mem_ops_aeabi.S.obj
                0x0000000010004c24                __aeabi_mem_init
 .text.memset   0x0000000010004c34        0xc CMakeFiles/DriveStraight.dir/home/dobbs/Documents/development/pico/pico-sdk/src/rp2_common/pico_mem_ops/mem_ops_aeabi.S.obj
                0x0000000010004c34                __wrap_memset
 .text.memcpy   0x0000000010004c40        0xc CMakeFiles/DriveStraight.dir/home/dobbs/Documents/development/pico/pico-sdk/src/rp2_common/pico_mem_ops/mem_ops_aeabi.S.obj
                0x0000000010004c40                __wrap___aeabi_memcpy
                0x0000000010004c40                __wrap_memcpy
 .text.stdio_out_chars_no_crlf
                0x0000000010004c4c       0x10 CMakeFiles/DriveStraight.dir/home/dobbs/Documents/development/pico/pico-sdk/src/rp2_common/pico_stdio/stdio.c.obj
 .text.stdio_out_chars_crlf
                0x0000000010004c5c       0xb4 CMakeFiles/DriveStraight.dir/home/dobbs/Documents/development/pico/pico-sdk/src/rp2_common/pico_stdio/stdio.c.obj
 .text.stdio_buffered_printer
                0x0000000010004d10       0x64 CMakeFiles/DriveStraight.dir/home/dobbs/Documents/development/pico/pico-sdk/src/rp2_common/pico_stdio/stdio.c.obj
 .text.stdio_put_string.isra.0
                0x0000000010004d74       0xfc CMakeFiles/DriveStraight.dir/home/dobbs/Documents/development/pico/pico-sdk/src/rp2_common/pico_stdio/stdio.c.obj
 .text.__wrap_putchar
                0x0000000010004e70       0x98 CMakeFiles/DriveStraight.dir/home/dobbs/Documents/development/pico/pico-sdk/src/rp2_common/pico_stdio/stdio.c.obj
                0x0000000010004e70                __wrap_putchar
 .text.__wrap_puts
                0x0000000010004f08       0x3c CMakeFiles/DriveStraight.dir/home/dobbs/Documents/development/pico/pico-sdk/src/rp2_common/pico_stdio/stdio.c.obj
                0x0000000010004f08                __wrap_puts
 .text._read    0x0000000010004f44       0x94 CMakeFiles/DriveStraight.dir/home/dobbs/Documents/development/pico/pico-sdk/src/rp2_common/pico_stdio/stdio.c.obj
                0x0000000010004f44                _read
 .text._write   0x0000000010004fd8       0xac CMakeFiles/DriveStraight.dir/home/dobbs/Documents/development/pico/pico-sdk/src/rp2_common/pico_stdio/stdio.c.obj
                0x0000000010004fd8                _write
 .text._close   0x0000000010005084        0x8 CMakeFiles/DriveStraight.dir/home/dobbs/Documents/development/pico/pico-sdk/src/rp2_common/pico_stdio/stdio.c.obj
                0x0000000010005084                _close
 .text._lseek   0x000000001000508c        0x8 CMakeFiles/DriveStraight.dir/home/dobbs/Documents/development/pico/pico-sdk/src/rp2_common/pico_stdio/stdio.c.obj
                0x000000001000508c                _lseek
 .text._fstat   0x0000000010005094        0x8 CMakeFiles/DriveStraight.dir/home/dobbs/Documents/development/pico/pico-sdk/src/rp2_common/pico_stdio/stdio.c.obj
                0x0000000010005094                _fstat
 .text._isatty  0x000000001000509c        0xc CMakeFiles/DriveStraight.dir/home/dobbs/Documents/development/pico/pico-sdk/src/rp2_common/pico_stdio/stdio.c.obj
                0x000000001000509c                _isatty
 .text.stdio_set_driver_enabled
                0x00000000100050a8       0x30 CMakeFiles/DriveStraight.dir/home/dobbs/Documents/development/pico/pico-sdk/src/rp2_common/pico_stdio/stdio.c.obj
                0x00000000100050a8                stdio_set_driver_enabled
 .text.__wrap_vprintf
                0x00000000100050d8       0xd8 CMakeFiles/DriveStraight.dir/home/dobbs/Documents/development/pico/pico-sdk/src/rp2_common/pico_stdio/stdio.c.obj
                0x00000000100050d8                __wrap_vprintf
 .text.__wrap_printf
                0x00000000100051b0       0x18 CMakeFiles/DriveStraight.dir/home/dobbs/Documents/development/pico/pico-sdk/src/rp2_common/pico_stdio/stdio.c.obj
                0x00000000100051b0                __wrap_printf
 .text.stdio_init_all
                0x00000000100051c8       0x10 CMakeFiles/DriveStraight.dir/home/dobbs/Documents/development/pico/pico-sdk/src/rp2_common/pico_stdio/stdio.c.obj
                0x00000000100051c8                stdio_init_all
 .text.stdio_uart_init
                0x00000000100051d8        0x4 CMakeFiles/DriveStraight.dir/home/dobbs/Documents/development/pico/pico-sdk/src/rp2_common/pico_stdio_uart/stdio_uart.c.obj
                0x00000000100051d8                stdio_uart_init
 .text.resetd_init
                0x00000000100051dc        0x4 CMakeFiles/DriveStraight.dir/home/dobbs/Documents/development/pico/pico-sdk/src/rp2_common/pico_stdio_usb/reset_interface.c.obj
 .text.resetd_reset
                0x00000000100051e0        0xc CMakeFiles/DriveStraight.dir/home/dobbs/Documents/development/pico/pico-sdk/src/rp2_common/pico_stdio_usb/reset_interface.c.obj
 .text.resetd_open
                0x00000000100051ec       0x28 CMakeFiles/DriveStraight.dir/home/dobbs/Documents/development/pico/pico-sdk/src/rp2_common/pico_stdio_usb/reset_interface.c.obj
 .text.resetd_xfer_cb
                0x0000000010005214        0x4 CMakeFiles/DriveStraight.dir/home/dobbs/Documents/development/pico/pico-sdk/src/rp2_common/pico_stdio_usb/reset_interface.c.obj
 .text.resetd_control_xfer_cb
                0x0000000010005218       0x64 CMakeFiles/DriveStraight.dir/home/dobbs/Documents/development/pico/pico-sdk/src/rp2_common/pico_stdio_usb/reset_interface.c.obj
 .text.usbd_app_driver_get_cb
                0x000000001000527c        0xc CMakeFiles/DriveStraight.dir/home/dobbs/Documents/development/pico/pico-sdk/src/rp2_common/pico_stdio_usb/reset_interface.c.obj
                0x000000001000527c                usbd_app_driver_get_cb
 .text.tud_cdc_line_coding_cb
                0x0000000010005288       0x34 CMakeFiles/DriveStraight.dir/home/dobbs/Documents/development/pico/pico-sdk/src/rp2_common/pico_stdio_usb/reset_interface.c.obj
                0x0000000010005288                tud_cdc_line_coding_cb
 .text.stdio_usb_set_chars_available_callback
                0x00000000100052bc       0x14 CMakeFiles/DriveStraight.dir/home/dobbs/Documents/development/pico/pico-sdk/src/rp2_common/pico_stdio_usb/stdio_usb.c.obj
                0x00000000100052bc                stdio_usb_set_chars_available_callback
 .text.usb_irq  0x00000000100052d0       0x10 CMakeFiles/DriveStraight.dir/home/dobbs/Documents/development/pico/pico-sdk/src/rp2_common/pico_stdio_usb/stdio_usb.c.obj
 .text.timer_task
                0x00000000100052e0       0x54 CMakeFiles/DriveStraight.dir/home/dobbs/Documents/development/pico/pico-sdk/src/rp2_common/pico_stdio_usb/stdio_usb.c.obj
 .text.stdio_usb_in_chars
                0x0000000010005334       0x90 CMakeFiles/DriveStraight.dir/home/dobbs/Documents/development/pico/pico-sdk/src/rp2_common/pico_stdio_usb/stdio_usb.c.obj
                0x0000000010005334                stdio_usb_in_chars
 .text.stdio_usb_out_chars
                0x00000000100053c4      0x100 CMakeFiles/DriveStraight.dir/home/dobbs/Documents/development/pico/pico-sdk/src/rp2_common/pico_stdio_usb/stdio_usb.c.obj
 .text.low_priority_worker_irq
                0x00000000100054c4       0xa8 CMakeFiles/DriveStraight.dir/home/dobbs/Documents/development/pico/pico-sdk/src/rp2_common/pico_stdio_usb/stdio_usb.c.obj
 .text.tud_cdc_rx_cb
                0x000000001000556c       0x20 CMakeFiles/DriveStraight.dir/home/dobbs/Documents/development/pico/pico-sdk/src/rp2_common/pico_stdio_usb/stdio_usb.c.obj
                0x000000001000556c                tud_cdc_rx_cb
 .text.stdio_usb_init
                0x000000001000558c       0xdc CMakeFiles/DriveStraight.dir/home/dobbs/Documents/development/pico/pico-sdk/src/rp2_common/pico_stdio_usb/stdio_usb.c.obj
                0x000000001000558c                stdio_usb_init
 .text.tud_descriptor_device_cb
                0x0000000010005668        0x8 CMakeFiles/DriveStraight.dir/home/dobbs/Documents/development/pico/pico-sdk/src/rp2_common/pico_stdio_usb/stdio_usb_descriptors.c.obj
                0x0000000010005668                tud_descriptor_device_cb
 .text.tud_descriptor_configuration_cb
                0x0000000010005670        0x8 CMakeFiles/DriveStraight.dir/home/dobbs/Documents/development/pico/pico-sdk/src/rp2_common/pico_stdio_usb/stdio_usb_descriptors.c.obj
                0x0000000010005670                tud_descriptor_configuration_cb
 .text.tud_descriptor_string_cb
                0x0000000010005678       0x74 CMakeFiles/DriveStraight.dir/home/dobbs/Documents/development/pico/pico-sdk/src/rp2_common/pico_stdio_usb/stdio_usb_descriptors.c.obj
                0x0000000010005678                tud_descriptor_string_cb
 .text.startup._retrieve_unique_id_on_boot
                0x00000000100056ec       0x10 CMakeFiles/DriveStraight.dir/home/dobbs/Documents/development/pico/pico-sdk/src/rp2_common/pico_unique_id/unique_id.c.obj
 .text.pico_get_unique_board_id_string
                0x00000000100056fc      0x1a8 CMakeFiles/DriveStraight.dir/home/dobbs/Documents/development/pico/pico-sdk/src/rp2_common/pico_unique_id/unique_id.c.obj
                0x00000000100056fc                pico_get_unique_board_id_string
 .text.flash_get_unique_id
                0x00000000100058a4       0x40 CMakeFiles/DriveStraight.dir/home/dobbs/Documents/development/pico/pico-sdk/src/rp2_common/hardware_flash/flash.c.obj
                0x00000000100058a4                flash_get_unique_id
 .text.dcd_int_enable
                0x00000000100058e4        0xc CMakeFiles/DriveStraight.dir/home/dobbs/Documents/development/pico/pico-sdk/lib/tinyusb/src/portable/raspberrypi/rp2040/dcd_rp2040.c.obj
                0x00000000100058e4                dcd_int_enable
 .text.dcd_set_address
                0x00000000100058f0       0x14 CMakeFiles/DriveStraight.dir/home/dobbs/Documents/development/pico/pico-sdk/lib/tinyusb/src/portable/raspberrypi/rp2040/dcd_rp2040.c.obj
                0x00000000100058f0                dcd_set_address
 .text.dcd_connect
                0x0000000010005904       0x10 CMakeFiles/DriveStraight.dir/home/dobbs/Documents/development/pico/pico-sdk/lib/tinyusb/src/portable/raspberrypi/rp2040/dcd_rp2040.c.obj
                0x0000000010005904                dcd_connect
 .text.dcd_init
                0x0000000010005914       0x98 CMakeFiles/DriveStraight.dir/home/dobbs/Documents/development/pico/pico-sdk/lib/tinyusb/src/portable/raspberrypi/rp2040/dcd_rp2040.c.obj
                0x0000000010005914                dcd_init
 .text.dcd_edpt0_status_complete
                0x00000000100059ac       0x1c CMakeFiles/DriveStraight.dir/home/dobbs/Documents/development/pico/pico-sdk/lib/tinyusb/src/portable/raspberrypi/rp2040/dcd_rp2040.c.obj
                0x00000000100059ac                dcd_edpt0_status_complete
 .text.dcd_edpt_open
                0x00000000100059c8      0x108 CMakeFiles/DriveStraight.dir/home/dobbs/Documents/development/pico/pico-sdk/lib/tinyusb/src/portable/raspberrypi/rp2040/dcd_rp2040.c.obj
                0x00000000100059c8                dcd_edpt_open
 .text.dcd_edpt_close_all
                0x0000000010005ad0        0x8 CMakeFiles/DriveStraight.dir/home/dobbs/Documents/development/pico/pico-sdk/lib/tinyusb/src/portable/raspberrypi/rp2040/dcd_rp2040.c.obj
                0x0000000010005ad0                dcd_edpt_close_all
 .text.dcd_edpt_xfer
                0x0000000010005ad8       0x24 CMakeFiles/DriveStraight.dir/home/dobbs/Documents/development/pico/pico-sdk/lib/tinyusb/src/portable/raspberrypi/rp2040/dcd_rp2040.c.obj
                0x0000000010005ad8                dcd_edpt_xfer
 .text.dcd_edpt_stall
                0x0000000010005afc       0x38 CMakeFiles/DriveStraight.dir/home/dobbs/Documents/development/pico/pico-sdk/lib/tinyusb/src/portable/raspberrypi/rp2040/dcd_rp2040.c.obj
                0x0000000010005afc                dcd_edpt_stall
 .text.dcd_edpt_clear_stall
                0x0000000010005b34       0x30 CMakeFiles/DriveStraight.dir/home/dobbs/Documents/development/pico/pico-sdk/lib/tinyusb/src/portable/raspberrypi/rp2040/dcd_rp2040.c.obj
                0x0000000010005b34                dcd_edpt_clear_stall
 .text.rp2040_usb_init
                0x0000000010005b64       0x4c CMakeFiles/DriveStraight.dir/home/dobbs/Documents/development/pico/pico-sdk/lib/tinyusb/src/portable/raspberrypi/rp2040/rp2040_usb.c.obj
                0x0000000010005b64                rp2040_usb_init
 .text.hw_endpoint_xfer_start
                0x0000000010005bb0       0x50 CMakeFiles/DriveStraight.dir/home/dobbs/Documents/development/pico/pico-sdk/lib/tinyusb/src/portable/raspberrypi/rp2040/rp2040_usb.c.obj
                0x0000000010005bb0                hw_endpoint_xfer_start
 .text.tud_mounted
                0x0000000010005c00       0x10 CMakeFiles/DriveStraight.dir/home/dobbs/Documents/development/pico/pico-sdk/lib/tinyusb/src/device/usbd.c.obj
                0x0000000010005c00                tud_mounted
 .text.tud_suspended
                0x0000000010005c10       0x10 CMakeFiles/DriveStraight.dir/home/dobbs/Documents/development/pico/pico-sdk/lib/tinyusb/src/device/usbd.c.obj
                0x0000000010005c10                tud_suspended
 .text.tud_inited
                0x0000000010005c20       0x14 CMakeFiles/DriveStraight.dir/home/dobbs/Documents/development/pico/pico-sdk/lib/tinyusb/src/device/usbd.c.obj
                0x0000000010005c20                tud_inited
 .text.tud_init
                0x0000000010005c34       0xe4 CMakeFiles/DriveStraight.dir/home/dobbs/Documents/development/pico/pico-sdk/lib/tinyusb/src/device/usbd.c.obj
                0x0000000010005c34                tud_init
 .text.tud_task_ext
                0x0000000010005d18      0x854 CMakeFiles/DriveStraight.dir/home/dobbs/Documents/development/pico/pico-sdk/lib/tinyusb/src/device/usbd.c.obj
                0x0000000010005d18                tud_task_ext
 .text.usbd_open_edpt_pair
                0x000000001000656c       0x9c CMakeFiles/DriveStraight.dir/home/dobbs/Documents/development/pico/pico-sdk/lib/tinyusb/src/device/usbd.c.obj
                0x000000001000656c                usbd_open_edpt_pair
 .text.usbd_defer_func
                0x0000000010006608       0x48 CMakeFiles/DriveStraight.dir/home/dobbs/Documents/development/pico/pico-sdk/lib/tinyusb/src/device/usbd.c.obj
                0x0000000010006608                usbd_defer_func
 .text.usbd_edpt_open
                0x0000000010006650       0x34 CMakeFiles/DriveStraight.dir/home/dobbs/Documents/development/pico/pico-sdk/lib/tinyusb/src/device/usbd.c.obj
                0x0000000010006650                usbd_edpt_open
 .text.usbd_edpt_claim
                0x0000000010006684       0x28 CMakeFiles/DriveStraight.dir/home/dobbs/Documents/development/pico/pico-sdk/lib/tinyusb/src/device/usbd.c.obj
                0x0000000010006684                usbd_edpt_claim
 .text.usbd_edpt_release
                0x00000000100066ac       0x28 CMakeFiles/DriveStraight.dir/home/dobbs/Documents/development/pico/pico-sdk/lib/tinyusb/src/device/usbd.c.obj
                0x00000000100066ac                usbd_edpt_release
 .text.usbd_edpt_xfer
                0x00000000100066d4       0x4c CMakeFiles/DriveStraight.dir/home/dobbs/Documents/development/pico/pico-sdk/lib/tinyusb/src/device/usbd.c.obj
                0x00000000100066d4                usbd_edpt_xfer
 .text.tud_control_status
                0x0000000010006720       0x30 CMakeFiles/DriveStraight.dir/home/dobbs/Documents/development/pico/pico-sdk/lib/tinyusb/src/device/usbd_control.c.obj
                0x0000000010006720                tud_control_status
 .text.tud_control_xfer
                0x0000000010006750       0xbc CMakeFiles/DriveStraight.dir/home/dobbs/Documents/development/pico/pico-sdk/lib/tinyusb/src/device/usbd_control.c.obj
                0x0000000010006750                tud_control_xfer
 .text.usbd_control_reset
                0x000000001000680c       0x14 CMakeFiles/DriveStraight.dir/home/dobbs/Documents/development/pico/pico-sdk/lib/tinyusb/src/device/usbd_control.c.obj
                0x000000001000680c                usbd_control_reset
 .text.usbd_control_set_complete_callback
                0x0000000010006820        0xc CMakeFiles/DriveStraight.dir/home/dobbs/Documents/development/pico/pico-sdk/lib/tinyusb/src/device/usbd_control.c.obj
                0x0000000010006820                usbd_control_set_complete_callback
 .text.usbd_control_set_request
                0x000000001000682c       0x1c CMakeFiles/DriveStraight.dir/home/dobbs/Documents/development/pico/pico-sdk/lib/tinyusb/src/device/usbd_control.c.obj
                0x000000001000682c                usbd_control_set_request
 .text.usbd_control_xfer_cb
                0x0000000010006848       0xfc CMakeFiles/DriveStraight.dir/home/dobbs/Documents/development/pico/pico-sdk/lib/tinyusb/src/device/usbd_control.c.obj
                0x0000000010006848                usbd_control_xfer_cb
 .text.tud_cdc_n_connected
                0x0000000010006944       0x30 CMakeFiles/DriveStraight.dir/home/dobbs/Documents/development/pico/pico-sdk/lib/tinyusb/src/class/cdc/cdc_device.c.obj
                0x0000000010006944                tud_cdc_n_connected
 .text.tud_cdc_n_available
                0x0000000010006974       0x18 CMakeFiles/DriveStraight.dir/home/dobbs/Documents/development/pico/pico-sdk/lib/tinyusb/src/class/cdc/cdc_device.c.obj
                0x0000000010006974                tud_cdc_n_available
 .text.tud_cdc_n_read
                0x000000001000698c       0x70 CMakeFiles/DriveStraight.dir/home/dobbs/Documents/development/pico/pico-sdk/lib/tinyusb/src/class/cdc/cdc_device.c.obj
                0x000000001000698c                tud_cdc_n_read
 .text.tud_cdc_n_write_flush
                0x00000000100069fc       0x78 CMakeFiles/DriveStraight.dir/home/dobbs/Documents/development/pico/pico-sdk/lib/tinyusb/src/class/cdc/cdc_device.c.obj
                0x00000000100069fc                tud_cdc_n_write_flush
 .text.tud_cdc_n_write
                0x0000000010006a74       0x34 CMakeFiles/DriveStraight.dir/home/dobbs/Documents/development/pico/pico-sdk/lib/tinyusb/src/class/cdc/cdc_device.c.obj
                0x0000000010006a74                tud_cdc_n_write
 .text.tud_cdc_n_write_available
                0x0000000010006aa8       0x18 CMakeFiles/DriveStraight.dir/home/dobbs/Documents/development/pico/pico-sdk/lib/tinyusb/src/class/cdc/cdc_device.c.obj
                0x0000000010006aa8                tud_cdc_n_write_available
 .text.cdcd_init
                0x0000000010006ac0       0x7c CMakeFiles/DriveStraight.dir/home/dobbs/Documents/development/pico/pico-sdk/lib/tinyusb/src/class/cdc/cdc_device.c.obj
                0x0000000010006ac0                cdcd_init
 .text.cdcd_reset
                0x0000000010006b3c       0x2c CMakeFiles/DriveStraight.dir/home/dobbs/Documents/development/pico/pico-sdk/lib/tinyusb/src/class/cdc/cdc_device.c.obj
                0x0000000010006b3c                cdcd_reset
 .text.cdcd_open
                0x0000000010006b68       0xe8 CMakeFiles/DriveStraight.dir/home/dobbs/Documents/development/pico/pico-sdk/lib/tinyusb/src/class/cdc/cdc_device.c.obj
                0x0000000010006b68                cdcd_open
 .text.cdcd_control_xfer_cb
                0x0000000010006c50       0xe4 CMakeFiles/DriveStraight.dir/home/dobbs/Documents/development/pico/pico-sdk/lib/tinyusb/src/class/cdc/cdc_device.c.obj
                0x0000000010006c50                cdcd_control_xfer_cb
 .text.cdcd_xfer_cb
                0x0000000010006d34      0x148 CMakeFiles/DriveStraight.dir/home/dobbs/Documents/development/pico/pico-sdk/lib/tinyusb/src/class/cdc/cdc_device.c.obj
                0x0000000010006d34                cdcd_xfer_cb
 .text.tusb_init
                0x0000000010006e7c        0xc CMakeFiles/DriveStraight.dir/home/dobbs/Documents/development/pico/pico-sdk/lib/tinyusb/src/tusb.c.obj
                0x0000000010006e7c                tusb_init
 .text.tusb_inited
                0x0000000010006e88        0x8 CMakeFiles/DriveStraight.dir/home/dobbs/Documents/development/pico/pico-sdk/lib/tinyusb/src/tusb.c.obj
                0x0000000010006e88                tusb_inited
 .text.tu_edpt_claim
                0x0000000010006e90       0x50 CMakeFiles/DriveStraight.dir/home/dobbs/Documents/development/pico/pico-sdk/lib/tinyusb/src/tusb.c.obj
                0x0000000010006e90                tu_edpt_claim
 .text.tu_edpt_release
                0x0000000010006ee0       0x38 CMakeFiles/DriveStraight.dir/home/dobbs/Documents/development/pico/pico-sdk/lib/tinyusb/src/tusb.c.obj
                0x0000000010006ee0                tu_edpt_release
 .text.tu_edpt_validate
                0x0000000010006f18       0x78 CMakeFiles/DriveStraight.dir/home/dobbs/Documents/development/pico/pico-sdk/lib/tinyusb/src/tusb.c.obj
                0x0000000010006f18                tu_edpt_validate
 .text.tu_edpt_bind_driver
                0x0000000010006f90       0x34 CMakeFiles/DriveStraight.dir/home/dobbs/Documents/development/pico/pico-sdk/lib/tinyusb/src/tusb.c.obj
                0x0000000010006f90                tu_edpt_bind_driver
 .text.tu_fifo_config
                0x0000000010006fc4       0x70 CMakeFiles/DriveStraight.dir/home/dobbs/Documents/development/pico/pico-sdk/lib/tinyusb/src/common/tusb_fifo.c.obj
                0x0000000010006fc4                tu_fifo_config
 .text.tu_fifo_count
                0x0000000010007034       0x2c CMakeFiles/DriveStraight.dir/home/dobbs/Documents/development/pico/pico-sdk/lib/tinyusb/src/common/tusb_fifo.c.obj
                0x0000000010007034                tu_fifo_count
 .text.tu_fifo_empty
                0x0000000010007060       0x10 CMakeFiles/DriveStraight.dir/home/dobbs/Documents/development/pico/pico-sdk/lib/tinyusb/src/common/tusb_fifo.c.obj
                0x0000000010007060                tu_fifo_empty
 .text.tu_fifo_remaining
                0x0000000010007070       0x2c CMakeFiles/DriveStraight.dir/home/dobbs/Documents/development/pico/pico-sdk/lib/tinyusb/src/common/tusb_fifo.c.obj
                0x0000000010007070                tu_fifo_remaining
 .text.tu_fifo_read
                0x000000001000709c       0xa0 CMakeFiles/DriveStraight.dir/home/dobbs/Documents/development/pico/pico-sdk/lib/tinyusb/src/common/tusb_fifo.c.obj
                0x000000001000709c                tu_fifo_read
 .text.tu_fifo_read_n
                0x000000001000713c       0xec CMakeFiles/DriveStraight.dir/home/dobbs/Documents/development/pico/pico-sdk/lib/tinyusb/src/common/tusb_fifo.c.obj
                0x000000001000713c                tu_fifo_read_n
 .text.tu_fifo_write
                0x0000000010007228       0x88 CMakeFiles/DriveStraight.dir/home/dobbs/Documents/development/pico/pico-sdk/lib/tinyusb/src/common/tusb_fifo.c.obj
                0x0000000010007228                tu_fifo_write
 .text.tu_fifo_write_n
                0x00000000100072b0      0x168 CMakeFiles/DriveStraight.dir/home/dobbs/Documents/development/pico/pico-sdk/lib/tinyusb/src/common/tusb_fifo.c.obj
                0x00000000100072b0                tu_fifo_write_n
 .text.tu_fifo_clear
                0x0000000010007418       0x40 CMakeFiles/DriveStraight.dir/home/dobbs/Documents/development/pico/pico-sdk/lib/tinyusb/src/common/tusb_fifo.c.obj
                0x0000000010007418                tu_fifo_clear
 .text.tu_fifo_set_overwritable
                0x0000000010007458       0x48 CMakeFiles/DriveStraight.dir/home/dobbs/Documents/development/pico/pico-sdk/lib/tinyusb/src/common/tusb_fifo.c.obj
                0x0000000010007458                tu_fifo_set_overwritable
 .text.pio_claim_unused_sm
                0x00000000100074a0       0x3c CMakeFiles/DriveStraight.dir/home/dobbs/Documents/development/pico/pico-sdk/src/rp2_common/hardware_pio/pio.c.obj
                0x00000000100074a0                pio_claim_unused_sm
 .text.pio_add_program
                0x00000000100074dc       0xc8 CMakeFiles/DriveStraight.dir/home/dobbs/Documents/development/pico/pico-sdk/src/rp2_common/hardware_pio/pio.c.obj
                0x00000000100074dc                pio_add_program
 .text.pio_sm_set_pins_with_mask
                0x00000000100075a4       0xa4 CMakeFiles/DriveStraight.dir/home/dobbs/Documents/development/pico/pico-sdk/src/rp2_common/hardware_pio/pio.c.obj
                0x00000000100075a4                pio_sm_set_pins_with_mask
 .text.pio_sm_set_pindirs_with_mask
                0x0000000010007648       0xa4 CMakeFiles/DriveStraight.dir/home/dobbs/Documents/development/pico/pico-sdk/src/rp2_common/hardware_pio/pio.c.obj
                0x0000000010007648                pio_sm_set_pindirs_with_mask
 .text.pio_sm_init
                0x00000000100076ec       0x8c CMakeFiles/DriveStraight.dir/home/dobbs/Documents/development/pico/pico-sdk/src/rp2_common/hardware_pio/pio.c.obj
                0x00000000100076ec                pio_sm_init
 .text.spi_init
                0x0000000010007778      0x138 CMakeFiles/DriveStraight.dir/home/dobbs/Documents/development/pico/pico-sdk/src/rp2_common/hardware_spi/spi.c.obj
                0x0000000010007778                spi_init
 .text.lf_tag_compare
                0x00000000100078b0       0x38 core/libcore.a(tag.c.obj)
                0x00000000100078b0                lf_tag_compare
 .text.lf_time_logical
                0x00000000100078e8        0x8 core/libcore.a(tag.c.obj)
                0x00000000100078e8                lf_time_logical
 .text.lf_time_logical_elapsed
                0x00000000100078f0       0x14 core/libcore.a(tag.c.obj)
                0x00000000100078f0                lf_time_logical_elapsed
 .text.lf_time_physical
                0x0000000010007904       0x60 core/libcore.a(tag.c.obj)
                0x0000000010007904                lf_time_physical
 .text.lf_time_physical_elapsed
                0x0000000010007964       0x6c core/libcore.a(tag.c.obj)
                0x0000000010007964                lf_time_physical_elapsed
 .text.lf_comma_separated_time
                0x00000000100079d0      0x274 core/libcore.a(tag.c.obj)
                0x00000000100079d0                lf_comma_separated_time
 .text._lf_allocate
                0x0000000010007c44       0x3c core/libcore.a(reactor_common.c.obj)
                0x0000000010007c44                _lf_allocate
 .text._lf_new_reactor
                0x0000000010007c80       0x40 core/libcore.a(reactor_common.c.obj)
                0x0000000010007c80                _lf_new_reactor
 .text._lf_set_stop_tag
                0x0000000010007cc0       0x3c core/libcore.a(reactor_common.c.obj)
                0x0000000010007cc0                _lf_set_stop_tag
 .text._lf_start_time_step
                0x0000000010007cfc       0x68 core/libcore.a(reactor_common.c.obj)
                0x0000000010007cfc                _lf_start_time_step
 .text._lf_is_tag_after_stop_tag
                0x0000000010007d64       0x30 core/libcore.a(reactor_common.c.obj)
                0x0000000010007d64                _lf_is_tag_after_stop_tag
 .text._lf_initialize_timer
                0x0000000010007d94       0x88 core/libcore.a(reactor_common.c.obj)
                0x0000000010007d94                _lf_initialize_timer
 .text._lf_initialize_timers
                0x0000000010007e1c       0x30 core/libcore.a(reactor_common.c.obj)
                0x0000000010007e1c                _lf_initialize_timers
 .text._lf_trigger_startup_reactions
                0x0000000010007e4c       0x38 core/libcore.a(reactor_common.c.obj)
                0x0000000010007e4c                _lf_trigger_startup_reactions
 .text._lf_trigger_shutdown_reactions
                0x0000000010007e84       0x38 core/libcore.a(reactor_common.c.obj)
                0x0000000010007e84                _lf_trigger_shutdown_reactions
 .text._lf_schedule
                0x0000000010007ebc      0x2c4 core/libcore.a(reactor_common.c.obj)
                0x0000000010007ebc                _lf_schedule
 .text._lf_pop_events
                0x0000000010008180      0x118 core/libcore.a(reactor_common.c.obj)
                0x0000000010008180                _lf_pop_events
 .text._lf_advance_logical_time
                0x0000000010008298       0x38 core/libcore.a(reactor_common.c.obj)
                0x0000000010008298                _lf_advance_logical_time
 .text._lf_invoke_reaction
                0x00000000100082d0       0x14 core/libcore.a(reactor_common.c.obj)
                0x00000000100082d0                _lf_invoke_reaction
 .text.schedule_output_reactions
                0x00000000100082e4      0x150 core/libcore.a(reactor_common.c.obj)
                0x00000000100082e4                schedule_output_reactions
 .text.usage    0x0000000010008434       0xb0 core/libcore.a(reactor_common.c.obj)
                0x0000000010008434                usage
 .text.process_args
                0x00000000100084e4      0x414 core/libcore.a(reactor_common.c.obj)
                0x00000000100084e4                process_args
 .text.initialize_global
                0x00000000100088f8       0x24 core/libcore.a(reactor_common.c.obj)
                0x00000000100088f8                initialize_global
 .text.termination
                0x000000001000891c      0x194 core/libcore.a(reactor_common.c.obj)
                0x000000001000891c                termination
 .text._lf_free_token.part.0
                0x0000000010008ab0       0xcc core/libcore.a(lf_token.c.obj)
 .text._lf_new_token
                0x0000000010008b7c       0xb4 core/libcore.a(lf_token.c.obj)
                0x0000000010008b7c                _lf_new_token
 .text._lf_initialize_token_with_value
                0x0000000010008c30       0x80 core/libcore.a(lf_token.c.obj)
                0x0000000010008c30                _lf_initialize_token_with_value
 .text._lf_free_all_tokens
                0x0000000010008cb0       0xe0 core/libcore.a(lf_token.c.obj)
                0x0000000010008cb0                _lf_free_all_tokens
 .text._lf_replace_template_token
                0x0000000010008d90       0x44 core/libcore.a(lf_token.c.obj)
                0x0000000010008d90                _lf_replace_template_token
 .text._lf_done_using
                0x0000000010008dd4       0x2c core/libcore.a(lf_token.c.obj)
                0x0000000010008dd4                _lf_done_using
 .text._lf_free_token_copies
                0x0000000010008e00       0x44 core/libcore.a(lf_token.c.obj)
                0x0000000010008e00                _lf_free_token_copies
 .text.environment_init_tags
                0x0000000010008e44       0x58 core/libcore.a(environment.c.obj)
                0x0000000010008e44                environment_init_tags
 .text.environment_free
                0x0000000010008e9c       0x44 core/libcore.a(environment.c.obj)
                0x0000000010008e9c                environment_free
 .text.environment_init
                0x0000000010008ee0      0x188 core/libcore.a(environment.c.obj)
                0x0000000010008ee0                environment_init
 .text._lf_set_present
                0x0000000010009068       0x4c core/libcore.a(reactor.c.obj)
                0x0000000010009068                _lf_set_present
 .text._lf_trigger_reaction
                0x00000000100090b4       0x28 core/libcore.a(reactor.c.obj)
                0x00000000100090b4                _lf_trigger_reaction
 .text._lf_do_step
                0x00000000100090dc       0xb0 core/libcore.a(reactor.c.obj)
                0x00000000100090dc                _lf_do_step
 .text.next     0x000000001000918c      0x138 core/libcore.a(reactor.c.obj)
                0x000000001000918c                next
 .text.lf_reactor_c_main
                0x00000000100092c4       0xf8 core/libcore.a(reactor.c.obj)
                0x00000000100092c4                lf_reactor_c_main
 .text.lf_critical_section_enter
                0x00000000100093bc        0x8 core/libcore.a(reactor.c.obj)
                0x00000000100093bc                lf_critical_section_enter
 .text.lf_critical_section_exit
                0x00000000100093c4        0x8 core/libcore.a(reactor.c.obj)
                0x00000000100093c4                lf_critical_section_exit
 .text.vector_at
                0x00000000100093cc       0x54 core/libcore.a(vector.c.obj)
                0x00000000100093cc                vector_at
 .text.vector_size
                0x0000000010009420        0x8 core/libcore.a(vector.c.obj)
                0x0000000010009420                vector_size
 .text.percolate_down
                0x0000000010009428       0xd8 core/libcore.a(pqueue.c.obj)
 .text.bubble_up.isra.0
                0x0000000010009500       0x84 core/libcore.a(pqueue.c.obj)
 .text.find_equal_same_priority
                0x0000000010009584       0xa8 core/libcore.a(pqueue.c.obj)
                0x0000000010009584                find_equal_same_priority
 .text.pqueue_init
                0x000000001000962c       0x54 core/libcore.a(pqueue.c.obj)
                0x000000001000962c                pqueue_init
 .text.pqueue_free
                0x0000000010009680       0x14 core/libcore.a(pqueue.c.obj)
                0x0000000010009680                pqueue_free
 .text.pqueue_size
                0x0000000010009694       0x10 core/libcore.a(pqueue.c.obj)
                0x0000000010009694                pqueue_size
 .text.pqueue_find_equal_same_priority
                0x00000000100096a4        0xc core/libcore.a(pqueue.c.obj)
                0x00000000100096a4                pqueue_find_equal_same_priority
 .text.pqueue_insert
                0x00000000100096b0       0x44 core/libcore.a(pqueue.c.obj)
                0x00000000100096b0                pqueue_insert
 .text.pqueue_pop
                0x00000000100096f4       0x28 core/libcore.a(pqueue.c.obj)
                0x00000000100096f4                pqueue_pop
 .text.pqueue_peek
                0x000000001000971c       0x14 core/libcore.a(pqueue.c.obj)
                0x000000001000971c                pqueue_peek
 .text.in_reverse_order
                0x0000000010009730       0x18 core/libcore.a(pqueue.c.obj)
                0x0000000010009730                in_reverse_order
 .text.in_no_particular_order
                0x0000000010009748        0x4 core/libcore.a(pqueue.c.obj)
                0x0000000010009748                in_no_particular_order
 .text.event_matches
                0x000000001000974c        0xc core/libcore.a(pqueue.c.obj)
                0x000000001000974c                event_matches
 .text.reaction_matches
                0x0000000010009758        0x8 core/libcore.a(pqueue.c.obj)
                0x0000000010009758                reaction_matches
 .text.get_event_time
                0x0000000010009760        0x8 core/libcore.a(pqueue.c.obj)
                0x0000000010009760                get_event_time
 .text.get_reaction_index
                0x0000000010009768        0x8 core/libcore.a(pqueue.c.obj)
                0x0000000010009768                get_reaction_index
 .text.get_event_position
                0x0000000010009770        0x4 core/libcore.a(pqueue.c.obj)
                0x0000000010009770                get_event_position
 .text.get_reaction_position
                0x0000000010009774        0x4 core/libcore.a(pqueue.c.obj)
                0x0000000010009774                get_reaction_position
 .text.set_event_position
                0x0000000010009778        0x4 core/libcore.a(pqueue.c.obj)
                0x0000000010009778                set_event_position
 .text.set_reaction_position
                0x000000001000977c        0x4 core/libcore.a(pqueue.c.obj)
                0x000000001000977c                set_reaction_position
 .text.print_reaction
                0x0000000010009780        0x4 core/libcore.a(pqueue.c.obj)
                0x0000000010009780                print_reaction
 .text.print_event
                0x0000000010009784        0x4 core/libcore.a(pqueue.c.obj)
                0x0000000010009784                print_event
 .text._lf_message_print
                0x0000000010009788       0xc0 core/libcore.a(util.c.obj)
                0x0000000010009788                _lf_message_print
 .text.lf_print
                0x0000000010009848       0x88 core/libcore.a(util.c.obj)
                0x0000000010009848                lf_print
 .text.lf_print_error
                0x00000000100098d0       0x88 core/libcore.a(util.c.obj)
                0x00000000100098d0                lf_print_error
 .text.lf_print_warning
                0x0000000010009958       0x88 core/libcore.a(util.c.obj)
                0x0000000010009958                lf_print_warning
 .text.lf_print_error_and_exit
                0x00000000100099e0       0x24 core/libcore.a(util.c.obj)
                0x00000000100099e0                lf_print_error_and_exit
 .text.lf_assert
                0x0000000010009a04       0x2c core/libcore.a(util.c.obj)
                0x0000000010009a04                lf_assert
 .text.hashset_num_items
                0x0000000010009a30        0x4 core/libcore.a(hashset.c.obj)
                0x0000000010009a30                hashset_num_items
 .text.hashset_destroy
                0x0000000010009a34       0x18 core/libcore.a(hashset.c.obj)
                0x0000000010009a34                hashset_destroy
 .text.hashset_create
                0x0000000010009a4c       0x40 core/libcore.a(hashset.c.obj)
                0x0000000010009a4c                hashset_create
 .text.hashset_add
                0x0000000010009a8c      0x180 core/libcore.a(hashset.c.obj)
                0x0000000010009a8c                hashset_add
 .text.hashset_remove
                0x0000000010009c0c       0x50 core/libcore.a(hashset.c.obj)
                0x0000000010009c0c                hashset_remove
 .text.hashset_iterator
                0x0000000010009c5c       0x1c core/libcore.a(hashset_itr.c.obj)
                0x0000000010009c5c                hashset_iterator
 .text.hashset_iterator_next
                0x0000000010009c78       0x34 core/libcore.a(hashset_itr.c.obj)
                0x0000000010009c78                hashset_iterator_next
 .text.hashset_iterator_value
                0x0000000010009cac        0xc core/libcore.a(hashset_itr.c.obj)
                0x0000000010009cac                hashset_iterator_value
 .text._lf_initialize_clock
                0x0000000010009cb8       0x20 core/libcore.a(lf_rp2040_support.c.obj)
                0x0000000010009cb8                _lf_initialize_clock
 .text._lf_clock_now
                0x0000000010009cd8       0x24 core/libcore.a(lf_rp2040_support.c.obj)
                0x0000000010009cd8                _lf_clock_now
 .text._lf_interruptable_sleep_until_locked
                0x0000000010009cfc       0x48 core/libcore.a(lf_rp2040_support.c.obj)
                0x0000000010009cfc                _lf_interruptable_sleep_until_locked
 .text.lf_disable_interrupts_nested
                0x0000000010009d44       0x3c core/libcore.a(lf_rp2040_support.c.obj)
                0x0000000010009d44                lf_disable_interrupts_nested
 .text.lf_enable_interrupts_nested
                0x0000000010009d80       0x34 core/libcore.a(lf_rp2040_support.c.obj)
                0x0000000010009d80                lf_enable_interrupts_nested
 .text.color32_0
                0x0000000010009db4        0x8 robot/librobot.a(display.c.obj)
                0x0000000010009db4                color32_0
 .text.color32_1
                0x0000000010009dbc        0x8 robot/librobot.a(display.c.obj)
                0x0000000010009dbc                color32_1
 .text.color32_0_on_1
                0x0000000010009dc4        0x8 robot/librobot.a(display.c.obj)
                0x0000000010009dc4                color32_0_on_1
 .text.color32_1_on_0
                0x0000000010009dcc        0x4 robot/librobot.a(display.c.obj)
                0x0000000010009dcc                color32_1_on_0
 .text.color32_xor
                0x0000000010009dd0        0x8 robot/librobot.a(display.c.obj)
                0x0000000010009dd0                color32_xor
 .text.color32_nop
                0x0000000010009dd8        0x4 robot/librobot.a(display.c.obj)
                0x0000000010009dd8                color32_nop
 .text.color8_0
                0x0000000010009ddc        0x8 robot/librobot.a(display.c.obj)
                0x0000000010009ddc                color8_0
 .text.color8_1
                0x0000000010009de4        0x8 robot/librobot.a(display.c.obj)
                0x0000000010009de4                color8_1
 .text.color8_0_on_1
                0x0000000010009dec        0x8 robot/librobot.a(display.c.obj)
                0x0000000010009dec                color8_0_on_1
 .text.color8_1_on_0
                0x0000000010009df4        0x4 robot/librobot.a(display.c.obj)
                0x0000000010009df4                color8_1_on_0
 .text.color8_xor
                0x0000000010009df8        0x8 robot/librobot.a(display.c.obj)
                0x0000000010009df8                color8_xor
 .text.color8_nop
                0x0000000010009e00        0x4 robot/librobot.a(display.c.obj)
                0x0000000010009e00                color8_nop
 .text.display_set_font
                0x0000000010009e04        0xc robot/librobot.a(display.c.obj)
                0x0000000010009e04                display_set_font
 .text.display_init
                0x0000000010009e10       0x18 robot/librobot.a(display.c.obj)
                0x0000000010009e10                display_init
 .text.display_fill
                0x0000000010009e28       0x2c robot/librobot.a(display.c.obj)
                0x0000000010009e28                display_fill
 .text.display_show_partial
                0x0000000010009e54       0xb0 robot/librobot.a(display.c.obj)
                0x0000000010009e54                display_show_partial
 .text.display_text
                0x0000000010009f04      0x44c robot/librobot.a(display.c.obj)
                0x0000000010009f04                display_text
 .text.display_fill_rect
                0x000000001000a350      0x15c robot/librobot.a(display.c.obj)
                0x000000001000a350                display_fill_rect
 .text.display_show
                0x000000001000a4ac       0x28 robot/librobot.a(display.c.obj)
                0x000000001000a4ac                display_show
 .text.ir_sensors_read
                0x000000001000a4d4       0xcc robot/librobot.a(ir_sensors.c.obj)
 .text.ir_sensors_start_read
                0x000000001000a5a0      0x1d0 robot/librobot.a(ir_sensors.c.obj)
 .text.line_sensors_calibrate
                0x000000001000a770      0x1a4 robot/librobot.a(ir_sensors.c.obj)
                0x000000001000a770                line_sensors_calibrate
 .text.line_sensors_read
                0x000000001000a914       0x70 robot/librobot.a(ir_sensors.c.obj)
                0x000000001000a914                line_sensors_read
 .text.line_sensors_read_calibrated
                0x000000001000a984      0x198 robot/librobot.a(ir_sensors.c.obj)
                0x000000001000a984                line_sensors_read_calibrated
 .text.sh1106_transfer_start
                0x000000001000ab1c       0x40 robot/librobot.a(sh1106.c.obj)
                0x000000001000ab1c                sh1106_transfer_start
 .text.sh1106_transfer_end
                0x000000001000ab5c       0x1c robot/librobot.a(sh1106.c.obj)
                0x000000001000ab5c                sh1106_transfer_end
 .text.sh1106_write_page
                0x000000001000ab78       0x54 robot/librobot.a(sh1106.c.obj)
                0x000000001000ab78                sh1106_write_page
 .text.sh1106_clear
                0x000000001000abcc       0xa0 robot/librobot.a(sh1106.c.obj)
                0x000000001000abcc                sh1106_clear
 .text.sh1106_init
                0x000000001000ac6c       0xd0 robot/librobot.a(sh1106.c.obj)
                0x000000001000ac6c                sh1106_init
 .text          0x000000001000ad3c       0x10 /usr/lib/gcc/arm-none-eabi/10.3.1/../../../arm-none-eabi/lib/thumb/v6-m/nofp/libc.a(lib_a-atexit.o)
                0x000000001000ad3c                atexit
 .text          0x000000001000ad4c       0x18 /usr/lib/gcc/arm-none-eabi/10.3.1/../../../arm-none-eabi/lib/thumb/v6-m/nofp/libc.a(lib_a-atoi.o)
                0x000000001000ad4c                atoi
                0x000000001000ad58                _atoi_r
 .text          0x000000001000ad64       0x18 /usr/lib/gcc/arm-none-eabi/10.3.1/../../../arm-none-eabi/lib/thumb/v6-m/nofp/libc.a(lib_a-atoll.o)
                0x000000001000ad64                atoll
                0x000000001000ad70                _atoll_r
 .text          0x000000001000ad7c       0x18 /usr/lib/gcc/arm-none-eabi/10.3.1/../../../arm-none-eabi/lib/thumb/v6-m/nofp/libc.a(lib_a-calloc.o)
                0x000000001000ad7c                calloc
 .text          0x000000001000ad94       0x5c /usr/lib/gcc/arm-none-eabi/10.3.1/../../../arm-none-eabi/lib/thumb/v6-m/nofp/libc.a(lib_a-callocr.o)
                0x000000001000ad94                _calloc_r
 .text          0x000000001000adf0       0x28 /usr/lib/gcc/arm-none-eabi/10.3.1/../../../arm-none-eabi/lib/thumb/v6-m/nofp/libc.a(lib_a-malloc.o)
                0x000000001000adf0                malloc
                0x000000001000ae04                free
 .text          0x000000001000ae18      0x574 /usr/lib/gcc/arm-none-eabi/10.3.1/../../../arm-none-eabi/lib/thumb/v6-m/nofp/libc.a(lib_a-mallocr.o)
                0x000000001000ae18                _malloc_r
 .text          0x000000001000b38c        0x8 /usr/lib/gcc/arm-none-eabi/10.3.1/../../../arm-none-eabi/lib/thumb/v6-m/nofp/libc.a(lib_a-mlock.o)
                0x000000001000b38c                __malloc_lock
                0x000000001000b390                __malloc_unlock
 .text          0x000000001000b394       0x18 /usr/lib/gcc/arm-none-eabi/10.3.1/../../../arm-none-eabi/lib/thumb/v6-m/nofp/libc.a(lib_a-realloc.o)
                0x000000001000b394                realloc
 .text          0x000000001000b3ac      0x354 /usr/lib/gcc/arm-none-eabi/10.3.1/../../../arm-none-eabi/lib/thumb/v6-m/nofp/libc.a(lib_a-reallocr.o)
                0x000000001000b3ac                _realloc_r
 .text          0x000000001000b700       0x24 /usr/lib/gcc/arm-none-eabi/10.3.1/../../../arm-none-eabi/lib/thumb/v6-m/nofp/libc.a(lib_a-sbrkr.o)
                0x000000001000b700                _sbrk_r
 .text          0x000000001000b724       0x88 /usr/lib/gcc/arm-none-eabi/10.3.1/../../../arm-none-eabi/lib/thumb/v6-m/nofp/libc.a(lib_a-strcmp.o)
                0x000000001000b724                strcmp
 .text          0x000000001000b7ac       0x5c /usr/lib/gcc/arm-none-eabi/10.3.1/../../../arm-none-eabi/lib/thumb/v6-m/nofp/libc.a(lib_a-strlen-stub.o)
                0x000000001000b7ac                strlen
 .text          0x000000001000b808       0x74 /usr/lib/gcc/arm-none-eabi/10.3.1/../../../arm-none-eabi/lib/thumb/v6-m/nofp/libc.a(lib_a-strncmp.o)
                0x000000001000b808                strncmp
 .text          0x000000001000b87c      0x1b8 /usr/lib/gcc/arm-none-eabi/10.3.1/../../../arm-none-eabi/lib/thumb/v6-m/nofp/libc.a(lib_a-strtol.o)
                0x000000001000b9c0                _strtol_r
                0x000000001000b9dc                strtol_l
                0x000000001000ba08                strtol
 .text          0x000000001000ba34      0x1d0 /usr/lib/gcc/arm-none-eabi/10.3.1/../../../arm-none-eabi/lib/thumb/v6-m/nofp/libc.a(lib_a-strtoll.o)
                0x000000001000bbcc                _strtoll_r
                0x000000001000bbd4                strtoll_l
                0x000000001000bbec                strtoll
 .text          0x000000001000bc04     0x16e4 /usr/lib/gcc/arm-none-eabi/10.3.1/../../../arm-none-eabi/lib/thumb/v6-m/nofp/libc.a(lib_a-vfprintf.o)
                0x000000001000bc04                _vfprintf_r
                0x000000001000d25c                vfprintf
 .text          0x000000001000d2e8       0xdc /usr/lib/gcc/arm-none-eabi/10.3.1/../../../arm-none-eabi/lib/thumb/v6-m/nofp/libc.a(lib_a-wsetup.o)
                0x000000001000d2e8                __swsetup_r
 .text          0x000000001000d3c4       0x88 /usr/lib/gcc/arm-none-eabi/10.3.1/../../../arm-none-eabi/lib/thumb/v6-m/nofp/libc.a(lib_a-__atexit.o)
                0x000000001000d3c4                __register_exitproc
 .text          0x000000001000d44c     0x1104 /usr/lib/gcc/arm-none-eabi/10.3.1/../../../arm-none-eabi/lib/thumb/v6-m/nofp/libc.a(lib_a-dtoa.o)
                0x000000001000d594                _dtoa_r
 .text          0x000000001000e550        0xc /usr/lib/gcc/arm-none-eabi/10.3.1/../../../arm-none-eabi/lib/thumb/v6-m/nofp/libc.a(lib_a-errno.o)
                0x000000001000e550                __errno
 .text          0x000000001000e55c      0x1c0 /usr/lib/gcc/arm-none-eabi/10.3.1/../../../arm-none-eabi/lib/thumb/v6-m/nofp/libc.a(lib_a-fflush.o)
                0x000000001000e55c                __sflush_r
                0x000000001000e69c                _fflush_r
                0x000000001000e6c8                fflush
 .text          0x000000001000e71c      0x248 /usr/lib/gcc/arm-none-eabi/10.3.1/../../../arm-none-eabi/lib/thumb/v6-m/nofp/libc.a(lib_a-findfp.o)
                0x000000001000e720                _cleanup_r
                0x000000001000e81c                __sfmoreglue
                0x000000001000e84c                __sfp
                0x000000001000e8fc                _cleanup
                0x000000001000e914                __sinit
                0x000000001000e924                __sfp_lock_acquire
                0x000000001000e928                __sfp_lock_release
                0x000000001000e92c                __sinit_lock_acquire
                0x000000001000e930                __sinit_lock_release
                0x000000001000e934                __fp_lock_all
                0x000000001000e94c                __fp_unlock_all
 .text          0x000000001000e964      0x260 /usr/lib/gcc/arm-none-eabi/10.3.1/../../../arm-none-eabi/lib/thumb/v6-m/nofp/libc.a(lib_a-freer.o)
                0x000000001000e964                _malloc_trim_r
                0x000000001000ea00                _free_r
 .text          0x000000001000ebc4       0x88 /usr/lib/gcc/arm-none-eabi/10.3.1/../../../arm-none-eabi/lib/thumb/v6-m/nofp/libc.a(lib_a-fwalk.o)
                0x000000001000ebc4                _fwalk
                0x000000001000ec04                _fwalk_reent
 .text          0x000000001000ec4c       0x14 /usr/lib/gcc/arm-none-eabi/10.3.1/../../../arm-none-eabi/lib/thumb/v6-m/nofp/libc.a(lib_a-localeconv.o)
                0x000000001000ec4c                __localeconv_l
                0x000000001000ec50                _localeconv_r
                0x000000001000ec58                localeconv
 .text          0x000000001000ec60      0x144 /usr/lib/gcc/arm-none-eabi/10.3.1/../../../arm-none-eabi/lib/thumb/v6-m/nofp/libc.a(lib_a-makebuf.o)
                0x000000001000ec60                __smakebuf_r
                0x000000001000ed44                __swhatbuf_r
 .text          0x000000001000eda4      0xafc /usr/lib/gcc/arm-none-eabi/10.3.1/../../../arm-none-eabi/lib/thumb/v6-m/nofp/libc.a(lib_a-mprec.o)
                0x000000001000eda4                _Balloc
                0x000000001000edf4                _Bfree
                0x000000001000ee08                __multadd
                0x000000001000eeb0                __s2b
                0x000000001000ef60                __hi0bits
                0x000000001000ef98                __lo0bits
                0x000000001000eff4                __i2b
                0x000000001000f054                __multiply
                0x000000001000f1f8                __pow5mult
                0x000000001000f2d0                __lshift
                0x000000001000f3cc                __mcmp
                0x000000001000f400                __mdiff
                0x000000001000f58c                __ulp
                0x000000001000f5d4                __b2d
                0x000000001000f69c                __d2b
                0x000000001000f774                __ratio
                0x000000001000f7dc                _mprec_log10
                0x000000001000f810                __copybits
                0x000000001000f850                __any_on
 .text          0x000000001000f8a0       0xa4 /usr/lib/gcc/arm-none-eabi/10.3.1/../../../arm-none-eabi/lib/thumb/v6-m/nofp/libc.a(lib_a-stdio.o)
                0x000000001000f8a0                __sread
                0x000000001000f8c8                __seofread
                0x000000001000f8cc                __swrite
                0x000000001000f90c                __sseek
                0x000000001000f938                __sclose
 .text          0x000000001000f944      0xdd8 /usr/lib/gcc/arm-none-eabi/10.3.1/../../../arm-none-eabi/lib/thumb/v6-m/nofp/libc.a(lib_a-vfiprintf.o)
                0x000000001000f9cc                __sprint_r
                0x000000001000f9e0                _vfiprintf_r
                0x0000000010010690                vfiprintf
 .text          0x000000001001071c       0x28 /usr/lib/gcc/arm-none-eabi/10.3.1/../../../arm-none-eabi/lib/thumb/v6-m/nofp/libc.a(lib_a-writer.o)
                0x000000001001071c                _write_r
 .text          0x0000000010010744       0x24 /usr/lib/gcc/arm-none-eabi/10.3.1/../../../arm-none-eabi/lib/thumb/v6-m/nofp/libc.a(lib_a-closer.o)
                0x0000000010010744                _close_r
 .text          0x0000000010010768       0xe8 /usr/lib/gcc/arm-none-eabi/10.3.1/../../../arm-none-eabi/lib/thumb/v6-m/nofp/libc.a(lib_a-fclose.o)
                0x00000000100107d8                _fclose_r
                0x0000000010010810                fclose
 .text          0x0000000010010850       0xfc /usr/lib/gcc/arm-none-eabi/10.3.1/../../../arm-none-eabi/lib/thumb/v6-m/nofp/libc.a(lib_a-fputwc.o)
                0x0000000010010850                __fputwc
                0x00000000100108e8                _fputwc_r
                0x0000000010010908                fputwc
 .text          0x000000001001094c       0x28 /usr/lib/gcc/arm-none-eabi/10.3.1/../../../arm-none-eabi/lib/thumb/v6-m/nofp/libc.a(lib_a-fstatr.o)
                0x000000001001094c                _fstat_r
 .text          0x0000000010010974      0x2f4 /usr/lib/gcc/arm-none-eabi/10.3.1/../../../arm-none-eabi/lib/thumb/v6-m/nofp/libc.a(lib_a-fvwrite.o)
                0x0000000010010974                __sfvwrite_r
 .text          0x0000000010010c68       0x24 /usr/lib/gcc/arm-none-eabi/10.3.1/../../../arm-none-eabi/lib/thumb/v6-m/nofp/libc.a(lib_a-isattyr.o)
                0x0000000010010c68                _isatty_r
 .text          0x0000000010010c8c       0x98 /usr/lib/gcc/arm-none-eabi/10.3.1/../../../arm-none-eabi/lib/thumb/v6-m/nofp/libc.a(lib_a-locale.o)
                0x0000000010010c8c                _setlocale_r
                0x0000000010010cd0                __locale_mb_cur_max
                0x0000000010010ce0                setlocale
 .text          0x0000000010010d24       0x28 /usr/lib/gcc/arm-none-eabi/10.3.1/../../../arm-none-eabi/lib/thumb/v6-m/nofp/libc.a(lib_a-lseekr.o)
                0x0000000010010d24                _lseek_r
 .text          0x0000000010010d4c       0x44 /usr/lib/gcc/arm-none-eabi/10.3.1/../../../arm-none-eabi/lib/thumb/v6-m/nofp/libc.a(lib_a-mbtowc_r.o)
                0x0000000010010d4c                _mbtowc_r
                0x0000000010010d64                __ascii_mbtowc
 .text          0x0000000010010d90       0x28 /usr/lib/gcc/arm-none-eabi/10.3.1/../../../arm-none-eabi/lib/thumb/v6-m/nofp/libc.a(lib_a-readr.o)
                0x0000000010010d90                _read_r
 .text          0x0000000010010db8       0xe0 /usr/lib/gcc/arm-none-eabi/10.3.1/../../../arm-none-eabi/lib/thumb/v6-m/nofp/libc.a(lib_a-wbuf.o)
                0x0000000010010db8                __swbuf_r