Archive member included to satisfy reference by file (symbol)

core/libcore.a(tag.c.obj)     CMakeFiles/Drive.dir/lib/schedule.c.obj (lf_time_logical)
core/libcore.a(reactor_common.c.obj)
                              CMakeFiles/Drive.dir/Drive.c.obj (_lf_allocate)
core/libcore.a(lf_token.c.obj)
                              CMakeFiles/Drive.dir/_drive_main.c.obj (_lf_initialize_token_with_value)
core/libcore.a(environment.c.obj)
                              core/libcore.a(reactor_common.c.obj) (environment_free)
core/libcore.a(reactor.c.obj)
                              CMakeFiles/Drive.dir/_drive_main.c.obj (_lf_set_present)
core/libcore.a(vector.c.obj)  core/libcore.a(reactor_common.c.obj) (vector_at)
core/libcore.a(pqueue.c.obj)  core/libcore.a(environment.c.obj) (pqueue_init)
core/libcore.a(util.c.obj)    core/libcore.a(reactor_common.c.obj) (lf_print)
core/libcore.a(hashset.c.obj)
                              core/libcore.a(lf_token.c.obj) (hashset_num_items)
core/libcore.a(hashset_itr.c.obj)
                              core/libcore.a(lf_token.c.obj) (hashset_iterator)
core/libcore.a(modes.c.obj)   core/libcore.a(reactor_common.c.obj) (_lf_add_suspended_event)
core/libcore.a(lf_rp2040_support.c.obj)
                              core/libcore.a(reactor.c.obj) (_lf_initialize_clock)
robot/librobot.a(display.c.obj)
                              CMakeFiles/Drive.dir/_display.c.obj (display_set_font)
robot/librobot.a(font_8x8.c.obj)
                              robot/librobot.a(display.c.obj) (font_8x8)
robot/librobot.a(font_8x16.c.obj)
                              CMakeFiles/Drive.dir/_display.c.obj (font_8x16)
robot/librobot.a(ir_sensors.c.obj)
                              CMakeFiles/Drive.dir/_line.c.obj (line_sensors_calibrate)
robot/librobot.a(motors.c.obj)
                              CMakeFiles/Drive.dir/_motors.c.obj (motors_init)
robot/librobot.a(sh1106.c.obj)
                              robot/librobot.a(display.c.obj) (sh1106_transfer_start)
/usr/lib/gcc/arm-none-eabi/10.3.1/thumb/v6-m/nofp/libgcc.a(_dvmd_tls.o)
                              CMakeFiles/Drive.dir/home/dobbs/Documents/development/pico/pico-sdk/src/rp2_common/pico_divider/divider.S.obj (__aeabi_idiv0)
/usr/lib/gcc/arm-none-eabi/10.3.1/../../../arm-none-eabi/lib/thumb/v6-m/nofp/libc.a(lib_a-atexit.o)
                              /usr/lib/gcc/arm-none-eabi/10.3.1/../../../arm-none-eabi/lib/thumb/v6-m/nofp/crt0.o (atexit)
/usr/lib/gcc/arm-none-eabi/10.3.1/../../../arm-none-eabi/lib/thumb/v6-m/nofp/libc.a(lib_a-atoi.o)
                              core/libcore.a(reactor_common.c.obj) (atoi)
/usr/lib/gcc/arm-none-eabi/10.3.1/../../../arm-none-eabi/lib/thumb/v6-m/nofp/libc.a(lib_a-atoll.o)
                              core/libcore.a(reactor_common.c.obj) (atoll)
/usr/lib/gcc/arm-none-eabi/10.3.1/../../../arm-none-eabi/lib/thumb/v6-m/nofp/libc.a(lib_a-calloc.o)
                              CMakeFiles/Drive.dir/home/dobbs/Documents/development/pico/pico-sdk/src/rp2_common/pico_malloc/pico_malloc.c.obj (calloc)
/usr/lib/gcc/arm-none-eabi/10.3.1/../../../arm-none-eabi/lib/thumb/v6-m/nofp/libc.a(lib_a-callocr.o)
                              /usr/lib/gcc/arm-none-eabi/10.3.1/../../../arm-none-eabi/lib/thumb/v6-m/nofp/libc.a(lib_a-calloc.o) (_calloc_r)
/usr/lib/gcc/arm-none-eabi/10.3.1/../../../arm-none-eabi/lib/thumb/v6-m/nofp/libc.a(lib_a-fini.o)
                              /usr/lib/gcc/arm-none-eabi/10.3.1/../../../arm-none-eabi/lib/thumb/v6-m/nofp/crt0.o (__libc_fini_array)
/usr/lib/gcc/arm-none-eabi/10.3.1/../../../arm-none-eabi/lib/thumb/v6-m/nofp/libc.a(lib_a-impure.o)
                              core/libcore.a(util.c.obj) (_impure_ptr)
/usr/lib/gcc/arm-none-eabi/10.3.1/../../../arm-none-eabi/lib/thumb/v6-m/nofp/libc.a(lib_a-init.o)
                              /usr/lib/gcc/arm-none-eabi/10.3.1/../../../arm-none-eabi/lib/thumb/v6-m/nofp/crt0.o (__libc_init_array)
/usr/lib/gcc/arm-none-eabi/10.3.1/../../../arm-none-eabi/lib/thumb/v6-m/nofp/libc.a(lib_a-malloc.o)
                              CMakeFiles/Drive.dir/home/dobbs/Documents/development/pico/pico-sdk/src/rp2_common/pico_malloc/pico_malloc.c.obj (malloc)
/usr/lib/gcc/arm-none-eabi/10.3.1/../../../arm-none-eabi/lib/thumb/v6-m/nofp/libc.a(lib_a-mallocr.o)
                              /usr/lib/gcc/arm-none-eabi/10.3.1/../../../arm-none-eabi/lib/thumb/v6-m/nofp/libc.a(lib_a-callocr.o) (_malloc_r)
/usr/lib/gcc/arm-none-eabi/10.3.1/../../../arm-none-eabi/lib/thumb/v6-m/nofp/libc.a(lib_a-mlock.o)
                              /usr/lib/gcc/arm-none-eabi/10.3.1/../../../arm-none-eabi/lib/thumb/v6-m/nofp/libc.a(lib_a-mallocr.o) (__malloc_lock)
/usr/lib/gcc/arm-none-eabi/10.3.1/../../../arm-none-eabi/lib/thumb/v6-m/nofp/libc.a(lib_a-realloc.o)
                              CMakeFiles/Drive.dir/home/dobbs/Documents/development/pico/pico-sdk/src/rp2_common/pico_malloc/pico_malloc.c.obj (realloc)
[...]
Memory Configuration

Name             Origin             Length             Attributes
FLASH            0x0000000010000000 0x0000000000200000 xr
RAM              0x0000000020000000 0x0000000000040000 xrw
SCRATCH_X        0x0000000020040000 0x0000000000001000 xrw
SCRATCH_Y        0x0000000020041000 0x0000000000001000 xrw
*default*        0x0000000000000000 0xffffffffffffffff

Linker script and memory map

LOAD /usr/lib/gcc/arm-none-eabi/10.3.1/thumb/v6-m/nofp/crti.o
LOAD /usr/lib/gcc/arm-none-eabi/10.3.1/thumb/v6-m/nofp/crtbegin.o
LOAD /usr/lib/gcc/arm-none-eabi/10.3.1/../../../arm-none-eabi/lib/thumb/v6-m/nofp/crt0.o

.flash_begin    0x0000000010000000        0x0
                0x0000000010000000                __flash_binary_start = .

.boot2          0x0000000010000000      0x100
                0x0000000010000000                __boot2_start__ = .
 *(.boot2)
 .boot2         0x0000000010000000      0x100 /tmp/ccPzucPI.o
                0x0000000010000100                __boot2_end__ = .
                0x0000000000000001                ASSERT (((__boot2_end__ - __boot2_start__) == 0x100), ERROR: Pico second stage bootloader must be 256 bytes in size)

.text           0x0000000010000100    0x11ee0
                0x0000000010000100                __logical_binary_start = .
 *(.vectors)
 .vectors       0x0000000010000100       0xd4 CMakeFiles/Drive.dir/home/dobbs/Documents/development/pico/pico-sdk/src/rp2_common/pico_standard_link/crt0.S.obj
                0x0000000010000100                __vectors
                0x0000000010000100                __VECTOR_TABLE
                0x00000000100001c0                isr_invalid
                0x00000000100001c0                __default_isrs_start
                0x00000000100001c2                isr_nmi
                0x00000000100001c4                isr_hardfault
                0x00000000100001c6                isr_svcall
                0x00000000100001c8                isr_pendsv
                0x00000000100001ca                isr_systick
                0x00000000100001cc                isr_irq30
                0x00000000100001cc                __unhandled_user_irq
                0x00000000100001cc                isr_irq13
                0x00000000100001cc                isr_irq27
                0x00000000100001cc                isr_irq31
                0x00000000100001cc                isr_irq5
                0x00000000100001cc                isr_irq11
                0x00000000100001cc                isr_irq23
                0x00000000100001cc                isr_irq18
                0x00000000100001cc                isr_irq28
                0x00000000100001cc                isr_irq19
                0x00000000100001cc                isr_irq0
                0x00000000100001cc                isr_irq6
                0x00000000100001cc                isr_irq22
                0x00000000100001cc                isr_irq17
                0x00000000100001cc                isr_irq14
                0x00000000100001cc                isr_irq2
                0x00000000100001cc                isr_irq10
                0x00000000100001cc                isr_irq8
                0x00000000100001cc                isr_irq24
                0x00000000100001cc                isr_irq1
                0x00000000100001cc                isr_irq7
                0x00000000100001cc                isr_irq21
                0x00000000100001cc                isr_irq20
                0x00000000100001cc                isr_irq15
                0x00000000100001cc                isr_irq25
                0x00000000100001cc                isr_irq4
                0x00000000100001cc                isr_irq16
                0x00000000100001cc                isr_irq29
                0x00000000100001cc                isr_irq26
                0x00000000100001cc                __default_isrs_end
                0x00000000100001cc                isr_irq3
                0x00000000100001cc                isr_irq12
                0x00000000100001cc                isr_irq9
                0x00000000100001d2                unhandled_user_irq_num_in_r0
 *(.binary_info_header)
 .binary_info_header
                0x00000000100001d4       0x14 CMakeFiles/Drive.dir/home/dobbs/Documents/development/pico/pico-sdk/src/rp2_common/pico_standard_link/crt0.S.obj
                0x00000000100001e8                __binary_info_header_end = .
 *(.reset)
 .reset         0x00000000100001e8       0xa0 CMakeFiles/Drive.dir/home/dobbs/Documents/development/pico/pico-sdk/src/rp2_common/pico_standard_link/crt0.S.obj
                0x00000000100001e8                _entry_point
 .reset         0x0000000010000288       0x30 CMakeFiles/Drive.dir/home/dobbs/Documents/development/pico/pico-sdk/src/rp2_common/pico_standard_link/binary_info.c.obj
 *(.init)
 .init          0x00000000100002b8        0x4 /usr/lib/gcc/arm-none-eabi/10.3.1/thumb/v6-m/nofp/crti.o
                0x00000000100002b8                _init
 *(EXCLUDE_FILE(*libm.a: *libc.a:*lib_a-mem*.o *libgcc.a:) .text*)
 .text          0x00000000100002bc       0x98 /usr/lib/gcc/arm-none-eabi/10.3.1/thumb/v6-m/nofp/crtbegin.o
 .text._drive_mainreaction_function_0
                0x0000000010000354       0x70 CMakeFiles/Drive.dir/_drive_main.c.obj
                0x0000000010000354                _drive_mainreaction_function_0
 .text._drive_mainreaction_function_1
                0x00000000100003c4       0x78 CMakeFiles/Drive.dir/_drive_main.c.obj
                0x00000000100003c4                _drive_mainreaction_function_1
 .text._drive_mainreaction_function_2
                0x000000001000043c       0x30 CMakeFiles/Drive.dir/_drive_main.c.obj
                0x000000001000043c                _drive_mainreaction_function_2
 .text._drive_mainreaction_function_3
                0x000000001000046c      0x1a8 CMakeFiles/Drive.dir/_drive_main.c.obj
                0x000000001000046c                _drive_mainreaction_function_3
 .text.new__drive_main
                0x0000000010000614      0x198 CMakeFiles/Drive.dir/_drive_main.c.obj
                0x0000000010000614                new__drive_main
 .text._linereaction_function_0
                0x00000000100007ac        0xc CMakeFiles/Drive.dir/_line.c.obj
                0x00000000100007ac                _linereaction_function_0
 .text._linereaction_function_1
                0x00000000100007b8       0x98 CMakeFiles/Drive.dir/_line.c.obj
                0x00000000100007b8                _linereaction_function_1
 .text.new__line
                0x0000000010000850       0xa8 CMakeFiles/Drive.dir/_line.c.obj
                0x0000000010000850                new__line
 .text._displayreaction_function_1
                0x00000000100008f8       0xb4 CMakeFiles/Drive.dir/_display.c.obj
                0x00000000100008f8                _displayreaction_function_1
 .text._displayreaction_function_0
                0x00000000100009ac       0x2c CMakeFiles/Drive.dir/_display.c.obj
                0x00000000100009ac                _displayreaction_function_0
 .text.new__display
                0x00000000100009d8      0x104 CMakeFiles/Drive.dir/_display.c.obj
                0x00000000100009d8                new__display
 .text._motorsreaction_function_1
                0x0000000010000adc       0x4c CMakeFiles/Drive.dir/_motors.c.obj
                0x0000000010000adc                _motorsreaction_function_1
 .text._motorsreaction_function_2
                0x0000000010000b28       0x4c CMakeFiles/Drive.dir/_motors.c.obj
                0x0000000010000b28                _motorsreaction_function_2
 .text._motorsreaction_function_0
                0x0000000010000b74        0xc CMakeFiles/Drive.dir/_motors.c.obj
                0x0000000010000b74                _motorsreaction_function_0
 .text.new__motors
                0x0000000010000b80       0xe8 CMakeFiles/Drive.dir/_motors.c.obj
                0x0000000010000b80                new__motors
 .text.startup.main
                0x0000000010000c68        0xc CMakeFiles/Drive.dir/Drive.c.obj
                0x0000000010000c68                main
 .text._lf_set_default_command_line_options
                0x0000000010000c74        0x4 CMakeFiles/Drive.dir/Drive.c.obj
                0x0000000010000c74                _lf_set_default_command_line_options
 .text._lf_create_environments
                0x0000000010000c78       0x34 CMakeFiles/Drive.dir/Drive.c.obj
                0x0000000010000c78                _lf_create_environments
 .text._lf_get_environments
                0x0000000010000cac        0xc CMakeFiles/Drive.dir/Drive.c.obj
                0x0000000010000cac                _lf_get_environments
 .text._lf_initialize_trigger_objects
                0x0000000010000cb8      0x6b0 CMakeFiles/Drive.dir/Drive.c.obj
                0x0000000010000cb8                _lf_initialize_trigger_objects
 .text.terminate_execution
                0x0000000010001368        0x4 CMakeFiles/Drive.dir/Drive.c.obj
                0x0000000010001368                terminate_execution
 .text.gpio_set_function
                0x000000001000136c       0x30 CMakeFiles/Drive.dir/home/dobbs/Documents/development/pico/pico-sdk/src/rp2_common/hardware_gpio/gpio.c.obj
                0x000000001000136c                gpio_set_function
 .text.gpio_set_pulls
                0x000000001000139c       0x30 CMakeFiles/Drive.dir/home/dobbs/Documents/development/pico/pico-sdk/src/rp2_common/hardware_gpio/gpio.c.obj
                0x000000001000139c                gpio_set_pulls
 .text.gpio_init
                0x00000000100013cc       0x3c CMakeFiles/Drive.dir/home/dobbs/Documents/development/pico/pico-sdk/src/rp2_common/hardware_gpio/gpio.c.obj
                0x00000000100013cc                gpio_init
 .text.running_on_fpga
                0x0000000010001408       0x10 CMakeFiles/Drive.dir/home/dobbs/Documents/development/pico/pico-sdk/src/rp2_common/pico_platform/platform.c.obj
                0x0000000010001408                running_on_fpga
 .text.hw_claim_lock
                0x0000000010001418       0x18 CMakeFiles/Drive.dir/home/dobbs/Documents/development/pico/pico-sdk/src/rp2_common/hardware_claim/claim.c.obj
                0x0000000010001418                hw_claim_lock
 .text.hw_claim_unlock
                0x0000000010001430       0x14 CMakeFiles/Drive.dir/home/dobbs/Documents/development/pico/pico-sdk/src/rp2_common/hardware_claim/claim.c.obj
                0x0000000010001430                hw_claim_unlock
 .text.hw_claim_or_assert
                0x0000000010001444       0x44 CMakeFiles/Drive.dir/home/dobbs/Documents/development/pico/pico-sdk/src/rp2_common/hardware_claim/claim.c.obj
                0x0000000010001444                hw_claim_or_assert
 .text.hw_claim_unused_from_range
                0x0000000010001488       0x9c CMakeFiles/Drive.dir/home/dobbs/Documents/development/pico/pico-sdk/src/rp2_common/hardware_claim/claim.c.obj
                0x0000000010001488                hw_claim_unused_from_range
 .text.spin_locks_reset
                0x0000000010001524       0x1c CMakeFiles/Drive.dir/home/dobbs/Documents/development/pico/pico-sdk/src/rp2_common/hardware_sync/sync.c.obj
                0x0000000010001524                spin_locks_reset
 .text.next_striped_spin_lock_num
                0x0000000010001540       0x18 CMakeFiles/Drive.dir/home/dobbs/Documents/development/pico/pico-sdk/src/rp2_common/hardware_sync/sync.c.obj
                0x0000000010001540                next_striped_spin_lock_num
 .text.spin_lock_claim_unused
                0x0000000010001558       0x20 CMakeFiles/Drive.dir/home/dobbs/Documents/development/pico/pico-sdk/src/rp2_common/hardware_sync/sync.c.obj
                0x0000000010001558                spin_lock_claim_unused
 .text.irq_set_enabled
                0x0000000010001578       0x24 CMakeFiles/Drive.dir/home/dobbs/Documents/development/pico/pico-sdk/src/rp2_common/hardware_irq/irq.c.obj
                0x0000000010001578                irq_set_enabled
 .text.irq_set_pending
                0x000000001000159c       0x10 CMakeFiles/Drive.dir/home/dobbs/Documents/development/pico/pico-sdk/src/rp2_common/hardware_irq/irq.c.obj
                0x000000001000159c                irq_set_pending
 .text.irq_has_shared_handler
                0x00000000100015ac       0x2c CMakeFiles/Drive.dir/home/dobbs/Documents/development/pico/pico-sdk/src/rp2_common/hardware_irq/irq.c.obj
                0x00000000100015ac                irq_has_shared_handler
 .text.irq_get_vtable_handler
                0x00000000100015d8       0x10 CMakeFiles/Drive.dir/home/dobbs/Documents/development/pico/pico-sdk/src/rp2_common/hardware_irq/irq.c.obj
                0x00000000100015d8                irq_get_vtable_handler
 .text.irq_set_exclusive_handler
                0x00000000100015e8       0x54 CMakeFiles/Drive.dir/home/dobbs/Documents/development/pico/pico-sdk/src/rp2_common/hardware_irq/irq.c.obj
                0x00000000100015e8                irq_set_exclusive_handler
 .text.irq_add_shared_handler
                0x000000001000163c      0x1e8 CMakeFiles/Drive.dir/home/dobbs/Documents/development/pico/pico-sdk/src/rp2_common/hardware_irq/irq.c.obj
                0x000000001000163c                irq_add_shared_handler
 .text.irq_remove_handler
                0x0000000010001824      0x1b0 CMakeFiles/Drive.dir/home/dobbs/Documents/development/pico/pico-sdk/src/rp2_common/hardware_irq/irq.c.obj
                0x0000000010001824                irq_remove_handler
 .text.irq_add_tail_to_free_list
                0x00000000100019d4       0xb4 CMakeFiles/Drive.dir/home/dobbs/Documents/development/pico/pico-sdk/src/rp2_common/hardware_irq/irq.c.obj
                0x00000000100019d4                irq_add_tail_to_free_list
 .text.irq_init_priorities
                0x0000000010001a88       0x24 CMakeFiles/Drive.dir/home/dobbs/Documents/development/pico/pico-sdk/src/rp2_common/hardware_irq/irq.c.obj
                0x0000000010001a88                irq_init_priorities
 .text.user_irq_claim_unused
                0x0000000010001aac       0x28 CMakeFiles/Drive.dir/home/dobbs/Documents/development/pico/pico-sdk/src/rp2_common/hardware_irq/irq.c.obj
                0x0000000010001aac                user_irq_claim_unused
 .text.sem_init
                0x0000000010001ad4       0x20 CMakeFiles/Drive.dir/home/dobbs/Documents/development/pico/pico-sdk/src/common/pico_sync/sem.c.obj
                0x0000000010001ad4                sem_init
 .text.lock_init
                0x0000000010001af4       0x10 CMakeFiles/Drive.dir/home/dobbs/Documents/development/pico/pico-sdk/src/common/pico_sync/lock_core.c.obj
                0x0000000010001af4                lock_init
 .text.mutex_init
                0x0000000010001b04       0x1c CMakeFiles/Drive.dir/home/dobbs/Documents/development/pico/pico-sdk/src/common/pico_sync/mutex.c.obj
                0x0000000010001b04                mutex_init
 .text.recursive_mutex_init
                0x0000000010001b20       0x1c CMakeFiles/Drive.dir/home/dobbs/Documents/development/pico/pico-sdk/src/common/pico_sync/mutex.c.obj
                0x0000000010001b20                recursive_mutex_init
 .text.critical_section_init
                0x0000000010001b3c       0x20 CMakeFiles/Drive.dir/home/dobbs/Documents/development/pico/pico-sdk/src/common/pico_sync/critical_section.c.obj
                0x0000000010001b3c                critical_section_init
 .text.critical_section_init_with_lock_num
                0x0000000010001b5c       0x14 CMakeFiles/Drive.dir/home/dobbs/Documents/development/pico/pico-sdk/src/common/pico_sync/critical_section.c.obj
                0x0000000010001b5c                critical_section_init_with_lock_num
 .text.timer_pool_entry_comparator
                0x0000000010001b70       0x34 CMakeFiles/Drive.dir/home/dobbs/Documents/development/pico/pico-sdk/src/common/pico_time/time.c.obj
                0x0000000010001b70                timer_pool_entry_comparator
 .text.sleep_until_callback
                0x0000000010001ba4       0x30 CMakeFiles/Drive.dir/home/dobbs/Documents/development/pico/pico-sdk/src/common/pico_time/time.c.obj
 .text.add_alarm_under_lock.isra.0
                0x0000000010001bd4      0x100 CMakeFiles/Drive.dir/home/dobbs/Documents/development/pico/pico-sdk/src/common/pico_time/time.c.obj
 .text.alarm_pool_alarm_callback
                0x0000000010001cd4      0x1bc CMakeFiles/Drive.dir/home/dobbs/Documents/development/pico/pico-sdk/src/common/pico_time/time.c.obj
 .text.alarm_pool_init_default
                0x0000000010001e90       0x6c CMakeFiles/Drive.dir/home/dobbs/Documents/development/pico/pico-sdk/src/common/pico_time/time.c.obj
                0x0000000010001e90                alarm_pool_init_default
 .text.alarm_pool_get_default
                0x0000000010001efc        0x8 CMakeFiles/Drive.dir/home/dobbs/Documents/development/pico/pico-sdk/src/common/pico_time/time.c.obj
                0x0000000010001efc                alarm_pool_get_default
 .text.alarm_pool_add_alarm_at
                0x0000000010001f04      0x178 CMakeFiles/Drive.dir/home/dobbs/Documents/development/pico/pico-sdk/src/common/pico_time/time.c.obj
                0x0000000010001f04                alarm_pool_add_alarm_at
 .text.alarm_pool_core_num
                0x000000001000207c        0x4 CMakeFiles/Drive.dir/home/dobbs/Documents/development/pico/pico-sdk/src/common/pico_time/time.c.obj
                0x000000001000207c                alarm_pool_core_num
 .text.sleep_until
                0x0000000010002080       0xc4 CMakeFiles/Drive.dir/home/dobbs/Documents/development/pico/pico-sdk/src/common/pico_time/time.c.obj
                0x0000000010002080                sleep_until
 .text.sleep_us
                0x0000000010002144       0x24 CMakeFiles/Drive.dir/home/dobbs/Documents/development/pico/pico-sdk/src/common/pico_time/time.c.obj
                0x0000000010002144                sleep_us
 .text.best_effort_wfe_or_timeout
                0x0000000010002168       0xd4 CMakeFiles/Drive.dir/home/dobbs/Documents/development/pico/pico-sdk/src/common/pico_time/time.c.obj
                0x0000000010002168                best_effort_wfe_or_timeout
 .text.hardware_alarm_irq_handler
                0x000000001000223c       0xbc CMakeFiles/Drive.dir/home/dobbs/Documents/development/pico/pico-sdk/src/rp2_common/hardware_timer/timer.c.obj
 .text.hardware_alarm_claim
                0x00000000100022f8       0x18 CMakeFiles/Drive.dir/home/dobbs/Documents/development/pico/pico-sdk/src/rp2_common/hardware_timer/timer.c.obj
                0x00000000100022f8                hardware_alarm_claim
 .text.time_us_64
                0x0000000010002310       0x14 CMakeFiles/Drive.dir/home/dobbs/Documents/development/pico/pico-sdk/src/rp2_common/hardware_timer/timer.c.obj
                0x0000000010002310                time_us_64
 .text.busy_wait_us
                0x0000000010002324       0x54 CMakeFiles/Drive.dir/home/dobbs/Documents/development/pico/pico-sdk/src/rp2_common/hardware_timer/timer.c.obj
                0x0000000010002324                busy_wait_us
 .text.busy_wait_until
                0x0000000010002378       0x20 CMakeFiles/Drive.dir/home/dobbs/Documents/development/pico/pico-sdk/src/rp2_common/hardware_timer/timer.c.obj
                0x0000000010002378                busy_wait_until
 .text.hardware_alarm_set_callback
                0x0000000010002398       0x8c CMakeFiles/Drive.dir/home/dobbs/Documents/development/pico/pico-sdk/src/rp2_common/hardware_timer/timer.c.obj
                0x0000000010002398                hardware_alarm_set_callback
 .text.hardware_alarm_set_target
                0x0000000010002424       0xd4 CMakeFiles/Drive.dir/home/dobbs/Documents/development/pico/pico-sdk/src/rp2_common/hardware_timer/timer.c.obj
                0x0000000010002424                hardware_alarm_set_target
 .text.hardware_alarm_cancel
                0x00000000100024f8       0x3c CMakeFiles/Drive.dir/home/dobbs/Documents/development/pico/pico-sdk/src/rp2_common/hardware_timer/timer.c.obj
                0x00000000100024f8                hardware_alarm_cancel
 .text.ph_merge_nodes
                0x0000000010002534       0x68 CMakeFiles/Drive.dir/home/dobbs/Documents/development/pico/pico-sdk/src/common/pico_util/pheap.c.obj
 .text.ph_post_alloc_init
                0x000000001000259c       0x3c CMakeFiles/Drive.dir/home/dobbs/Documents/development/pico/pico-sdk/src/common/pico_util/pheap.c.obj
                0x000000001000259c                ph_post_alloc_init
 .text.ph_merge_two_pass
                0x00000000100025d8       0x90 CMakeFiles/Drive.dir/home/dobbs/Documents/development/pico/pico-sdk/src/common/pico_util/pheap.c.obj
                0x00000000100025d8                ph_merge_two_pass
 .text.ph_remove_any_head
                0x0000000010002668      0x100 CMakeFiles/Drive.dir/home/dobbs/Documents/development/pico/pico-sdk/src/common/pico_util/pheap.c.obj
 .text.ph_remove_head
                0x0000000010002768      0x104 CMakeFiles/Drive.dir/home/dobbs/Documents/development/pico/pico-sdk/src/common/pico_util/pheap.c.obj
                0x0000000010002768                ph_remove_head
 .text.ph_remove_and_free_node
                0x000000001000286c       0x7c CMakeFiles/Drive.dir/home/dobbs/Documents/development/pico/pico-sdk/src/common/pico_util/pheap.c.obj
                0x000000001000286c                ph_remove_and_free_node
 .text.clocks_init
                0x00000000100028e8      0x2d0 CMakeFiles/Drive.dir/home/dobbs/Documents/development/pico/pico-sdk/src/rp2_common/hardware_clocks/clocks.c.obj
                0x00000000100028e8                clocks_init
 .text.clock_get_hz
                0x0000000010002bb8        0xc CMakeFiles/Drive.dir/home/dobbs/Documents/development/pico/pico-sdk/src/rp2_common/hardware_clocks/clocks.c.obj
                0x0000000010002bb8                clock_get_hz
 .text.pll_init
                0x0000000010002bc4       0xa0 CMakeFiles/Drive.dir/home/dobbs/Documents/development/pico/pico-sdk/src/rp2_common/hardware_pll/pll.c.obj
                0x0000000010002bc4                pll_init
 .text.watchdog_start_tick
                0x0000000010002c64       0x10 CMakeFiles/Drive.dir/home/dobbs/Documents/development/pico/pico-sdk/src/rp2_common/hardware_watchdog/watchdog.c.obj
                0x0000000010002c64                watchdog_start_tick
 .text.watchdog_reboot
                0x0000000010002c74       0x98 CMakeFiles/Drive.dir/home/dobbs/Documents/development/pico/pico-sdk/src/rp2_common/hardware_watchdog/watchdog.c.obj
                0x0000000010002c74                watchdog_reboot
 .text.xosc_init
                0x0000000010002d0c       0x28 CMakeFiles/Drive.dir/home/dobbs/Documents/development/pico/pico-sdk/src/rp2_common/hardware_xosc/xosc.c.obj
                0x0000000010002d0c                xosc_init
 .text.runtime_init
                0x0000000010002d34       0xf0 CMakeFiles/Drive.dir/home/dobbs/Documents/development/pico/pico-sdk/src/rp2_common/pico_runtime/runtime.c.obj
                0x0000000010002d34                runtime_init
 .text._exit    0x0000000010002e24        0x4 CMakeFiles/Drive.dir/home/dobbs/Documents/development/pico/pico-sdk/src/rp2_common/pico_runtime/runtime.c.obj
                0x0000000010002e24                _exit
 .text._sbrk    0x0000000010002e28       0x34 CMakeFiles/Drive.dir/home/dobbs/Documents/development/pico/pico-sdk/src/rp2_common/pico_runtime/runtime.c.obj
                0x0000000010002e28                _sbrk
 .text.exit     0x0000000010002e5c        0x8 CMakeFiles/Drive.dir/home/dobbs/Documents/development/pico/pico-sdk/src/rp2_common/pico_runtime/runtime.c.obj
                0x0000000010002e5c                exit
 .text.__assert_func
                0x0000000010002e64       0x34 CMakeFiles/Drive.dir/home/dobbs/Documents/development/pico/pico-sdk/src/rp2_common/pico_runtime/runtime.c.obj
                0x0000000010002e64                __assert_func
 .text.panic    0x0000000010002e98       0x30 CMakeFiles/Drive.dir/home/dobbs/Documents/development/pico/pico-sdk/src/rp2_common/pico_runtime/runtime.c.obj
                0x0000000010002e98                panic
 .text.hard_assertion_failure
                0x0000000010002ec8        0xc CMakeFiles/Drive.dir/home/dobbs/Documents/development/pico/pico-sdk/src/rp2_common/pico_runtime/runtime.c.obj
                0x0000000010002ec8                hard_assertion_failure
 .text._out_buffer
                0x0000000010002ed4        0x8 CMakeFiles/Drive.dir/home/dobbs/Documents/development/pico/pico-sdk/src/rp2_common/pico_printf/printf.c.obj
 .text._out_null
                0x0000000010002edc        0x4 CMakeFiles/Drive.dir/home/dobbs/Documents/development/pico/pico-sdk/src/rp2_common/pico_printf/printf.c.obj
 .text._out_rev
                0x0000000010002ee0       0x9c CMakeFiles/Drive.dir/home/dobbs/Documents/development/pico/pico-sdk/src/rp2_common/pico_printf/printf.c.obj
 .text._ntoa_format
                0x0000000010002f7c      0x1cc CMakeFiles/Drive.dir/home/dobbs/Documents/development/pico/pico-sdk/src/rp2_common/pico_printf/printf.c.obj
 .text._out_char
                0x0000000010003148       0x10 CMakeFiles/Drive.dir/home/dobbs/Documents/development/pico/pico-sdk/src/rp2_common/pico_printf/printf.c.obj
 .text._out_fct
                0x0000000010003158       0x10 CMakeFiles/Drive.dir/home/dobbs/Documents/development/pico/pico-sdk/src/rp2_common/pico_printf/printf.c.obj
 .text._etoa    0x0000000010003168      0x44c CMakeFiles/Drive.dir/home/dobbs/Documents/development/pico/pico-sdk/src/rp2_common/pico_printf/printf.c.obj
 .text._ftoa    0x00000000100035b4      0x398 CMakeFiles/Drive.dir/home/dobbs/Documents/development/pico/pico-sdk/src/rp2_common/pico_printf/printf.c.obj
 .text._vsnprintf
                0x000000001000394c      0xb04 CMakeFiles/Drive.dir/home/dobbs/Documents/development/pico/pico-sdk/src/rp2_common/pico_printf/printf.c.obj
 .text.__wrap_snprintf
                0x0000000010004450       0x28 CMakeFiles/Drive.dir/home/dobbs/Documents/development/pico/pico-sdk/src/rp2_common/pico_printf/printf.c.obj
                0x0000000010004450                __wrap_snprintf
 .text.vfctprintf
                0x0000000010004478       0x20 CMakeFiles/Drive.dir/home/dobbs/Documents/development/pico/pico-sdk/src/rp2_common/pico_printf/printf.c.obj
                0x0000000010004478                vfctprintf
 .text.weak_raw_printf
                0x0000000010004498       0x40 CMakeFiles/Drive.dir/home/dobbs/Documents/development/pico/pico-sdk/src/rp2_common/pico_printf/printf.c.obj
                0x0000000010004498                weak_raw_printf
 .text.weak_raw_vprintf
                0x00000000100044d8       0x30 CMakeFiles/Drive.dir/home/dobbs/Documents/development/pico/pico-sdk/src/rp2_common/pico_printf/printf.c.obj
                0x00000000100044d8                weak_raw_vprintf
 .text          0x0000000010004508       0x10 CMakeFiles/Drive.dir/home/dobbs/Documents/development/pico/pico-sdk/src/rp2_common/pico_bit_ops/bit_ops_aeabi.S.obj
 .text.ctzsi    0x0000000010004518        0xc CMakeFiles/Drive.dir/home/dobbs/Documents/development/pico/pico-sdk/src/rp2_common/pico_bit_ops/bit_ops_aeabi.S.obj
                0x0000000010004518                __wrap___ctzsi2
 .text.rom_func_lookup
                0x0000000010004524       0x10 CMakeFiles/Drive.dir/home/dobbs/Documents/development/pico/pico-sdk/src/rp2_common/pico_bootrom/bootrom.c.obj
                0x0000000010004524                rom_func_lookup
 .text.rom_data_lookup
                0x0000000010004534       0x10 CMakeFiles/Drive.dir/home/dobbs/Documents/development/pico/pico-sdk/src/rp2_common/pico_bootrom/bootrom.c.obj
                0x0000000010004534                rom_data_lookup
 .text.rom_funcs_lookup
                0x0000000010004544       0x44 CMakeFiles/Drive.dir/home/dobbs/Documents/development/pico/pico-sdk/src/rp2_common/pico_bootrom/bootrom.c.obj
                0x0000000010004544                rom_funcs_lookup
 .text.__wrap___aeabi_idiv
                0x0000000010004588       0x50 CMakeFiles/Drive.dir/home/dobbs/Documents/development/pico/pico-sdk/src/rp2_common/pico_divider/divider.S.obj
                0x0000000010004588                __wrap___aeabi_idivmod
                0x0000000010004588                divmod_s32s32
                0x0000000010004588                div_s32s32
                0x0000000010004588                __wrap___aeabi_idiv
                0x0000000010004590                divmod_s32s32_unsafe
                0x00000000100045bc                divmod_s32s32_savestate
 .text.__wrap___aeabi_uidiv
                0x00000000100045d8       0x4c CMakeFiles/Drive.dir/home/dobbs/Documents/development/pico/pico-sdk/src/rp2_common/pico_divider/divider.S.obj
                0x00000000100045d8                __wrap___aeabi_uidiv
                0x00000000100045d8                __wrap___aeabi_uidivmod
                0x00000000100045d8                div_u32u32
                0x00000000100045d8                divmod_u32u32
                0x00000000100045e0                divmod_u32u32_unsafe
                0x0000000010004608                divmod_u32u32_savestate
 .text.__wrap___aeabi_ldiv
                0x0000000010004624      0x424 CMakeFiles/Drive.dir/home/dobbs/Documents/development/pico/pico-sdk/src/rp2_common/pico_divider/divider.S.obj
                0x0000000010004624                div_s64s64
                0x0000000010004624                divmod_s64s64
                0x0000000010004624                __wrap___aeabi_ldivmod
                0x0000000010004654                div_u64u64
                0x0000000010004654                divmod_u64u64
                0x0000000010004654                __wrap___aeabi_uldivmod
                0x0000000010004664                divmod_u64u64_savestate
                0x0000000010004684                divmod_s64s64_unsafe
                0x000000001000470c                divmod_u64u64_unsafe
 .text.__wrap___aeabi_darithmetic
                0x0000000010004a48       0x60 CMakeFiles/Drive.dir/home/dobbs/Documents/development/pico/pico-sdk/src/rp2_common/pico_double/double_aeabi.S.obj
                0x0000000010004a48                __wrap___aeabi_drsub
                0x0000000010004a4e                __wrap___aeabi_dsub
                0x0000000010004a58                __wrap___aeabi_dadd
                0x0000000010004a62                __wrap___aeabi_ddiv
                0x0000000010004a96                __wrap___aeabi_dmul
 .text.__wrap___aeabi_cdcmple
                0x0000000010004aa8       0x6c CMakeFiles/Drive.dir/home/dobbs/Documents/development/pico/pico-sdk/src/rp2_common/pico_double/double_aeabi.S.obj
                0x0000000010004aa8                __wrap___aeabi_cdrcmple
                0x0000000010004ab8                __wrap___aeabi_cdcmple
                0x0000000010004ab8                __wrap___aeabi_cdcmpeq
 .text.__wrap___aeabi_dcmpeq
                0x0000000010004b14       0x10 CMakeFiles/Drive.dir/home/dobbs/Documents/development/pico/pico-sdk/src/rp2_common/pico_double/double_aeabi.S.obj
                0x0000000010004b14                __wrap___aeabi_dcmpeq
 .text.__wrap___aeabi_dcmplt
                0x0000000010004b24        0xc CMakeFiles/Drive.dir/home/dobbs/Documents/development/pico/pico-sdk/src/rp2_common/pico_double/double_aeabi.S.obj
                0x0000000010004b24                __wrap___aeabi_dcmplt
 .text.__wrap___aeabi_dcmple
                0x0000000010004b30       0x10 CMakeFiles/Drive.dir/home/dobbs/Documents/development/pico/pico-sdk/src/rp2_common/pico_double/double_aeabi.S.obj
                0x0000000010004b30                __wrap___aeabi_dcmple
 .text.__wrap___aeabi_dcmpge
                0x0000000010004b40       0x10 CMakeFiles/Drive.dir/home/dobbs/Documents/development/pico/pico-sdk/src/rp2_common/pico_double/double_aeabi.S.obj
                0x0000000010004b40                __wrap___aeabi_dcmpge
 .text.__wrap___aeabi_dcmpgt
                0x0000000010004b50        0xa CMakeFiles/Drive.dir/home/dobbs/Documents/development/pico/pico-sdk/src/rp2_common/pico_double/double_aeabi.S.obj
                0x0000000010004b50                __wrap___aeabi_dcmpgt
 .text.__wrap___aeabi_dcmpun
                0x0000000010004b5a       0x1c CMakeFiles/Drive.dir/home/dobbs/Documents/development/pico/pico-sdk/src/rp2_common/pico_double/double_aeabi.S.obj
                0x0000000010004b5a                __wrap___aeabi_dcmpun
 *fill*         0x0000000010004b76        0x2 
 .text.__wrap___aeabi_i2d
                0x0000000010004b78       0x38 CMakeFiles/Drive.dir/home/dobbs/Documents/development/pico/pico-sdk/src/rp2_common/pico_double/double_aeabi.S.obj
                0x0000000010004b78                __wrap___aeabi_ui2d
                0x0000000010004b80                __wrap___aeabi_i2d
 .text.__wrap___aeabi_d2iz
                0x0000000010004bb0       0x48 CMakeFiles/Drive.dir/home/dobbs/Documents/development/pico/pico-sdk/src/rp2_common/pico_double/double_aeabi.S.obj
                0x0000000010004bb0                __wrap___aeabi_d2iz
                0x0000000010004bb0                double2int_z
 .text.__wrap___aeabi_d2uiz
                0x0000000010004bf8       0x10 CMakeFiles/Drive.dir/home/dobbs/Documents/development/pico/pico-sdk/src/rp2_common/pico_double/double_aeabi.S.obj
                0x0000000010004bf8                double2uint
                0x0000000010004bf8                __wrap___aeabi_d2uiz
 .text.missing_double_func_shim
                0x0000000010004c08        0xc CMakeFiles/Drive.dir/home/dobbs/Documents/development/pico/pico-sdk/src/rp2_common/pico_double/double_init_rom.c.obj
 .text.__aeabi_double_init
                0x0000000010004c14       0x98 CMakeFiles/Drive.dir/home/dobbs/Documents/development/pico/pico-sdk/src/rp2_common/pico_double/double_init_rom.c.obj
                0x0000000010004c14                __aeabi_double_init
 .text.double_table_shim_on_use_helper
                0x0000000010004cac       0x2c CMakeFiles/Drive.dir/home/dobbs/Documents/development/pico/pico-sdk/src/rp2_common/pico_double/double_v1_rom_shim.S.obj
                0x0000000010004cac                double_table_shim_on_use_helper
 .text.__aeabi_lmul
                0x0000000010004cd8       0x32 CMakeFiles/Drive.dir/home/dobbs/Documents/development/pico/pico-sdk/src/rp2_common/pico_int64_ops/pico_int64_ops_aeabi.S.obj
                0x0000000010004cd8                __wrap___aeabi_lmul
 *fill*         0x0000000010004d0a        0x2 
 .text.__wrap___aeabi_farithmetic
                0x0000000010004d0c       0x48 CMakeFiles/Drive.dir/home/dobbs/Documents/development/pico/pico-sdk/src/rp2_common/pico_float/float_aeabi.S.obj
                0x0000000010004d0c                __wrap___aeabi_frsub
                0x0000000010004d12                __wrap___aeabi_fsub
                0x0000000010004d18                __wrap___aeabi_fadd
                0x0000000010004d1e                __wrap___aeabi_fdiv
                0x0000000010004d46                __wrap___aeabi_fmul
 .text.__wrap___aeabi_cfcmple
                0x0000000010004d54       0x50 CMakeFiles/Drive.dir/home/dobbs/Documents/development/pico/pico-sdk/src/rp2_common/pico_float/float_aeabi.S.obj
                0x0000000010004d54                __wrap___aeabi_cfrcmple
                0x0000000010004d60                __wrap___aeabi_cfcmpeq
                0x0000000010004d60                __wrap___aeabi_cfcmple
 .text.__wrap___aeabi_fcmpge
                0x0000000010004da4       0x10 CMakeFiles/Drive.dir/home/dobbs/Documents/development/pico/pico-sdk/src/rp2_common/pico_float/float_aeabi.S.obj
                0x0000000010004da4                __wrap___aeabi_fcmpge
 .text.__wrap___aeabi_fcmpgt
                0x0000000010004db4        0xa CMakeFiles/Drive.dir/home/dobbs/Documents/development/pico/pico-sdk/src/rp2_common/pico_float/float_aeabi.S.obj
                0x0000000010004db4                __wrap___aeabi_fcmpgt
 .text.__wrap___aeabi_ui2f
                0x0000000010004dbe        0xa CMakeFiles/Drive.dir/home/dobbs/Documents/development/pico/pico-sdk/src/rp2_common/pico_float/float_aeabi.S.obj
                0x0000000010004dbe                __wrap___aeabi_ui2f
 .text.__wrap___aeabi_i2f
                0x0000000010004dc8       0x44 CMakeFiles/Drive.dir/home/dobbs/Documents/development/pico/pico-sdk/src/rp2_common/pico_float/float_aeabi.S.obj
                0x0000000010004dc8                __wrap___aeabi_i2f
 .text.__wrap___aeabi_f2uiz
                0x0000000010004e0c        0xc CMakeFiles/Drive.dir/home/dobbs/Documents/development/pico/pico-sdk/src/rp2_common/pico_float/float_aeabi.S.obj
                0x0000000010004e0c                __wrap___aeabi_f2uiz
 .text.missing_float_func_shim
                0x0000000010004e18        0xc CMakeFiles/Drive.dir/home/dobbs/Documents/development/pico/pico-sdk/src/rp2_common/pico_float/float_init_rom.c.obj
 .text.__aeabi_float_init
                0x0000000010004e24       0x5c CMakeFiles/Drive.dir/home/dobbs/Documents/development/pico/pico-sdk/src/rp2_common/pico_float/float_init_rom.c.obj
                0x0000000010004e24                __aeabi_float_init
 .text.__wrap_malloc
                0x0000000010004e80       0x3c CMakeFiles/Drive.dir/home/dobbs/Documents/development/pico/pico-sdk/src/rp2_common/pico_malloc/pico_malloc.c.obj
                0x0000000010004e80                __wrap_malloc
 .text.__wrap_calloc
                0x0000000010004ebc       0x40 CMakeFiles/Drive.dir/home/dobbs/Documents/development/pico/pico-sdk/src/rp2_common/pico_malloc/pico_malloc.c.obj
                0x0000000010004ebc                __wrap_calloc
 .text.__wrap_realloc
                0x0000000010004efc       0x40 CMakeFiles/Drive.dir/home/dobbs/Documents/development/pico/pico-sdk/src/rp2_common/pico_malloc/pico_malloc.c.obj
                0x0000000010004efc                __wrap_realloc
 .text.__wrap_free
                0x0000000010004f3c       0x20 CMakeFiles/Drive.dir/home/dobbs/Documents/development/pico/pico-sdk/src/rp2_common/pico_malloc/pico_malloc.c.obj
                0x0000000010004f3c                __wrap_free
 .text          0x0000000010004f5c       0x10 CMakeFiles/Drive.dir/home/dobbs/Documents/development/pico/pico-sdk/src/rp2_common/pico_mem_ops/mem_ops_aeabi.S.obj
                0x0000000010004f5c                __aeabi_mem_init
 .text.memset   0x0000000010004f6c        0xc CMakeFiles/Drive.dir/home/dobbs/Documents/development/pico/pico-sdk/src/rp2_common/pico_mem_ops/mem_ops_aeabi.S.obj
                0x0000000010004f6c                __wrap_memset
 .text.memcpy   0x0000000010004f78        0xc CMakeFiles/Drive.dir/home/dobbs/Documents/development/pico/pico-sdk/src/rp2_common/pico_mem_ops/mem_ops_aeabi.S.obj
                0x0000000010004f78                __wrap___aeabi_memcpy
                0x0000000010004f78                __wrap_memcpy
 .text.stdio_out_chars_no_crlf
                0x0000000010004f84       0x10 CMakeFiles/Drive.dir/home/dobbs/Documents/development/pico/pico-sdk/src/rp2_common/pico_stdio/stdio.c.obj
 .text.stdio_out_chars_crlf
                0x0000000010004f94       0xb4 CMakeFiles/Drive.dir/home/dobbs/Documents/development/pico/pico-sdk/src/rp2_common/pico_stdio/stdio.c.obj
 .text.stdio_buffered_printer
                0x0000000010005048       0x64 CMakeFiles/Drive.dir/home/dobbs/Documents/development/pico/pico-sdk/src/rp2_common/pico_stdio/stdio.c.obj
 .text.stdio_put_string.isra.0
                0x00000000100050ac       0xfc CMakeFiles/Drive.dir/home/dobbs/Documents/development/pico/pico-sdk/src/rp2_common/pico_stdio/stdio.c.obj
 .text.__wrap_putchar
                0x00000000100051a8       0x98 CMakeFiles/Drive.dir/home/dobbs/Documents/development/pico/pico-sdk/src/rp2_common/pico_stdio/stdio.c.obj
                0x00000000100051a8                __wrap_putchar
 .text.__wrap_puts
                0x0000000010005240       0x3c CMakeFiles/Drive.dir/home/dobbs/Documents/development/pico/pico-sdk/src/rp2_common/pico_stdio/stdio.c.obj
                0x0000000010005240                __wrap_puts
 .text._read    0x000000001000527c       0x94 CMakeFiles/Drive.dir/home/dobbs/Documents/development/pico/pico-sdk/src/rp2_common/pico_stdio/stdio.c.obj
                0x000000001000527c                _read
 .text._write   0x0000000010005310       0xac CMakeFiles/Drive.dir/home/dobbs/Documents/development/pico/pico-sdk/src/rp2_common/pico_stdio/stdio.c.obj
                0x0000000010005310                _write
 .text._close   0x00000000100053bc        0x8 CMakeFiles/Drive.dir/home/dobbs/Documents/development/pico/pico-sdk/src/rp2_common/pico_stdio/stdio.c.obj
                0x00000000100053bc                _close
 .text._lseek   0x00000000100053c4        0x8 CMakeFiles/Drive.dir/home/dobbs/Documents/development/pico/pico-sdk/src/rp2_common/pico_stdio/stdio.c.obj
                0x00000000100053c4                _lseek
 .text._fstat   0x00000000100053cc        0x8 CMakeFiles/Drive.dir/home/dobbs/Documents/development/pico/pico-sdk/src/rp2_common/pico_stdio/stdio.c.obj
                0x00000000100053cc                _fstat
 .text._isatty  0x00000000100053d4        0xc CMakeFiles/Drive.dir/home/dobbs/Documents/development/pico/pico-sdk/src/rp2_common/pico_stdio/stdio.c.obj
                0x00000000100053d4                _isatty
 .text.stdio_set_driver_enabled
                0x00000000100053e0       0x30 CMakeFiles/Drive.dir/home/dobbs/Documents/development/pico/pico-sdk/src/rp2_common/pico_stdio/stdio.c.obj
                0x00000000100053e0                stdio_set_driver_enabled
 .text.__wrap_vprintf
                0x0000000010005410       0xd8 CMakeFiles/Drive.dir/home/dobbs/Documents/development/pico/pico-sdk/src/rp2_common/pico_stdio/stdio.c.obj
                0x0000000010005410                __wrap_vprintf
 .text.__wrap_printf
                0x00000000100054e8       0x18 CMakeFiles/Drive.dir/home/dobbs/Documents/development/pico/pico-sdk/src/rp2_common/pico_stdio/stdio.c.obj
                0x00000000100054e8                __wrap_printf
 .text.stdio_init_all
                0x0000000010005500       0x10 CMakeFiles/Drive.dir/home/dobbs/Documents/development/pico/pico-sdk/src/rp2_common/pico_stdio/stdio.c.obj
                0x0000000010005500                stdio_init_all
 .text.stdio_uart_init
                0x0000000010005510        0x4 CMakeFiles/Drive.dir/home/dobbs/Documents/development/pico/pico-sdk/src/rp2_common/pico_stdio_uart/stdio_uart.c.obj
                0x0000000010005510                stdio_uart_init
 .text.resetd_init
                0x0000000010005514        0x4 CMakeFiles/Drive.dir/home/dobbs/Documents/development/pico/pico-sdk/src/rp2_common/pico_stdio_usb/reset_interface.c.obj
 .text.resetd_reset
                0x0000000010005518        0xc CMakeFiles/Drive.dir/home/dobbs/Documents/development/pico/pico-sdk/src/rp2_common/pico_stdio_usb/reset_interface.c.obj
 .text.resetd_open
                0x0000000010005524       0x28 CMakeFiles/Drive.dir/home/dobbs/Documents/development/pico/pico-sdk/src/rp2_common/pico_stdio_usb/reset_interface.c.obj
 .text.resetd_xfer_cb
                0x000000001000554c        0x4 CMakeFiles/Drive.dir/home/dobbs/Documents/development/pico/pico-sdk/src/rp2_common/pico_stdio_usb/reset_interface.c.obj
 .text.resetd_control_xfer_cb
                0x0000000010005550       0x64 CMakeFiles/Drive.dir/home/dobbs/Documents/development/pico/pico-sdk/src/rp2_common/pico_stdio_usb/reset_interface.c.obj
 .text.usbd_app_driver_get_cb
                0x00000000100055b4        0xc CMakeFiles/Drive.dir/home/dobbs/Documents/development/pico/pico-sdk/src/rp2_common/pico_stdio_usb/reset_interface.c.obj
                0x00000000100055b4                usbd_app_driver_get_cb
 .text.tud_cdc_line_coding_cb
                0x00000000100055c0       0x34 CMakeFiles/Drive.dir/home/dobbs/Documents/development/pico/pico-sdk/src/rp2_common/pico_stdio_usb/reset_interface.c.obj
                0x00000000100055c0                tud_cdc_line_coding_cb
 .text.stdio_usb_set_chars_available_callback
                0x00000000100055f4       0x14 CMakeFiles/Drive.dir/home/dobbs/Documents/development/pico/pico-sdk/src/rp2_common/pico_stdio_usb/stdio_usb.c.obj
                0x00000000100055f4                stdio_usb_set_chars_available_callback
 .text.usb_irq  0x0000000010005608       0x10 CMakeFiles/Drive.dir/home/dobbs/Documents/development/pico/pico-sdk/src/rp2_common/pico_stdio_usb/stdio_usb.c.obj
 .text.timer_task
                0x0000000010005618       0x54 CMakeFiles/Drive.dir/home/dobbs/Documents/development/pico/pico-sdk/src/rp2_common/pico_stdio_usb/stdio_usb.c.obj
 .text.stdio_usb_in_chars
                0x000000001000566c       0x90 CMakeFiles/Drive.dir/home/dobbs/Documents/development/pico/pico-sdk/src/rp2_common/pico_stdio_usb/stdio_usb.c.obj
                0x000000001000566c                stdio_usb_in_chars
 .text.stdio_usb_out_chars
                0x00000000100056fc      0x100 CMakeFiles/Drive.dir/home/dobbs/Documents/development/pico/pico-sdk/src/rp2_common/pico_stdio_usb/stdio_usb.c.obj
 .text.low_priority_worker_irq
                0x00000000100057fc       0xa8 CMakeFiles/Drive.dir/home/dobbs/Documents/development/pico/pico-sdk/src/rp2_common/pico_stdio_usb/stdio_usb.c.obj
 .text.tud_cdc_rx_cb
                0x00000000100058a4       0x20 CMakeFiles/Drive.dir/home/dobbs/Documents/development/pico/pico-sdk/src/rp2_common/pico_stdio_usb/stdio_usb.c.obj
                0x00000000100058a4                tud_cdc_rx_cb
 .text.stdio_usb_init
                0x00000000100058c4       0xdc CMakeFiles/Drive.dir/home/dobbs/Documents/development/pico/pico-sdk/src/rp2_common/pico_stdio_usb/stdio_usb.c.obj
                0x00000000100058c4                stdio_usb_init
 .text.tud_descriptor_device_cb
                0x00000000100059a0        0x8 CMakeFiles/Drive.dir/home/dobbs/Documents/development/pico/pico-sdk/src/rp2_common/pico_stdio_usb/stdio_usb_descriptors.c.obj
                0x00000000100059a0                tud_descriptor_device_cb
 .text.tud_descriptor_configuration_cb
                0x00000000100059a8        0x8 CMakeFiles/Drive.dir/home/dobbs/Documents/development/pico/pico-sdk/src/rp2_common/pico_stdio_usb/stdio_usb_descriptors.c.obj
                0x00000000100059a8                tud_descriptor_configuration_cb
 .text.tud_descriptor_string_cb
                0x00000000100059b0       0x74 CMakeFiles/Drive.dir/home/dobbs/Documents/development/pico/pico-sdk/src/rp2_common/pico_stdio_usb/stdio_usb_descriptors.c.obj
                0x00000000100059b0                tud_descriptor_string_cb
 .text.startup._retrieve_unique_id_on_boot
                0x0000000010005a24       0x10 CMakeFiles/Drive.dir/home/dobbs/Documents/development/pico/pico-sdk/src/rp2_common/pico_unique_id/unique_id.c.obj
 .text.pico_get_unique_board_id_string
                0x0000000010005a34      0x1a8 CMakeFiles/Drive.dir/home/dobbs/Documents/development/pico/pico-sdk/src/rp2_common/pico_unique_id/unique_id.c.obj
                0x0000000010005a34                pico_get_unique_board_id_string
 .text.flash_get_unique_id
                0x0000000010005bdc       0x40 CMakeFiles/Drive.dir/home/dobbs/Documents/development/pico/pico-sdk/src/rp2_common/hardware_flash/flash.c.obj
                0x0000000010005bdc                flash_get_unique_id
 .text.dcd_int_enable
                0x0000000010005c1c        0xc CMakeFiles/Drive.dir/home/dobbs/Documents/development/pico/pico-sdk/lib/tinyusb/src/portable/raspberrypi/rp2040/dcd_rp2040.c.obj
                0x0000000010005c1c                dcd_int_enable
 .text.dcd_set_address
                0x0000000010005c28       0x14 CMakeFiles/Drive.dir/home/dobbs/Documents/development/pico/pico-sdk/lib/tinyusb/src/portable/raspberrypi/rp2040/dcd_rp2040.c.obj
                0x0000000010005c28                dcd_set_address
 .text.dcd_connect
                0x0000000010005c3c       0x10 CMakeFiles/Drive.dir/home/dobbs/Documents/development/pico/pico-sdk/lib/tinyusb/src/portable/raspberrypi/rp2040/dcd_rp2040.c.obj
                0x0000000010005c3c                dcd_connect
 .text.dcd_init
                0x0000000010005c4c       0x98 CMakeFiles/Drive.dir/home/dobbs/Documents/development/pico/pico-sdk/lib/tinyusb/src/portable/raspberrypi/rp2040/dcd_rp2040.c.obj
                0x0000000010005c4c                dcd_init
 .text.dcd_edpt0_status_complete
                0x0000000010005ce4       0x1c CMakeFiles/Drive.dir/home/dobbs/Documents/development/pico/pico-sdk/lib/tinyusb/src/portable/raspberrypi/rp2040/dcd_rp2040.c.obj
                0x0000000010005ce4                dcd_edpt0_status_complete
 .text.dcd_edpt_open
                0x0000000010005d00      0x108 CMakeFiles/Drive.dir/home/dobbs/Documents/development/pico/pico-sdk/lib/tinyusb/src/portable/raspberrypi/rp2040/dcd_rp2040.c.obj
                0x0000000010005d00                dcd_edpt_open
 .text.dcd_edpt_close_all
                0x0000000010005e08        0x8 CMakeFiles/Drive.dir/home/dobbs/Documents/development/pico/pico-sdk/lib/tinyusb/src/portable/raspberrypi/rp2040/dcd_rp2040.c.obj
                0x0000000010005e08                dcd_edpt_close_all
 .text.dcd_edpt_xfer
                0x0000000010005e10       0x24 CMakeFiles/Drive.dir/home/dobbs/Documents/development/pico/pico-sdk/lib/tinyusb/src/portable/raspberrypi/rp2040/dcd_rp2040.c.obj
                0x0000000010005e10                dcd_edpt_xfer
 .text.dcd_edpt_stall
                0x0000000010005e34       0x38 CMakeFiles/Drive.dir/home/dobbs/Documents/development/pico/pico-sdk/lib/tinyusb/src/portable/raspberrypi/rp2040/dcd_rp2040.c.obj
                0x0000000010005e34                dcd_edpt_stall
 .text.dcd_edpt_clear_stall
                0x0000000010005e6c       0x30 CMakeFiles/Drive.dir/home/dobbs/Documents/development/pico/pico-sdk/lib/tinyusb/src/portable/raspberrypi/rp2040/dcd_rp2040.c.obj
                0x0000000010005e6c                dcd_edpt_clear_stall
 .text.rp2040_usb_init
                0x0000000010005e9c       0x4c CMakeFiles/Drive.dir/home/dobbs/Documents/development/pico/pico-sdk/lib/tinyusb/src/portable/raspberrypi/rp2040/rp2040_usb.c.obj
                0x0000000010005e9c                rp2040_usb_init
 .text.hw_endpoint_xfer_start
                0x0000000010005ee8       0x50 CMakeFiles/Drive.dir/home/dobbs/Documents/development/pico/pico-sdk/lib/tinyusb/src/portable/raspberrypi/rp2040/rp2040_usb.c.obj
                0x0000000010005ee8                hw_endpoint_xfer_start
 .text.tud_mounted
                0x0000000010005f38       0x10 CMakeFiles/Drive.dir/home/dobbs/Documents/development/pico/pico-sdk/lib/tinyusb/src/device/usbd.c.obj
                0x0000000010005f38                tud_mounted
 .text.tud_suspended
                0x0000000010005f48       0x10 CMakeFiles/Drive.dir/home/dobbs/Documents/development/pico/pico-sdk/lib/tinyusb/src/device/usbd.c.obj
                0x0000000010005f48                tud_suspended
 .text.tud_inited
                0x0000000010005f58       0x14 CMakeFiles/Drive.dir/home/dobbs/Documents/development/pico/pico-sdk/lib/tinyusb/src/device/usbd.c.obj
                0x0000000010005f58                tud_inited
 .text.tud_init
                0x0000000010005f6c       0xe4 CMakeFiles/Drive.dir/home/dobbs/Documents/development/pico/pico-sdk/lib/tinyusb/src/device/usbd.c.obj
                0x0000000010005f6c                tud_init
 .text.tud_task_ext
                0x0000000010006050      0x854 CMakeFiles/Drive.dir/home/dobbs/Documents/development/pico/pico-sdk/lib/tinyusb/src/device/usbd.c.obj
                0x0000000010006050                tud_task_ext
 .text.usbd_open_edpt_pair
                0x00000000100068a4       0x9c CMakeFiles/Drive.dir/home/dobbs/Documents/development/pico/pico-sdk/lib/tinyusb/src/device/usbd.c.obj
                0x00000000100068a4                usbd_open_edpt_pair
 .text.usbd_defer_func
                0x0000000010006940       0x48 CMakeFiles/Drive.dir/home/dobbs/Documents/development/pico/pico-sdk/lib/tinyusb/src/device/usbd.c.obj
                0x0000000010006940                usbd_defer_func
 .text.usbd_edpt_open
                0x0000000010006988       0x34 CMakeFiles/Drive.dir/home/dobbs/Documents/development/pico/pico-sdk/lib/tinyusb/src/device/usbd.c.obj
                0x0000000010006988                usbd_edpt_open
 .text.usbd_edpt_claim
                0x00000000100069bc       0x28 CMakeFiles/Drive.dir/home/dobbs/Documents/development/pico/pico-sdk/lib/tinyusb/src/device/usbd.c.obj
                0x00000000100069bc                usbd_edpt_claim
 .text.usbd_edpt_release
                0x00000000100069e4       0x28 CMakeFiles/Drive.dir/home/dobbs/Documents/development/pico/pico-sdk/lib/tinyusb/src/device/usbd.c.obj
                0x00000000100069e4                usbd_edpt_release
 .text.usbd_edpt_xfer
                0x0000000010006a0c       0x4c CMakeFiles/Drive.dir/home/dobbs/Documents/development/pico/pico-sdk/lib/tinyusb/src/device/usbd.c.obj
                0x0000000010006a0c                usbd_edpt_xfer
 .text.tud_control_status
                0x0000000010006a58       0x30 CMakeFiles/Drive.dir/home/dobbs/Documents/development/pico/pico-sdk/lib/tinyusb/src/device/usbd_control.c.obj
                0x0000000010006a58                tud_control_status
 .text.tud_control_xfer
                0x0000000010006a88       0xbc CMakeFiles/Drive.dir/home/dobbs/Documents/development/pico/pico-sdk/lib/tinyusb/src/device/usbd_control.c.obj
                0x0000000010006a88                tud_control_xfer
 .text.usbd_control_reset
                0x0000000010006b44       0x14 CMakeFiles/Drive.dir/home/dobbs/Documents/development/pico/pico-sdk/lib/tinyusb/src/device/usbd_control.c.obj
                0x0000000010006b44                usbd_control_reset
 .text.usbd_control_set_complete_callback
                0x0000000010006b58        0xc CMakeFiles/Drive.dir/home/dobbs/Documents/development/pico/pico-sdk/lib/tinyusb/src/device/usbd_control.c.obj
                0x0000000010006b58                usbd_control_set_complete_callback
 .text.usbd_control_set_request
                0x0000000010006b64       0x1c CMakeFiles/Drive.dir/home/dobbs/Documents/development/pico/pico-sdk/lib/tinyusb/src/device/usbd_control.c.obj
                0x0000000010006b64                usbd_control_set_request
 .text.usbd_control_xfer_cb
                0x0000000010006b80       0xfc CMakeFiles/Drive.dir/home/dobbs/Documents/development/pico/pico-sdk/lib/tinyusb/src/device/usbd_control.c.obj
                0x0000000010006b80                usbd_control_xfer_cb
 .text.tud_cdc_n_connected
                0x0000000010006c7c       0x30 CMakeFiles/Drive.dir/home/dobbs/Documents/development/pico/pico-sdk/lib/tinyusb/src/class/cdc/cdc_device.c.obj
                0x0000000010006c7c                tud_cdc_n_connected
 .text.tud_cdc_n_available
                0x0000000010006cac       0x18 CMakeFiles/Drive.dir/home/dobbs/Documents/development/pico/pico-sdk/lib/tinyusb/src/class/cdc/cdc_device.c.obj
                0x0000000010006cac                tud_cdc_n_available
 .text.tud_cdc_n_read
                0x0000000010006cc4       0x70 CMakeFiles/Drive.dir/home/dobbs/Documents/development/pico/pico-sdk/lib/tinyusb/src/class/cdc/cdc_device.c.obj
                0x0000000010006cc4                tud_cdc_n_read
 .text.tud_cdc_n_write_flush
                0x0000000010006d34       0x78 CMakeFiles/Drive.dir/home/dobbs/Documents/development/pico/pico-sdk/lib/tinyusb/src/class/cdc/cdc_device.c.obj
                0x0000000010006d34                tud_cdc_n_write_flush
 .text.tud_cdc_n_write
                0x0000000010006dac       0x34 CMakeFiles/Drive.dir/home/dobbs/Documents/development/pico/pico-sdk/lib/tinyusb/src/class/cdc/cdc_device.c.obj
                0x0000000010006dac                tud_cdc_n_write
 .text.tud_cdc_n_write_available
                0x0000000010006de0       0x18 CMakeFiles/Drive.dir/home/dobbs/Documents/development/pico/pico-sdk/lib/tinyusb/src/class/cdc/cdc_device.c.obj
                0x0000000010006de0                tud_cdc_n_write_available
 .text.cdcd_init
                0x0000000010006df8       0x7c CMakeFiles/Drive.dir/home/dobbs/Documents/development/pico/pico-sdk/lib/tinyusb/src/class/cdc/cdc_device.c.obj
                0x0000000010006df8                cdcd_init
 .text.cdcd_reset
                0x0000000010006e74       0x2c CMakeFiles/Drive.dir/home/dobbs/Documents/development/pico/pico-sdk/lib/tinyusb/src/class/cdc/cdc_device.c.obj
                0x0000000010006e74                cdcd_reset
 .text.cdcd_open
                0x0000000010006ea0       0xe8 CMakeFiles/Drive.dir/home/dobbs/Documents/development/pico/pico-sdk/lib/tinyusb/src/class/cdc/cdc_device.c.obj
                0x0000000010006ea0                cdcd_open
 .text.cdcd_control_xfer_cb
                0x0000000010006f88       0xe4 CMakeFiles/Drive.dir/home/dobbs/Documents/development/pico/pico-sdk/lib/tinyusb/src/class/cdc/cdc_device.c.obj
                0x0000000010006f88                cdcd_control_xfer_cb
 .text.cdcd_xfer_cb
                0x000000001000706c      0x148 CMakeFiles/Drive.dir/home/dobbs/Documents/development/pico/pico-sdk/lib/tinyusb/src/class/cdc/cdc_device.c.obj
                0x000000001000706c                cdcd_xfer_cb
 .text.tusb_init
                0x00000000100071b4        0xc CMakeFiles/Drive.dir/home/dobbs/Documents/development/pico/pico-sdk/lib/tinyusb/src/tusb.c.obj
                0x00000000100071b4                tusb_init
 .text.tusb_inited
                0x00000000100071c0        0x8 CMakeFiles/Drive.dir/home/dobbs/Documents/development/pico/pico-sdk/lib/tinyusb/src/tusb.c.obj
                0x00000000100071c0                tusb_inited
 .text.tu_edpt_claim
                0x00000000100071c8       0x50 CMakeFiles/Drive.dir/home/dobbs/Documents/development/pico/pico-sdk/lib/tinyusb/src/tusb.c.obj
                0x00000000100071c8                tu_edpt_claim
 .text.tu_edpt_release
                0x0000000010007218       0x38 CMakeFiles/Drive.dir/home/dobbs/Documents/development/pico/pico-sdk/lib/tinyusb/src/tusb.c.obj
                0x0000000010007218                tu_edpt_release
 .text.tu_edpt_validate
                0x0000000010007250       0x78 CMakeFiles/Drive.dir/home/dobbs/Documents/development/pico/pico-sdk/lib/tinyusb/src/tusb.c.obj
                0x0000000010007250                tu_edpt_validate
 .text.tu_edpt_bind_driver
                0x00000000100072c8       0x34 CMakeFiles/Drive.dir/home/dobbs/Documents/development/pico/pico-sdk/lib/tinyusb/src/tusb.c.obj
                0x00000000100072c8                tu_edpt_bind_driver
 .text.tu_fifo_config
                0x00000000100072fc       0x70 CMakeFiles/Drive.dir/home/dobbs/Documents/development/pico/pico-sdk/lib/tinyusb/src/common/tusb_fifo.c.obj
                0x00000000100072fc                tu_fifo_config
 .text.tu_fifo_count
                0x000000001000736c       0x2c CMakeFiles/Drive.dir/home/dobbs/Documents/development/pico/pico-sdk/lib/tinyusb/src/common/tusb_fifo.c.obj
                0x000000001000736c                tu_fifo_count
 .text.tu_fifo_empty
                0x0000000010007398       0x10 CMakeFiles/Drive.dir/home/dobbs/Documents/development/pico/pico-sdk/lib/tinyusb/src/common/tusb_fifo.c.obj
                0x0000000010007398                tu_fifo_empty
 .text.tu_fifo_remaining
                0x00000000100073a8       0x2c CMakeFiles/Drive.dir/home/dobbs/Documents/development/pico/pico-sdk/lib/tinyusb/src/common/tusb_fifo.c.obj
                0x00000000100073a8                tu_fifo_remaining
 .text.tu_fifo_read
                0x00000000100073d4       0xa0 CMakeFiles/Drive.dir/home/dobbs/Documents/development/pico/pico-sdk/lib/tinyusb/src/common/tusb_fifo.c.obj
                0x00000000100073d4                tu_fifo_read
 .text.tu_fifo_read_n
                0x0000000010007474       0xec CMakeFiles/Drive.dir/home/dobbs/Documents/development/pico/pico-sdk/lib/tinyusb/src/common/tusb_fifo.c.obj
                0x0000000010007474                tu_fifo_read_n
 .text.tu_fifo_write
                0x0000000010007560       0x88 CMakeFiles/Drive.dir/home/dobbs/Documents/development/pico/pico-sdk/lib/tinyusb/src/common/tusb_fifo.c.obj
                0x0000000010007560                tu_fifo_write
 .text.tu_fifo_write_n
                0x00000000100075e8      0x168 CMakeFiles/Drive.dir/home/dobbs/Documents/development/pico/pico-sdk/lib/tinyusb/src/common/tusb_fifo.c.obj
                0x00000000100075e8                tu_fifo_write_n
 .text.tu_fifo_clear
                0x0000000010007750       0x40 CMakeFiles/Drive.dir/home/dobbs/Documents/development/pico/pico-sdk/lib/tinyusb/src/common/tusb_fifo.c.obj
                0x0000000010007750                tu_fifo_clear
 .text.tu_fifo_set_overwritable
                0x0000000010007790       0x48 CMakeFiles/Drive.dir/home/dobbs/Documents/development/pico/pico-sdk/lib/tinyusb/src/common/tusb_fifo.c.obj
                0x0000000010007790                tu_fifo_set_overwritable
 .text.pio_claim_unused_sm
                0x00000000100077d8       0x3c CMakeFiles/Drive.dir/home/dobbs/Documents/development/pico/pico-sdk/src/rp2_common/hardware_pio/pio.c.obj
                0x00000000100077d8                pio_claim_unused_sm
 .text.pio_add_program
                0x0000000010007814       0xc8 CMakeFiles/Drive.dir/home/dobbs/Documents/development/pico/pico-sdk/src/rp2_common/hardware_pio/pio.c.obj
                0x0000000010007814                pio_add_program
 .text.pio_sm_set_pins_with_mask
                0x00000000100078dc       0xa4 CMakeFiles/Drive.dir/home/dobbs/Documents/development/pico/pico-sdk/src/rp2_common/hardware_pio/pio.c.obj
                0x00000000100078dc                pio_sm_set_pins_with_mask
 .text.pio_sm_set_pindirs_with_mask
                0x0000000010007980       0xa4 CMakeFiles/Drive.dir/home/dobbs/Documents/development/pico/pico-sdk/src/rp2_common/hardware_pio/pio.c.obj
                0x0000000010007980                pio_sm_set_pindirs_with_mask
 .text.pio_sm_init
                0x0000000010007a24       0x8c CMakeFiles/Drive.dir/home/dobbs/Documents/development/pico/pico-sdk/src/rp2_common/hardware_pio/pio.c.obj
                0x0000000010007a24                pio_sm_init
 .text.spi_init
                0x0000000010007ab0      0x138 CMakeFiles/Drive.dir/home/dobbs/Documents/development/pico/pico-sdk/src/rp2_common/hardware_spi/spi.c.obj
                0x0000000010007ab0                spi_init
 .text.lf_tag_compare
                0x0000000010007be8       0x38 core/libcore.a(tag.c.obj)
                0x0000000010007be8                lf_tag_compare
 .text.lf_time_logical
                0x0000000010007c20        0x8 core/libcore.a(tag.c.obj)
                0x0000000010007c20                lf_time_logical
 .text.lf_time_logical_elapsed
                0x0000000010007c28       0x14 core/libcore.a(tag.c.obj)
                0x0000000010007c28                lf_time_logical_elapsed
 .text.lf_time_physical
                0x0000000010007c3c       0x60 core/libcore.a(tag.c.obj)
                0x0000000010007c3c                lf_time_physical
 .text.lf_time_physical_elapsed
                0x0000000010007c9c       0x6c core/libcore.a(tag.c.obj)
                0x0000000010007c9c                lf_time_physical_elapsed
 .text.lf_time_start
                0x0000000010007d08        0xc core/libcore.a(tag.c.obj)
                0x0000000010007d08                lf_time_start
 .text.lf_comma_separated_time
                0x0000000010007d14      0x274 core/libcore.a(tag.c.obj)
                0x0000000010007d14                lf_comma_separated_time
 .text._lf_allocate
                0x0000000010007f88       0x3c core/libcore.a(reactor_common.c.obj)
                0x0000000010007f88                _lf_allocate
 .text._lf_new_reactor
                0x0000000010007fc4       0x40 core/libcore.a(reactor_common.c.obj)
                0x0000000010007fc4                _lf_new_reactor
 .text._lf_set_stop_tag
                0x0000000010008004       0x3c core/libcore.a(reactor_common.c.obj)
                0x0000000010008004                _lf_set_stop_tag
 .text._lf_start_time_step
                0x0000000010008040       0x68 core/libcore.a(reactor_common.c.obj)
                0x0000000010008040                _lf_start_time_step
 .text._lf_is_tag_after_stop_tag
                0x00000000100080a8       0x30 core/libcore.a(reactor_common.c.obj)
                0x00000000100080a8                _lf_is_tag_after_stop_tag
 .text._lf_initialize_timer
                0x00000000100080d8       0xd4 core/libcore.a(reactor_common.c.obj)
                0x00000000100080d8                _lf_initialize_timer
 .text._lf_initialize_timers
                0x00000000100081ac       0x30 core/libcore.a(reactor_common.c.obj)
                0x00000000100081ac                _lf_initialize_timers
 .text._lf_trigger_startup_reactions
                0x00000000100081dc       0x58 core/libcore.a(reactor_common.c.obj)
                0x00000000100081dc                _lf_trigger_startup_reactions
 .text._lf_trigger_shutdown_reactions
                0x0000000010008234       0x48 core/libcore.a(reactor_common.c.obj)
                0x0000000010008234                _lf_trigger_shutdown_reactions
 .text._lf_recycle_event
                0x000000001000827c       0x20 core/libcore.a(reactor_common.c.obj)
                0x000000001000827c                _lf_recycle_event
 .text._lf_create_dummy_events
                0x000000001000829c       0xbc core/libcore.a(reactor_common.c.obj)
                0x000000001000829c                _lf_create_dummy_events
 .text._lf_schedule_at_tag
                0x0000000010008358      0x2c4 core/libcore.a(reactor_common.c.obj)
                0x0000000010008358                _lf_schedule_at_tag
 .text._lf_schedule
                0x000000001000861c      0x2c4 core/libcore.a(reactor_common.c.obj)
                0x000000001000861c                _lf_schedule
 .text._lf_pop_events
                0x00000000100088e0      0x130 core/libcore.a(reactor_common.c.obj)
                0x00000000100088e0                _lf_pop_events
 .text._lf_advance_logical_time
                0x0000000010008a10       0x38 core/libcore.a(reactor_common.c.obj)
                0x0000000010008a10                _lf_advance_logical_time
 .text._lf_invoke_reaction
                0x0000000010008a48       0x14 core/libcore.a(reactor_common.c.obj)
                0x0000000010008a48                _lf_invoke_reaction
 .text.schedule_output_reactions
                0x0000000010008a5c      0x150 core/libcore.a(reactor_common.c.obj)
                0x0000000010008a5c                schedule_output_reactions
 .text.usage    0x0000000010008bac       0xb0 core/libcore.a(reactor_common.c.obj)
                0x0000000010008bac                usage
 .text.process_args
                0x0000000010008c5c      0x414 core/libcore.a(reactor_common.c.obj)
                0x0000000010008c5c                process_args
 .text.initialize_global
                0x0000000010009070       0x24 core/libcore.a(reactor_common.c.obj)
                0x0000000010009070                initialize_global
 .text.termination
                0x0000000010009094      0x198 core/libcore.a(reactor_common.c.obj)
                0x0000000010009094                termination
 .text._lf_free_token.part.0
                0x000000001000922c       0xcc core/libcore.a(lf_token.c.obj)
 .text._lf_new_token
                0x00000000100092f8       0xb4 core/libcore.a(lf_token.c.obj)
                0x00000000100092f8                _lf_new_token
 .text._lf_initialize_token_with_value
                0x00000000100093ac       0x80 core/libcore.a(lf_token.c.obj)
                0x00000000100093ac                _lf_initialize_token_with_value
 .text._lf_free_all_tokens
                0x000000001000942c       0xe0 core/libcore.a(lf_token.c.obj)
                0x000000001000942c                _lf_free_all_tokens
 .text._lf_replace_template_token
                0x000000001000950c       0x44 core/libcore.a(lf_token.c.obj)
                0x000000001000950c                _lf_replace_template_token
 .text._lf_done_using
                0x0000000010009550       0x2c core/libcore.a(lf_token.c.obj)
                0x0000000010009550                _lf_done_using
 .text._lf_free_token_copies
                0x000000001000957c       0x44 core/libcore.a(lf_token.c.obj)
                0x000000001000957c                _lf_free_token_copies
 .text.environment_init_tags
                0x00000000100095c0       0x58 core/libcore.a(environment.c.obj)
                0x00000000100095c0                environment_init_tags
 .text.environment_free
                0x0000000010009618       0x60 core/libcore.a(environment.c.obj)
                0x0000000010009618                environment_free
 .text.environment_init
                0x0000000010009678      0x1e4 core/libcore.a(environment.c.obj)
                0x0000000010009678                environment_init
 .text._lf_set_present
                0x000000001000985c       0x4c core/libcore.a(reactor.c.obj)
                0x000000001000985c                _lf_set_present
 .text._lf_trigger_reaction
                0x00000000100098a8       0x38 core/libcore.a(reactor.c.obj)
                0x00000000100098a8                _lf_trigger_reaction
 .text._lf_do_step
                0x00000000100098e0       0xb8 core/libcore.a(reactor.c.obj)
                0x00000000100098e0                _lf_do_step
 .text.next     0x0000000010009998      0x138 core/libcore.a(reactor.c.obj)
                0x0000000010009998                next
 .text.lf_reactor_c_main
                0x0000000010009ad0       0xfc core/libcore.a(reactor.c.obj)
                0x0000000010009ad0                lf_reactor_c_main
 .text.lf_critical_section_enter
                0x0000000010009bcc        0x8 core/libcore.a(reactor.c.obj)
                0x0000000010009bcc                lf_critical_section_enter
 .text.lf_critical_section_exit
                0x0000000010009bd4        0x8 core/libcore.a(reactor.c.obj)
                0x0000000010009bd4                lf_critical_section_exit
 .text.vector_at
                0x0000000010009bdc       0x54 core/libcore.a(vector.c.obj)
                0x0000000010009bdc                vector_at
 .text.vector_size
                0x0000000010009c30        0x8 core/libcore.a(vector.c.obj)
                0x0000000010009c30                vector_size
 .text.percolate_down
                0x0000000010009c38       0xd8 core/libcore.a(pqueue.c.obj)
 .text.bubble_up.isra.0
                0x0000000010009d10       0x84 core/libcore.a(pqueue.c.obj)
 .text.find_equal_same_priority
                0x0000000010009d94       0xa8 core/libcore.a(pqueue.c.obj)
                0x0000000010009d94                find_equal_same_priority
 .text.pqueue_init
                0x0000000010009e3c       0x54 core/libcore.a(pqueue.c.obj)
                0x0000000010009e3c                pqueue_init
 .text.pqueue_free
                0x0000000010009e90       0x14 core/libcore.a(pqueue.c.obj)
                0x0000000010009e90                pqueue_free
 .text.pqueue_size
                0x0000000010009ea4       0x10 core/libcore.a(pqueue.c.obj)
                0x0000000010009ea4                pqueue_size
 .text.pqueue_find_equal_same_priority
                0x0000000010009eb4        0xc core/libcore.a(pqueue.c.obj)
                0x0000000010009eb4                pqueue_find_equal_same_priority
 .text.pqueue_insert
                0x0000000010009ec0       0x44 core/libcore.a(pqueue.c.obj)
                0x0000000010009ec0                pqueue_insert
 .text.pqueue_remove
                0x0000000010009f04       0x6c core/libcore.a(pqueue.c.obj)
                0x0000000010009f04                pqueue_remove
 .text.pqueue_pop
                0x0000000010009f70       0x28 core/libcore.a(pqueue.c.obj)
                0x0000000010009f70                pqueue_pop
 .text.pqueue_peek
                0x0000000010009f98       0x14 core/libcore.a(pqueue.c.obj)
                0x0000000010009f98                pqueue_peek
 .text.in_reverse_order
                0x0000000010009fac       0x18 core/libcore.a(pqueue.c.obj)
                0x0000000010009fac                in_reverse_order
 .text.in_no_particular_order
                0x0000000010009fc4        0x4 core/libcore.a(pqueue.c.obj)
                0x0000000010009fc4                in_no_particular_order
 .text.event_matches
                0x0000000010009fc8        0xc core/libcore.a(pqueue.c.obj)
                0x0000000010009fc8                event_matches
 .text.reaction_matches
                0x0000000010009fd4        0x8 core/libcore.a(pqueue.c.obj)
                0x0000000010009fd4                reaction_matches
 .text.get_event_time
                0x0000000010009fdc        0x8 core/libcore.a(pqueue.c.obj)
                0x0000000010009fdc                get_event_time
 .text.get_reaction_index
                0x0000000010009fe4        0x8 core/libcore.a(pqueue.c.obj)
                0x0000000010009fe4                get_reaction_index
 .text.get_event_position
                0x0000000010009fec        0x4 core/libcore.a(pqueue.c.obj)
                0x0000000010009fec                get_event_position
 .text.get_reaction_position
                0x0000000010009ff0        0x4 core/libcore.a(pqueue.c.obj)
                0x0000000010009ff0                get_reaction_position
 .text.set_event_position
                0x0000000010009ff4        0x4 core/libcore.a(pqueue.c.obj)
                0x0000000010009ff4                set_event_position
 .text.set_reaction_position
                0x0000000010009ff8        0x4 core/libcore.a(pqueue.c.obj)
                0x0000000010009ff8                set_reaction_position
 .text.print_reaction
                0x0000000010009ffc        0x4 core/libcore.a(pqueue.c.obj)
                0x0000000010009ffc                print_reaction
 .text.print_event
                0x000000001000a000        0x4 core/libcore.a(pqueue.c.obj)
                0x000000001000a000                print_event
 .text._lf_message_print
                0x000000001000a004       0xc0 core/libcore.a(util.c.obj)
                0x000000001000a004                _lf_message_print
 .text.lf_print
                0x000000001000a0c4       0x88 core/libcore.a(util.c.obj)
                0x000000001000a0c4                lf_print
 .text.lf_print_error
                0x000000001000a14c       0x88 core/libcore.a(util.c.obj)
                0x000000001000a14c                lf_print_error
 .text.lf_print_warning
                0x000000001000a1d4       0x88 core/libcore.a(util.c.obj)
                0x000000001000a1d4                lf_print_warning
 .text.lf_print_error_and_exit
                0x000000001000a25c       0x24 core/libcore.a(util.c.obj)
                0x000000001000a25c                lf_print_error_and_exit
 .text.lf_assert
                0x000000001000a280       0x2c core/libcore.a(util.c.obj)
                0x000000001000a280                lf_assert
 .text.hashset_num_items
                0x000000001000a2ac        0x4 core/libcore.a(hashset.c.obj)
                0x000000001000a2ac                hashset_num_items
 .text.hashset_destroy
                0x000000001000a2b0       0x18 core/libcore.a(hashset.c.obj)
                0x000000001000a2b0                hashset_destroy
 .text.hashset_create
                0x000000001000a2c8       0x40 core/libcore.a(hashset.c.obj)
                0x000000001000a2c8                hashset_create
 .text.hashset_add
                0x000000001000a308      0x180 core/libcore.a(hashset.c.obj)
                0x000000001000a308                hashset_add
 .text.hashset_remove
                0x000000001000a488       0x50 core/libcore.a(hashset.c.obj)
                0x000000001000a488                hashset_remove
 .text.hashset_iterator
                0x000000001000a4d8       0x1c core/libcore.a(hashset_itr.c.obj)
                0x000000001000a4d8                hashset_iterator
 .text.hashset_iterator_next
                0x000000001000a4f4       0x34 core/libcore.a(hashset_itr.c.obj)
                0x000000001000a4f4                hashset_iterator_next
 .text.hashset_iterator_value
                0x000000001000a528        0xc core/libcore.a(hashset_itr.c.obj)
                0x000000001000a528                hashset_iterator_value
 .text._lf_add_suspended_event
                0x000000001000a534       0x3c core/libcore.a(modes.c.obj)
                0x000000001000a534                _lf_add_suspended_event
 .text._lf_mode_is_active
                0x000000001000a570       0x10 core/libcore.a(modes.c.obj)
                0x000000001000a570                _lf_mode_is_active
 .text._lf_handle_mode_startup_reset_reactions
                0x000000001000a580       0xfc core/libcore.a(modes.c.obj)
                0x000000001000a580                _lf_handle_mode_startup_reset_reactions
 .text._lf_handle_mode_shutdown_reactions
                0x000000001000a67c       0x5c core/libcore.a(modes.c.obj)
                0x000000001000a67c                _lf_handle_mode_shutdown_reactions
 .text._lf_process_mode_changes
                0x000000001000a6d8      0x39c core/libcore.a(modes.c.obj)
                0x000000001000a6d8                _lf_process_mode_changes
 .text._lf_terminate_modal_reactors
                0x000000001000aa74       0x50 core/libcore.a(modes.c.obj)
                0x000000001000aa74                _lf_terminate_modal_reactors
 .text._lf_initialize_modes
                0x000000001000aac4       0x44 core/libcore.a(modes.c.obj)
                0x000000001000aac4                _lf_initialize_modes
 .text._lf_handle_mode_changes
                0x000000001000ab08       0x24 core/libcore.a(modes.c.obj)
                0x000000001000ab08                _lf_handle_mode_changes
 .text._lf_handle_mode_triggered_reactions
                0x000000001000ab2c       0x24 core/libcore.a(modes.c.obj)
                0x000000001000ab2c                _lf_handle_mode_triggered_reactions
 .text._lf_initialize_clock
                0x000000001000ab50       0x20 core/libcore.a(lf_rp2040_support.c.obj)
                0x000000001000ab50                _lf_initialize_clock
 .text._lf_clock_now
                0x000000001000ab70       0x24 core/libcore.a(lf_rp2040_support.c.obj)
                0x000000001000ab70                _lf_clock_now
 .text._lf_interruptable_sleep_until_locked
                0x000000001000ab94       0x48 core/libcore.a(lf_rp2040_support.c.obj)
                0x000000001000ab94                _lf_interruptable_sleep_until_locked
 .text.lf_disable_interrupts_nested
                0x000000001000abdc       0x3c core/libcore.a(lf_rp2040_support.c.obj)
                0x000000001000abdc                lf_disable_interrupts_nested
 .text.lf_enable_interrupts_nested
                0x000000001000ac18       0x34 core/libcore.a(lf_rp2040_support.c.obj)
                0x000000001000ac18                lf_enable_interrupts_nested
 .text.color32_0
                0x000000001000ac4c        0x8 robot/librobot.a(display.c.obj)
                0x000000001000ac4c                color32_0
 .text.color32_1
                0x000000001000ac54        0x8 robot/librobot.a(display.c.obj)
                0x000000001000ac54                color32_1
 .text.color32_0_on_1
                0x000000001000ac5c        0x8 robot/librobot.a(display.c.obj)
                0x000000001000ac5c                color32_0_on_1
 .text.color32_1_on_0
                0x000000001000ac64        0x4 robot/librobot.a(display.c.obj)
                0x000000001000ac64                color32_1_on_0
 .text.color32_xor
                0x000000001000ac68        0x8 robot/librobot.a(display.c.obj)
                0x000000001000ac68                color32_xor
 .text.color32_nop
                0x000000001000ac70        0x4 robot/librobot.a(display.c.obj)
                0x000000001000ac70                color32_nop
 .text.color8_0
                0x000000001000ac74        0x8 robot/librobot.a(display.c.obj)
                0x000000001000ac74                color8_0
 .text.color8_1
                0x000000001000ac7c        0x8 robot/librobot.a(display.c.obj)
                0x000000001000ac7c                color8_1
 .text.color8_0_on_1
                0x000000001000ac84        0x8 robot/librobot.a(display.c.obj)
                0x000000001000ac84                color8_0_on_1
 .text.color8_1_on_0
                0x000000001000ac8c        0x4 robot/librobot.a(display.c.obj)
                0x000000001000ac8c                color8_1_on_0
 .text.color8_xor
                0x000000001000ac90        0x8 robot/librobot.a(display.c.obj)
                0x000000001000ac90                color8_xor
 .text.color8_nop
                0x000000001000ac98        0x4 robot/librobot.a(display.c.obj)
                0x000000001000ac98                color8_nop
 .text.display_set_font
                0x000000001000ac9c        0xc robot/librobot.a(display.c.obj)
                0x000000001000ac9c                display_set_font
 .text.display_init
                0x000000001000aca8       0x18 robot/librobot.a(display.c.obj)
                0x000000001000aca8                display_init
 .text.display_fill
                0x000000001000acc0       0x2c robot/librobot.a(display.c.obj)
                0x000000001000acc0                display_fill
 .text.display_show_partial
                0x000000001000acec       0xb0 robot/librobot.a(display.c.obj)
                0x000000001000acec                display_show_partial
 .text.display_text
                0x000000001000ad9c      0x44c robot/librobot.a(display.c.obj)
                0x000000001000ad9c                display_text
 .text.display_fill_rect
                0x000000001000b1e8      0x15c robot/librobot.a(display.c.obj)
                0x000000001000b1e8                display_fill_rect
 .text.display_show
                0x000000001000b344       0x28 robot/librobot.a(display.c.obj)
                0x000000001000b344                display_show
 .text.ir_sensors_read
                0x000000001000b36c       0xcc robot/librobot.a(ir_sensors.c.obj)
 .text.ir_sensors_start_read
                0x000000001000b438      0x1d0 robot/librobot.a(ir_sensors.c.obj)
 .text.line_sensors_calibrate
                0x000000001000b608      0x1a4 robot/librobot.a(ir_sensors.c.obj)
                0x000000001000b608                line_sensors_calibrate
 .text.line_sensors_read
                0x000000001000b7ac       0x70 robot/librobot.a(ir_sensors.c.obj)
                0x000000001000b7ac                line_sensors_read
 .text.line_sensors_read_calibrated
                0x000000001000b81c      0x198 robot/librobot.a(ir_sensors.c.obj)
                0x000000001000b81c                line_sensors_read_calibrated
 .text.motors_init
                0x000000001000b9b4       0x5c robot/librobot.a(motors.c.obj)
                0x000000001000b9b4                motors_init
 .text.motors_set_power
                0x000000001000ba10       0x70 robot/librobot.a(motors.c.obj)
                0x000000001000ba10                motors_set_power
 .text.sh1106_transfer_start
                0x000000001000ba80       0x40 robot/librobot.a(sh1106.c.obj)
                0x000000001000ba80                sh1106_transfer_start
 .text.sh1106_transfer_end
                0x000000001000bac0       0x1c robot/librobot.a(sh1106.c.obj)
                0x000000001000bac0                sh1106_transfer_end
 .text.sh1106_write_page
                0x000000001000badc       0x54 robot/librobot.a(sh1106.c.obj)
                0x000000001000badc                sh1106_write_page
 .text.sh1106_clear
                0x000000001000bb30       0xa0 robot/librobot.a(sh1106.c.obj)
                0x000000001000bb30                sh1106_clear
 .text.sh1106_init
                0x000000001000bbd0       0xd0 robot/librobot.a(sh1106.c.obj)
                0x000000001000bbd0                sh1106_init
 .text          0x000000001000bca0       0x10 /usr/lib/gcc/arm-none-eabi/10.3.1/../../../arm-none-eabi/lib/thumb/v6-m/nofp/libc.a(lib_a-atexit.o)
                0x000000001000bca0                atexit
 .text          0x000000001000bcb0       0x18 /usr/lib/gcc/arm-none-eabi/10.3.1/../../../arm-none-eabi/lib/thumb/v6-m/nofp/libc.a(lib_a-atoi.o)
                0x000000001000bcb0                atoi
                0x000000001000bcbc                _atoi_r
 .text          0x000000001000bcc8       0x18 /usr/lib/gcc/arm-none-eabi/10.3.1/../../../arm-none-eabi/lib/thumb/v6-m/nofp/libc.a(lib_a-atoll.o)
                0x000000001000bcc8                atoll
                0x000000001000bcd4                _atoll_r
 .text          0x000000001000bce0       0x18 /usr/lib/gcc/arm-none-eabi/10.3.1/../../../arm-none-eabi/lib/thumb/v6-m/nofp/libc.a(lib_a-calloc.o)
                0x000000001000bce0                calloc
 .text          0x000000001000bcf8       0x5c /usr/lib/gcc/arm-none-eabi/10.3.1/../../../arm-none-eabi/lib/thumb/v6-m/nofp/libc.a(lib_a-callocr.o)
                0x000000001000bcf8                _calloc_r
 .text          0x000000001000bd54       0x28 /usr/lib/gcc/arm-none-eabi/10.3.1/../../../arm-none-eabi/lib/thumb/v6-m/nofp/libc.a(lib_a-malloc.o)
                0x000000001000bd54                malloc
                0x000000001000bd68                free
 .text          0x000000001000bd7c      0x574 /usr/lib/gcc/arm-none-eabi/10.3.1/../../../arm-none-eabi/lib/thumb/v6-m/nofp/libc.a(lib_a-mallocr.o)
                0x000000001000bd7c                _malloc_r
 .text          0x000000001000c2f0        0x8 /usr/lib/gcc/arm-none-eabi/10.3.1/../../../arm-none-eabi/lib/thumb/v6-m/nofp/libc.a(lib_a-mlock.o)
                0x000000001000c2f0                __malloc_lock
                0x000000001000c2f4                __malloc_unlock
 .text          0x000000001000c2f8       0x18 /usr/lib/gcc/arm-none-eabi/10.3.1/../../../arm-none-eabi/lib/thumb/v6-m/nofp/libc.a(lib_a-realloc.o)
                0x000000001000c2f8                realloc
 .text          0x000000001000c310      0x354 /usr/lib/gcc/arm-none-eabi/10.3.1/../../../arm-none-eabi/lib/thumb/v6-m/nofp/libc.a(lib_a-reallocr.o)
                0x000000001000c310                _realloc_r
 .text          0x000000001000c664       0x24 /usr/lib/gcc/arm-none-eabi/10.3.1/../../../arm-none-eabi/lib/thumb/v6-m/nofp/libc.a(lib_a-sbrkr.o)
                0x000000001000c664                _sbrk_r
 .text          0x000000001000c688       0x88 /usr/lib/gcc/arm-none-eabi/10.3.1/../../../arm-none-eabi/lib/thumb/v6-m/nofp/libc.a(lib_a-strcmp.o)
                0x000000001000c688                strcmp
 .text          0x000000001000c710       0x5c /usr/lib/gcc/arm-none-eabi/10.3.1/../../../arm-none-eabi/lib/thumb/v6-m/nofp/libc.a(lib_a-strlen-stub.o)
                0x000000001000c710                strlen
 .text          0x000000001000c76c       0x74 /usr/lib/gcc/arm-none-eabi/10.3.1/../../../arm-none-eabi/lib/thumb/v6-m/nofp/libc.a(lib_a-strncmp.o)
                0x000000001000c76c                strncmp
 .text          0x000000001000c7e0      0x1b8 /usr/lib/gcc/arm-none-eabi/10.3.1/../../../arm-none-eabi/lib/thumb/v6-m/nofp/libc.a(lib_a-strtol.o)
                0x000000001000c924                _strtol_r
                0x000000001000c940                strtol_l
                0x000000001000c96c                strtol
 .text          0x000000001000c998      0x1d0 /usr/lib/gcc/arm-none-eabi/10.3.1/../../../arm-none-eabi/lib/thumb/v6-m/nofp/libc.a(lib_a-strtoll.o)
                0x000000001000cb30                _strtoll_r
                0x000000001000cb38                strtoll_l
                0x000000001000cb50                strtoll
 .text          0x000000001000cb68     0x16e4 /usr/lib/gcc/arm-none-eabi/10.3.1/../../../arm-none-eabi/lib/thumb/v6-m/nofp/libc.a(lib_a-vfprintf.o)
                0x000000001000cb68                _vfprintf_r
                0x000000001000e1c0                vfprintf
 .text          0x000000001000e24c       0xdc /usr/lib/gcc/arm-none-eabi/10.3.1/../../../arm-none-eabi/lib/thumb/v6-m/nofp/libc.a(lib_a-wsetup.o)
                0x000000001000e24c                __swsetup_r
 .text          0x000000001000e328       0x88 /usr/lib/gcc/arm-none-eabi/10.3.1/../../../arm-none-eabi/lib/thumb/v6-m/nofp/libc.a(lib_a-__atexit.o)
                0x000000001000e328                __register_exitproc
 .text          0x000000001000e3b0     0x1104 /usr/lib/gcc/arm-none-eabi/10.3.1/../../../arm-none-eabi/lib/thumb/v6-m/nofp/libc.a(lib_a-dtoa.o)
                0x000000001000e4f8                _dtoa_r
 .text          0x000000001000f4b4        0xc /usr/lib/gcc/arm-none-eabi/10.3.1/../../../arm-none-eabi/lib/thumb/v6-m/nofp/libc.a(lib_a-errno.o)
                0x000000001000f4b4                __errno
 .text          0x000000001000f4c0      0x1c0 /usr/lib/gcc/arm-none-eabi/10.3.1/../../../arm-none-eabi/lib/thumb/v6-m/nofp/libc.a(lib_a-fflush.o)
                0x000000001000f4c0                __sflush_r
                0x000000001000f600                _fflush_r
                0x000000001000f62c                fflush
 .text          0x000000001000f680      0x248 /usr/lib/gcc/arm-none-eabi/10.3.1/../../../arm-none-eabi/lib/thumb/v6-m/nofp/libc.a(lib_a-findfp.o)
                0x000000001000f684                _cleanup_r
                0x000000001000f780                __sfmoreglue
                0x000000001000f7b0                __sfp
                0x000000001000f860                _cleanup
                0x000000001000f878                __sinit
                0x000000001000f888                __sfp_lock_acquire
                0x000000001000f88c                __sfp_lock_release
                0x000000001000f890                __sinit_lock_acquire
                0x000000001000f894                __sinit_lock_release
                0x000000001000f898                __fp_lock_all
                0x000000001000f8b0                __fp_unlock_all
 .text          0x000000001000f8c8      0x260 /usr/lib/gcc/arm-none-eabi/10.3.1/../../../arm-none-eabi/lib/thumb/v6-m/nofp/libc.a(lib_a-freer.o)
                0x000000001000f8c8                _malloc_trim_r
                0x000000001000f964                _free_r
 .text          0x000000001000fb28       0x88 /usr/lib/gcc/arm-none-eabi/10.3.1/../../../arm-none-eabi/lib/thumb/v6-m/nofp/libc.a(lib_a-fwalk.o)
                0x000000001000fb28                _fwalk
                0x000000001000fb68                _fwalk_reent
 .text          0x000000001000fbb0       0x14 /usr/lib/gcc/arm-none-eabi/10.3.1/../../../arm-none-eabi/lib/thumb/v6-m/nofp/libc.a(lib_a-localeconv.o)
                0x000000001000fbb0                __localeconv_l
                0x000000001000fbb4                _localeconv_r
                0x000000001000fbbc                localeconv
 .text          0x000000001000fbc4      0x144 /usr/lib/gcc/arm-none-eabi/10.3.1/../../../arm-none-eabi/lib/thumb/v6-m/nofp/libc.a(lib_a-makebuf.o)
                0x000000001000fbc4                __smakebuf_r
                0x000000001000fca8                __swhatbuf_r
 .text          0x000000001000fd08      0xafc /usr/lib/gcc/arm-none-eabi/10.3.1/../../../arm-none-eabi/lib/thumb/v6-m/nofp/libc.a(lib_a-mprec.o)
                0x000000001000fd08                _Balloc
                0x000000001000fd58                _Bfree
                0x000000001000fd6c                __multadd
                0x000000001000fe14                __s2b
                0x000000001000fec4                __hi0bits
                0x000000001000fefc                __lo0bits
                0x000000001000ff58                __i2b
                0x000000001000ffb8                __multiply
                0x000000001001015c                __pow5mult
                0x0000000010010234                __lshift
                0x0000000010010330                __mcmp
                0x0000000010010364                __mdiff
                0x00000000100104f0                __ulp
                0x0000000010010538                __b2d
                0x0000000010010600                __d2b
                0x00000000100106d8                __ratio
                0x0000000010010740                _mprec_log10
                0x0000000010010774                __copybits
                0x00000000100107b4                __any_on
 .text          0x0000000010010804       0xa4 /usr/lib/gcc/arm-none-eabi/10.3.1/../../../arm-none-eabi/lib/thumb/v6-m/nofp/libc.a(lib_a-stdio.o)
                0x0000000010010804                __sread
                0x000000001001082c                __seofread
                0x0000000010010830                __swrite
                0x0000000010010870                __sseek
                0x000000001001089c                __sclose
 .text          0x00000000100108a8      0xdd8 /usr/lib/gcc/arm-none-eabi/10.3.1/../../../arm-none-eabi/lib/thumb/v6-m/nofp/libc.a(lib_a-vfiprintf.o)
                0x0000000010010930                __sprint_r
                0x0000000010010944                _vfiprintf_r
                0x00000000100115f4                vfiprintf
 .text          0x0000000010011680       0x28 /usr/lib/gcc/arm-none-eabi/10.3.1/../../../arm-none-eabi/lib/thumb/v6-m/nofp/libc.a(lib_a-writer.o)
                0x0000000010011680                _write_r
 .text          0x00000000100116a8       0x24 /usr/lib/gcc/arm-none-eabi/10.3.1/../../../arm-none-eabi/lib/thumb/v6-m/nofp/libc.a(lib_a-closer.o)
                0x00000000100116a8                _close_r
 .text          0x00000000100116cc       0xe8 /usr/lib/gcc/arm-none-eabi/10.3.1/../../../arm-none-eabi/lib/thumb/v6-m/nofp/libc.a(lib_a-fclose.o)
                0x000000001001173c                _fclose_r
                0x0000000010011774                fclose
 .text          0x00000000100117b4       0xfc /usr/lib/gcc/arm-none-eabi/10.3.1/../../../arm-none-eabi/lib/thumb/v6-m/nofp/libc.a(lib_a-fputwc.o)
                0x00000000100117b4                __fputwc
                0x000000001001184c                _fputwc_r
                0x000000001001186c                fputwc