Archive member included to satisfy reference by file (symbol)

core/libcore.a(tag.c.obj)     CMakeFiles/Drive.dir/lib/schedule.c.obj (lf_time_logical)
core/libcore.a(reactor_common.c.obj)
                              CMakeFiles/Drive.dir/Drive.c.obj (_lf_allocate)
core/libcore.a(lf_token.c.obj)
                              CMakeFiles/Drive.dir/_drive_main.c.obj (_lf_initialize_token_with_value)
core/libcore.a(environment.c.obj)
                              core/libcore.a(reactor_common.c.obj) (environment_free)
core/libcore.a(reactor.c.obj)
                              CMakeFiles/Drive.dir/_drive_main.c.obj (_lf_set_present)
core/libcore.a(vector.c.obj)  core/libcore.a(reactor_common.c.obj) (vector_at)
core/libcore.a(pqueue.c.obj)  core/libcore.a(environment.c.obj) (pqueue_init)
core/libcore.a(util.c.obj)    core/libcore.a(reactor_common.c.obj) (lf_print)
core/libcore.a(hashset.c.obj)
                              core/libcore.a(lf_token.c.obj) (hashset_num_items)
core/libcore.a(hashset_itr.c.obj)
                              core/libcore.a(lf_token.c.obj) (hashset_iterator)
core/libcore.a(modes.c.obj)   core/libcore.a(reactor_common.c.obj) (_lf_add_suspended_event)
core/libcore.a(lf_rp2040_support.c.obj)
                              core/libcore.a(reactor.c.obj) (_lf_initialize_clock)
robot/librobot.a(display.c.obj)
                              CMakeFiles/Drive.dir/_display.c.obj (display_set_font)
robot/librobot.a(font_8x8.c.obj)
                              robot/librobot.a(display.c.obj) (font_8x8)
robot/librobot.a(font_8x16.c.obj)
                              CMakeFiles/Drive.dir/_display.c.obj (font_8x16)
robot/librobot.a(ir_sensors.c.obj)
                              CMakeFiles/Drive.dir/_line.c.obj (line_sensors_calibrate)
robot/librobot.a(motors.c.obj)
                              CMakeFiles/Drive.dir/_motors.c.obj (motors_init)
robot/librobot.a(sh1106.c.obj)
                              robot/librobot.a(display.c.obj) (sh1106_transfer_start)
/usr/lib/gcc/arm-none-eabi/10.3.1/thumb/v6-m/nofp/libgcc.a(_dvmd_tls.o)
                              CMakeFiles/Drive.dir/home/dobbs/Documents/development/pico/pico-sdk/src/rp2_common/pico_divider/divider.S.obj (__aeabi_idiv0)
/usr/lib/gcc/arm-none-eabi/10.3.1/../../../arm-none-eabi/lib/thumb/v6-m/nofp/libc.a(lib_a-atexit.o)
                              /usr/lib/gcc/arm-none-eabi/10.3.1/../../../arm-none-eabi/lib/thumb/v6-m/nofp/crt0.o (atexit)
/usr/lib/gcc/arm-none-eabi/10.3.1/../../../arm-none-eabi/lib/thumb/v6-m/nofp/libc.a(lib_a-atoi.o)
                              core/libcore.a(reactor_common.c.obj) (atoi)
/usr/lib/gcc/arm-none-eabi/10.3.1/../../../arm-none-eabi/lib/thumb/v6-m/nofp/libc.a(lib_a-atoll.o)
                              core/libcore.a(reactor_common.c.obj) (atoll)
/usr/lib/gcc/arm-none-eabi/10.3.1/../../../arm-none-eabi/lib/thumb/v6-m/nofp/libc.a(lib_a-calloc.o)
                              CMakeFiles/Drive.dir/home/dobbs/Documents/development/pico/pico-sdk/src/rp2_common/pico_malloc/pico_malloc.c.obj (calloc)
/usr/lib/gcc/arm-none-eabi/10.3.1/../../../arm-none-eabi/lib/thumb/v6-m/nofp/libc.a(lib_a-callocr.o)
                              /usr/lib/gcc/arm-none-eabi/10.3.1/../../../arm-none-eabi/lib/thumb/v6-m/nofp/libc.a(lib_a-calloc.o) (_calloc_r)
/usr/lib/gcc/arm-none-eabi/10.3.1/../../../arm-none-eabi/lib/thumb/v6-m/nofp/libc.a(lib_a-fini.o)
                              /usr/lib/gcc/arm-none-eabi/10.3.1/../../../arm-none-eabi/lib/thumb/v6-m/nofp/crt0.o (__libc_fini_array)
/usr/lib/gcc/arm-none-eabi/10.3.1/../../../arm-none-eabi/lib/thumb/v6-m/nofp/libc.a(lib_a-impure.o)
                              core/libcore.a(util.c.obj) (_impure_ptr)
/usr/lib/gcc/arm-none-eabi/10.3.1/../../../arm-none-eabi/lib/thumb/v6-m/nofp/libc.a(lib_a-init.o)
                              /usr/lib/gcc/arm-none-eabi/10.3.1/../../../arm-none-eabi/lib/thumb/v6-m/nofp/crt0.o (__libc_init_array)
/usr/lib/gcc/arm-none-eabi/10.3.1/../../../arm-none-eabi/lib/thumb/v6-m/nofp/libc.a(lib_a-malloc.o)
                              CMakeFiles/Drive.dir/home/dobbs/Documents/development/pico/pico-sdk/src/rp2_common/pico_malloc/pico_malloc.c.obj (malloc)
/usr/lib/gcc/arm-none-eabi/10.3.1/../../../arm-none-eabi/lib/thumb/v6-m/nofp/libc.a(lib_a-mallocr.o)
                              /usr/lib/gcc/arm-none-eabi/10.3.1/../../../arm-none-eabi/lib/thumb/v6-m/nofp/libc.a(lib_a-callocr.o) (_malloc_r)
/usr/lib/gcc/arm-none-eabi/10.3.1/../../../arm-none-eabi/lib/thumb/v6-m/nofp/libc.a(lib_a-mlock.o)
                              /usr/lib/gcc/arm-none-eabi/10.3.1/../../../arm-none-eabi/lib/thumb/v6-m/nofp/libc.a(lib_a-mallocr.o) (__malloc_lock)
/usr/lib/gcc/arm-none-eabi/10.3.1/../../../arm-none-eabi/lib/thumb/v6-m/nofp/libc.a(lib_a-realloc.o)
                              CMakeFiles/Drive.dir/home/dobbs/Documents/development/pico/pico-sdk/src/rp2_common/pico_malloc/pico_malloc.c.obj (realloc)
[...]
Memory Configuration

Name             Origin             Length             Attributes
FLASH            0x0000000010000000 0x0000000000200000 xr
RAM              0x0000000020000000 0x0000000000040000 xrw
SCRATCH_X        0x0000000020040000 0x0000000000001000 xrw
SCRATCH_Y        0x0000000020041000 0x0000000000001000 xrw
*default*        0x0000000000000000 0xffffffffffffffff

Linker script and memory map

LOAD /usr/lib/gcc/arm-none-eabi/10.3.1/thumb/v6-m/nofp/crti.o
LOAD /usr/lib/gcc/arm-none-eabi/10.3.1/thumb/v6-m/nofp/crtbegin.o
LOAD /usr/lib/gcc/arm-none-eabi/10.3.1/../../../arm-none-eabi/lib/thumb/v6-m/nofp/crt0.o

.flash_begin    0x0000000010000000        0x0
                0x0000000010000000                __flash_binary_start = .

.boot2          0x0000000010000000      0x100
                0x0000000010000000                __boot2_start__ = .
 *(.boot2)
 .boot2         0x0000000010000000      0x100 /tmp/cceY4Ylt.o
                0x0000000010000100                __boot2_end__ = .
                0x0000000000000001                ASSERT (((__boot2_end__ - __boot2_start__) == 0x100), ERROR: Pico second stage bootloader must be 256 bytes in size)

.text           0x0000000010000100    0x12310
                0x0000000010000100                __logical_binary_start = .
 *(.vectors)
 .vectors       0x0000000010000100       0xd4 CMakeFiles/Drive.dir/home/dobbs/Documents/development/pico/pico-sdk/src/rp2_common/pico_standard_link/crt0.S.obj
                0x0000000010000100                __vectors
                0x0000000010000100                __VECTOR_TABLE
                0x00000000100001c0                isr_invalid
                0x00000000100001c0                __default_isrs_start
                0x00000000100001c2                isr_nmi
                0x00000000100001c4                isr_hardfault
                0x00000000100001c6                isr_svcall
                0x00000000100001c8                isr_pendsv
                0x00000000100001ca                isr_systick
                0x00000000100001cc                isr_irq30
                0x00000000100001cc                __unhandled_user_irq
                0x00000000100001cc                isr_irq13
                0x00000000100001cc                isr_irq27
                0x00000000100001cc                isr_irq31
                0x00000000100001cc                isr_irq5
                0x00000000100001cc                isr_irq11
                0x00000000100001cc                isr_irq23
                0x00000000100001cc                isr_irq18
                0x00000000100001cc                isr_irq28
                0x00000000100001cc                isr_irq19
                0x00000000100001cc                isr_irq0
                0x00000000100001cc                isr_irq6
                0x00000000100001cc                isr_irq22
                0x00000000100001cc                isr_irq17
                0x00000000100001cc                isr_irq14
                0x00000000100001cc                isr_irq2
                0x00000000100001cc                isr_irq10
                0x00000000100001cc                isr_irq8
                0x00000000100001cc                isr_irq24
                0x00000000100001cc                isr_irq1
                0x00000000100001cc                isr_irq7
                0x00000000100001cc                isr_irq21
                0x00000000100001cc                isr_irq20
                0x00000000100001cc                isr_irq15
                0x00000000100001cc                isr_irq25
                0x00000000100001cc                isr_irq4
                0x00000000100001cc                isr_irq16
                0x00000000100001cc                isr_irq29
                0x00000000100001cc                isr_irq26
                0x00000000100001cc                __default_isrs_end
                0x00000000100001cc                isr_irq3
                0x00000000100001cc                isr_irq12
                0x00000000100001cc                isr_irq9
                0x00000000100001d2                unhandled_user_irq_num_in_r0
 *(.binary_info_header)
 .binary_info_header
                0x00000000100001d4       0x14 CMakeFiles/Drive.dir/home/dobbs/Documents/development/pico/pico-sdk/src/rp2_common/pico_standard_link/crt0.S.obj
                0x00000000100001e8                __binary_info_header_end = .
 *(.reset)
 .reset         0x00000000100001e8       0xa0 CMakeFiles/Drive.dir/home/dobbs/Documents/development/pico/pico-sdk/src/rp2_common/pico_standard_link/crt0.S.obj
                0x00000000100001e8                _entry_point
 .reset         0x0000000010000288       0x30 CMakeFiles/Drive.dir/home/dobbs/Documents/development/pico/pico-sdk/src/rp2_common/pico_standard_link/binary_info.c.obj
 *(.init)
 .init          0x00000000100002b8        0x4 /usr/lib/gcc/arm-none-eabi/10.3.1/thumb/v6-m/nofp/crti.o
                0x00000000100002b8                _init
 *(EXCLUDE_FILE(*libm.a: *libc.a:*lib_a-mem*.o *libgcc.a:) .text*)
 .text          0x00000000100002bc       0x98 /usr/lib/gcc/arm-none-eabi/10.3.1/thumb/v6-m/nofp/crtbegin.o
 .text._drive_mainreaction_function_0
                0x0000000010000354       0x3c CMakeFiles/Drive.dir/_drive_main.c.obj
                0x0000000010000354                _drive_mainreaction_function_0
 .text._drive_mainreaction_function_1
                0x0000000010000390       0x7c CMakeFiles/Drive.dir/_drive_main.c.obj
                0x0000000010000390                _drive_mainreaction_function_1
 .text._drive_mainreaction_function_2
                0x000000001000040c       0x30 CMakeFiles/Drive.dir/_drive_main.c.obj
                0x000000001000040c                _drive_mainreaction_function_2
 .text._drive_mainreaction_function_3
                0x000000001000043c      0x14c CMakeFiles/Drive.dir/_drive_main.c.obj
                0x000000001000043c                _drive_mainreaction_function_3
 .text._drive_mainreaction_function_4
                0x0000000010000588       0x60 CMakeFiles/Drive.dir/_drive_main.c.obj
                0x0000000010000588                _drive_mainreaction_function_4
 .text._drive_mainreaction_function_5
                0x00000000100005e8       0x80 CMakeFiles/Drive.dir/_drive_main.c.obj
                0x00000000100005e8                _drive_mainreaction_function_5
 .text._drive_mainreaction_function_6
                0x0000000010000668      0x114 CMakeFiles/Drive.dir/_drive_main.c.obj
                0x0000000010000668                _drive_mainreaction_function_6
 .text.new__drive_main
                0x000000001000077c      0x2a0 CMakeFiles/Drive.dir/_drive_main.c.obj
                0x000000001000077c                new__drive_main
 .text._linereaction_function_0
                0x0000000010000a1c        0xc CMakeFiles/Drive.dir/_line.c.obj
                0x0000000010000a1c                _linereaction_function_0
 .text._linereaction_function_1
                0x0000000010000a28       0x98 CMakeFiles/Drive.dir/_line.c.obj
                0x0000000010000a28                _linereaction_function_1
 .text.new__line
                0x0000000010000ac0       0xa8 CMakeFiles/Drive.dir/_line.c.obj
                0x0000000010000ac0                new__line
 .text._displayreaction_function_1
                0x0000000010000b68       0xb4 CMakeFiles/Drive.dir/_display.c.obj
                0x0000000010000b68                _displayreaction_function_1
 .text._displayreaction_function_0
                0x0000000010000c1c       0x2c CMakeFiles/Drive.dir/_display.c.obj
                0x0000000010000c1c                _displayreaction_function_0
 .text.new__display
                0x0000000010000c48      0x104 CMakeFiles/Drive.dir/_display.c.obj
                0x0000000010000c48                new__display
 .text._motorsreaction_function_1
                0x0000000010000d4c       0x4c CMakeFiles/Drive.dir/_motors.c.obj
                0x0000000010000d4c                _motorsreaction_function_1
 .text._motorsreaction_function_2
                0x0000000010000d98       0x4c CMakeFiles/Drive.dir/_motors.c.obj
                0x0000000010000d98                _motorsreaction_function_2
 .text._motorsreaction_function_0
                0x0000000010000de4        0xc CMakeFiles/Drive.dir/_motors.c.obj
                0x0000000010000de4                _motorsreaction_function_0
 .text.new__motors
                0x0000000010000df0       0xe8 CMakeFiles/Drive.dir/_motors.c.obj
                0x0000000010000df0                new__motors
 .text.startup.main
                0x0000000010000ed8        0xc CMakeFiles/Drive.dir/Drive.c.obj
                0x0000000010000ed8                main
 .text._lf_set_default_command_line_options
                0x0000000010000ee4        0x4 CMakeFiles/Drive.dir/Drive.c.obj
                0x0000000010000ee4                _lf_set_default_command_line_options
 .text._lf_create_environments
                0x0000000010000ee8       0x34 CMakeFiles/Drive.dir/Drive.c.obj
                0x0000000010000ee8                _lf_create_environments
 .text._lf_get_environments
                0x0000000010000f1c        0xc CMakeFiles/Drive.dir/Drive.c.obj
                0x0000000010000f1c                _lf_get_environments
 .text._lf_initialize_trigger_objects
                0x0000000010000f28      0x870 CMakeFiles/Drive.dir/Drive.c.obj
                0x0000000010000f28                _lf_initialize_trigger_objects
 .text.terminate_execution
                0x0000000010001798        0x4 CMakeFiles/Drive.dir/Drive.c.obj
                0x0000000010001798                terminate_execution
 .text.gpio_set_function
                0x000000001000179c       0x30 CMakeFiles/Drive.dir/home/dobbs/Documents/development/pico/pico-sdk/src/rp2_common/hardware_gpio/gpio.c.obj
                0x000000001000179c                gpio_set_function
 .text.gpio_set_pulls
                0x00000000100017cc       0x30 CMakeFiles/Drive.dir/home/dobbs/Documents/development/pico/pico-sdk/src/rp2_common/hardware_gpio/gpio.c.obj
                0x00000000100017cc                gpio_set_pulls
 .text.gpio_init
                0x00000000100017fc       0x3c CMakeFiles/Drive.dir/home/dobbs/Documents/development/pico/pico-sdk/src/rp2_common/hardware_gpio/gpio.c.obj
                0x00000000100017fc                gpio_init
 .text.running_on_fpga
                0x0000000010001838       0x10 CMakeFiles/Drive.dir/home/dobbs/Documents/development/pico/pico-sdk/src/rp2_common/pico_platform/platform.c.obj
                0x0000000010001838                running_on_fpga
 .text.hw_claim_lock
                0x0000000010001848       0x18 CMakeFiles/Drive.dir/home/dobbs/Documents/development/pico/pico-sdk/src/rp2_common/hardware_claim/claim.c.obj
                0x0000000010001848                hw_claim_lock
 .text.hw_claim_unlock
                0x0000000010001860       0x14 CMakeFiles/Drive.dir/home/dobbs/Documents/development/pico/pico-sdk/src/rp2_common/hardware_claim/claim.c.obj
                0x0000000010001860                hw_claim_unlock
 .text.hw_claim_or_assert
                0x0000000010001874       0x44 CMakeFiles/Drive.dir/home/dobbs/Documents/development/pico/pico-sdk/src/rp2_common/hardware_claim/claim.c.obj
                0x0000000010001874                hw_claim_or_assert
 .text.hw_claim_unused_from_range
                0x00000000100018b8       0x9c CMakeFiles/Drive.dir/home/dobbs/Documents/development/pico/pico-sdk/src/rp2_common/hardware_claim/claim.c.obj
                0x00000000100018b8                hw_claim_unused_from_range
 .text.spin_locks_reset
                0x0000000010001954       0x1c CMakeFiles/Drive.dir/home/dobbs/Documents/development/pico/pico-sdk/src/rp2_common/hardware_sync/sync.c.obj
                0x0000000010001954                spin_locks_reset
 .text.next_striped_spin_lock_num
                0x0000000010001970       0x18 CMakeFiles/Drive.dir/home/dobbs/Documents/development/pico/pico-sdk/src/rp2_common/hardware_sync/sync.c.obj
                0x0000000010001970                next_striped_spin_lock_num
 .text.spin_lock_claim_unused
                0x0000000010001988       0x20 CMakeFiles/Drive.dir/home/dobbs/Documents/development/pico/pico-sdk/src/rp2_common/hardware_sync/sync.c.obj
                0x0000000010001988                spin_lock_claim_unused
 .text.irq_set_enabled
                0x00000000100019a8       0x24 CMakeFiles/Drive.dir/home/dobbs/Documents/development/pico/pico-sdk/src/rp2_common/hardware_irq/irq.c.obj
                0x00000000100019a8                irq_set_enabled
 .text.irq_set_pending
                0x00000000100019cc       0x10 CMakeFiles/Drive.dir/home/dobbs/Documents/development/pico/pico-sdk/src/rp2_common/hardware_irq/irq.c.obj
                0x00000000100019cc                irq_set_pending
 .text.irq_has_shared_handler
                0x00000000100019dc       0x2c CMakeFiles/Drive.dir/home/dobbs/Documents/development/pico/pico-sdk/src/rp2_common/hardware_irq/irq.c.obj
                0x00000000100019dc                irq_has_shared_handler
 .text.irq_get_vtable_handler
                0x0000000010001a08       0x10 CMakeFiles/Drive.dir/home/dobbs/Documents/development/pico/pico-sdk/src/rp2_common/hardware_irq/irq.c.obj
                0x0000000010001a08                irq_get_vtable_handler
 .text.irq_set_exclusive_handler
                0x0000000010001a18       0x54 CMakeFiles/Drive.dir/home/dobbs/Documents/development/pico/pico-sdk/src/rp2_common/hardware_irq/irq.c.obj
                0x0000000010001a18                irq_set_exclusive_handler
 .text.irq_add_shared_handler
                0x0000000010001a6c      0x1e8 CMakeFiles/Drive.dir/home/dobbs/Documents/development/pico/pico-sdk/src/rp2_common/hardware_irq/irq.c.obj
                0x0000000010001a6c                irq_add_shared_handler
 .text.irq_remove_handler
                0x0000000010001c54      0x1b0 CMakeFiles/Drive.dir/home/dobbs/Documents/development/pico/pico-sdk/src/rp2_common/hardware_irq/irq.c.obj
                0x0000000010001c54                irq_remove_handler
 .text.irq_add_tail_to_free_list
                0x0000000010001e04       0xb4 CMakeFiles/Drive.dir/home/dobbs/Documents/development/pico/pico-sdk/src/rp2_common/hardware_irq/irq.c.obj
                0x0000000010001e04                irq_add_tail_to_free_list
 .text.irq_init_priorities
                0x0000000010001eb8       0x24 CMakeFiles/Drive.dir/home/dobbs/Documents/development/pico/pico-sdk/src/rp2_common/hardware_irq/irq.c.obj
                0x0000000010001eb8                irq_init_priorities
 .text.user_irq_claim_unused
                0x0000000010001edc       0x28 CMakeFiles/Drive.dir/home/dobbs/Documents/development/pico/pico-sdk/src/rp2_common/hardware_irq/irq.c.obj
                0x0000000010001edc                user_irq_claim_unused
 .text.sem_init
                0x0000000010001f04       0x20 CMakeFiles/Drive.dir/home/dobbs/Documents/development/pico/pico-sdk/src/common/pico_sync/sem.c.obj
                0x0000000010001f04                sem_init
 .text.lock_init
                0x0000000010001f24       0x10 CMakeFiles/Drive.dir/home/dobbs/Documents/development/pico/pico-sdk/src/common/pico_sync/lock_core.c.obj
                0x0000000010001f24                lock_init
 .text.mutex_init
                0x0000000010001f34       0x1c CMakeFiles/Drive.dir/home/dobbs/Documents/development/pico/pico-sdk/src/common/pico_sync/mutex.c.obj
                0x0000000010001f34                mutex_init
 .text.recursive_mutex_init
                0x0000000010001f50       0x1c CMakeFiles/Drive.dir/home/dobbs/Documents/development/pico/pico-sdk/src/common/pico_sync/mutex.c.obj
                0x0000000010001f50                recursive_mutex_init
 .text.critical_section_init
                0x0000000010001f6c       0x20 CMakeFiles/Drive.dir/home/dobbs/Documents/development/pico/pico-sdk/src/common/pico_sync/critical_section.c.obj
                0x0000000010001f6c                critical_section_init
 .text.critical_section_init_with_lock_num
                0x0000000010001f8c       0x14 CMakeFiles/Drive.dir/home/dobbs/Documents/development/pico/pico-sdk/src/common/pico_sync/critical_section.c.obj
                0x0000000010001f8c                critical_section_init_with_lock_num
 .text.timer_pool_entry_comparator
                0x0000000010001fa0       0x34 CMakeFiles/Drive.dir/home/dobbs/Documents/development/pico/pico-sdk/src/common/pico_time/time.c.obj
                0x0000000010001fa0                timer_pool_entry_comparator
 .text.sleep_until_callback
                0x0000000010001fd4       0x30 CMakeFiles/Drive.dir/home/dobbs/Documents/development/pico/pico-sdk/src/common/pico_time/time.c.obj
 .text.add_alarm_under_lock.isra.0
                0x0000000010002004      0x100 CMakeFiles/Drive.dir/home/dobbs/Documents/development/pico/pico-sdk/src/common/pico_time/time.c.obj
 .text.alarm_pool_alarm_callback
                0x0000000010002104      0x1bc CMakeFiles/Drive.dir/home/dobbs/Documents/development/pico/pico-sdk/src/common/pico_time/time.c.obj
 .text.alarm_pool_init_default
                0x00000000100022c0       0x6c CMakeFiles/Drive.dir/home/dobbs/Documents/development/pico/pico-sdk/src/common/pico_time/time.c.obj
                0x00000000100022c0                alarm_pool_init_default
 .text.alarm_pool_get_default
                0x000000001000232c        0x8 CMakeFiles/Drive.dir/home/dobbs/Documents/development/pico/pico-sdk/src/common/pico_time/time.c.obj
                0x000000001000232c                alarm_pool_get_default
 .text.alarm_pool_add_alarm_at
                0x0000000010002334      0x178 CMakeFiles/Drive.dir/home/dobbs/Documents/development/pico/pico-sdk/src/common/pico_time/time.c.obj
                0x0000000010002334                alarm_pool_add_alarm_at
 .text.alarm_pool_core_num
                0x00000000100024ac        0x4 CMakeFiles/Drive.dir/home/dobbs/Documents/development/pico/pico-sdk/src/common/pico_time/time.c.obj
                0x00000000100024ac                alarm_pool_core_num
 .text.sleep_until
                0x00000000100024b0       0xc4 CMakeFiles/Drive.dir/home/dobbs/Documents/development/pico/pico-sdk/src/common/pico_time/time.c.obj
                0x00000000100024b0                sleep_until
 .text.sleep_us
                0x0000000010002574       0x24 CMakeFiles/Drive.dir/home/dobbs/Documents/development/pico/pico-sdk/src/common/pico_time/time.c.obj
                0x0000000010002574                sleep_us
 .text.best_effort_wfe_or_timeout
                0x0000000010002598       0xd4 CMakeFiles/Drive.dir/home/dobbs/Documents/development/pico/pico-sdk/src/common/pico_time/time.c.obj
                0x0000000010002598                best_effort_wfe_or_timeout
 .text.hardware_alarm_irq_handler
                0x000000001000266c       0xbc CMakeFiles/Drive.dir/home/dobbs/Documents/development/pico/pico-sdk/src/rp2_common/hardware_timer/timer.c.obj
 .text.hardware_alarm_claim
                0x0000000010002728       0x18 CMakeFiles/Drive.dir/home/dobbs/Documents/development/pico/pico-sdk/src/rp2_common/hardware_timer/timer.c.obj
                0x0000000010002728                hardware_alarm_claim
 .text.time_us_64
                0x0000000010002740       0x14 CMakeFiles/Drive.dir/home/dobbs/Documents/development/pico/pico-sdk/src/rp2_common/hardware_timer/timer.c.obj
                0x0000000010002740                time_us_64
 .text.busy_wait_us
                0x0000000010002754       0x54 CMakeFiles/Drive.dir/home/dobbs/Documents/development/pico/pico-sdk/src/rp2_common/hardware_timer/timer.c.obj
                0x0000000010002754                busy_wait_us
 .text.busy_wait_until
                0x00000000100027a8       0x20 CMakeFiles/Drive.dir/home/dobbs/Documents/development/pico/pico-sdk/src/rp2_common/hardware_timer/timer.c.obj
                0x00000000100027a8                busy_wait_until
 .text.hardware_alarm_set_callback
                0x00000000100027c8       0x8c CMakeFiles/Drive.dir/home/dobbs/Documents/development/pico/pico-sdk/src/rp2_common/hardware_timer/timer.c.obj
                0x00000000100027c8                hardware_alarm_set_callback
 .text.hardware_alarm_set_target
                0x0000000010002854       0xd4 CMakeFiles/Drive.dir/home/dobbs/Documents/development/pico/pico-sdk/src/rp2_common/hardware_timer/timer.c.obj
                0x0000000010002854                hardware_alarm_set_target
 .text.hardware_alarm_cancel
                0x0000000010002928       0x3c CMakeFiles/Drive.dir/home/dobbs/Documents/development/pico/pico-sdk/src/rp2_common/hardware_timer/timer.c.obj
                0x0000000010002928                hardware_alarm_cancel
 .text.ph_merge_nodes
                0x0000000010002964       0x68 CMakeFiles/Drive.dir/home/dobbs/Documents/development/pico/pico-sdk/src/common/pico_util/pheap.c.obj
 .text.ph_post_alloc_init
                0x00000000100029cc       0x3c CMakeFiles/Drive.dir/home/dobbs/Documents/development/pico/pico-sdk/src/common/pico_util/pheap.c.obj
                0x00000000100029cc                ph_post_alloc_init
 .text.ph_merge_two_pass
                0x0000000010002a08       0x90 CMakeFiles/Drive.dir/home/dobbs/Documents/development/pico/pico-sdk/src/common/pico_util/pheap.c.obj
                0x0000000010002a08                ph_merge_two_pass
 .text.ph_remove_any_head
                0x0000000010002a98      0x100 CMakeFiles/Drive.dir/home/dobbs/Documents/development/pico/pico-sdk/src/common/pico_util/pheap.c.obj
 .text.ph_remove_head
                0x0000000010002b98      0x104 CMakeFiles/Drive.dir/home/dobbs/Documents/development/pico/pico-sdk/src/common/pico_util/pheap.c.obj
                0x0000000010002b98                ph_remove_head
 .text.ph_remove_and_free_node
                0x0000000010002c9c       0x7c CMakeFiles/Drive.dir/home/dobbs/Documents/development/pico/pico-sdk/src/common/pico_util/pheap.c.obj
                0x0000000010002c9c                ph_remove_and_free_node
 .text.clocks_init
                0x0000000010002d18      0x2d0 CMakeFiles/Drive.dir/home/dobbs/Documents/development/pico/pico-sdk/src/rp2_common/hardware_clocks/clocks.c.obj
                0x0000000010002d18                clocks_init
 .text.clock_get_hz
                0x0000000010002fe8        0xc CMakeFiles/Drive.dir/home/dobbs/Documents/development/pico/pico-sdk/src/rp2_common/hardware_clocks/clocks.c.obj
                0x0000000010002fe8                clock_get_hz
 .text.pll_init
                0x0000000010002ff4       0xa0 CMakeFiles/Drive.dir/home/dobbs/Documents/development/pico/pico-sdk/src/rp2_common/hardware_pll/pll.c.obj
                0x0000000010002ff4                pll_init
 .text.watchdog_start_tick
                0x0000000010003094       0x10 CMakeFiles/Drive.dir/home/dobbs/Documents/development/pico/pico-sdk/src/rp2_common/hardware_watchdog/watchdog.c.obj
                0x0000000010003094                watchdog_start_tick
 .text.watchdog_reboot
                0x00000000100030a4       0x98 CMakeFiles/Drive.dir/home/dobbs/Documents/development/pico/pico-sdk/src/rp2_common/hardware_watchdog/watchdog.c.obj
                0x00000000100030a4                watchdog_reboot
 .text.xosc_init
                0x000000001000313c       0x28 CMakeFiles/Drive.dir/home/dobbs/Documents/development/pico/pico-sdk/src/rp2_common/hardware_xosc/xosc.c.obj
                0x000000001000313c                xosc_init
 .text.runtime_init
                0x0000000010003164       0xf0 CMakeFiles/Drive.dir/home/dobbs/Documents/development/pico/pico-sdk/src/rp2_common/pico_runtime/runtime.c.obj
                0x0000000010003164                runtime_init
 .text._exit    0x0000000010003254        0x4 CMakeFiles/Drive.dir/home/dobbs/Documents/development/pico/pico-sdk/src/rp2_common/pico_runtime/runtime.c.obj
                0x0000000010003254                _exit
 .text._sbrk    0x0000000010003258       0x34 CMakeFiles/Drive.dir/home/dobbs/Documents/development/pico/pico-sdk/src/rp2_common/pico_runtime/runtime.c.obj
                0x0000000010003258                _sbrk
 .text.exit     0x000000001000328c        0x8 CMakeFiles/Drive.dir/home/dobbs/Documents/development/pico/pico-sdk/src/rp2_common/pico_runtime/runtime.c.obj
                0x000000001000328c                exit
 .text.__assert_func
                0x0000000010003294       0x34 CMakeFiles/Drive.dir/home/dobbs/Documents/development/pico/pico-sdk/src/rp2_common/pico_runtime/runtime.c.obj
                0x0000000010003294                __assert_func
 .text.panic    0x00000000100032c8       0x30 CMakeFiles/Drive.dir/home/dobbs/Documents/development/pico/pico-sdk/src/rp2_common/pico_runtime/runtime.c.obj
                0x00000000100032c8                panic
 .text.hard_assertion_failure
                0x00000000100032f8        0xc CMakeFiles/Drive.dir/home/dobbs/Documents/development/pico/pico-sdk/src/rp2_common/pico_runtime/runtime.c.obj
                0x00000000100032f8                hard_assertion_failure
 .text._out_buffer
                0x0000000010003304        0x8 CMakeFiles/Drive.dir/home/dobbs/Documents/development/pico/pico-sdk/src/rp2_common/pico_printf/printf.c.obj
 .text._out_null
                0x000000001000330c        0x4 CMakeFiles/Drive.dir/home/dobbs/Documents/development/pico/pico-sdk/src/rp2_common/pico_printf/printf.c.obj
 .text._out_rev
                0x0000000010003310       0x9c CMakeFiles/Drive.dir/home/dobbs/Documents/development/pico/pico-sdk/src/rp2_common/pico_printf/printf.c.obj
 .text._ntoa_format
                0x00000000100033ac      0x1cc CMakeFiles/Drive.dir/home/dobbs/Documents/development/pico/pico-sdk/src/rp2_common/pico_printf/printf.c.obj
 .text._out_char
                0x0000000010003578       0x10 CMakeFiles/Drive.dir/home/dobbs/Documents/development/pico/pico-sdk/src/rp2_common/pico_printf/printf.c.obj
 .text._out_fct
                0x0000000010003588       0x10 CMakeFiles/Drive.dir/home/dobbs/Documents/development/pico/pico-sdk/src/rp2_common/pico_printf/printf.c.obj
 .text._etoa    0x0000000010003598      0x44c CMakeFiles/Drive.dir/home/dobbs/Documents/development/pico/pico-sdk/src/rp2_common/pico_printf/printf.c.obj
 .text._ftoa    0x00000000100039e4      0x398 CMakeFiles/Drive.dir/home/dobbs/Documents/development/pico/pico-sdk/src/rp2_common/pico_printf/printf.c.obj
 .text._vsnprintf
                0x0000000010003d7c      0xb04 CMakeFiles/Drive.dir/home/dobbs/Documents/development/pico/pico-sdk/src/rp2_common/pico_printf/printf.c.obj
 .text.__wrap_snprintf
                0x0000000010004880       0x28 CMakeFiles/Drive.dir/home/dobbs/Documents/development/pico/pico-sdk/src/rp2_common/pico_printf/printf.c.obj
                0x0000000010004880                __wrap_snprintf
 .text.vfctprintf
                0x00000000100048a8       0x20 CMakeFiles/Drive.dir/home/dobbs/Documents/development/pico/pico-sdk/src/rp2_common/pico_printf/printf.c.obj
                0x00000000100048a8                vfctprintf
 .text.weak_raw_printf
                0x00000000100048c8       0x40 CMakeFiles/Drive.dir/home/dobbs/Documents/development/pico/pico-sdk/src/rp2_common/pico_printf/printf.c.obj
                0x00000000100048c8                weak_raw_printf
 .text.weak_raw_vprintf
                0x0000000010004908       0x30 CMakeFiles/Drive.dir/home/dobbs/Documents/development/pico/pico-sdk/src/rp2_common/pico_printf/printf.c.obj
                0x0000000010004908                weak_raw_vprintf
 .text          0x0000000010004938       0x10 CMakeFiles/Drive.dir/home/dobbs/Documents/development/pico/pico-sdk/src/rp2_common/pico_bit_ops/bit_ops_aeabi.S.obj
 .text.ctzsi    0x0000000010004948        0xc CMakeFiles/Drive.dir/home/dobbs/Documents/development/pico/pico-sdk/src/rp2_common/pico_bit_ops/bit_ops_aeabi.S.obj
                0x0000000010004948                __wrap___ctzsi2
 .text.rom_func_lookup
                0x0000000010004954       0x10 CMakeFiles/Drive.dir/home/dobbs/Documents/development/pico/pico-sdk/src/rp2_common/pico_bootrom/bootrom.c.obj
                0x0000000010004954                rom_func_lookup
 .text.rom_data_lookup
                0x0000000010004964       0x10 CMakeFiles/Drive.dir/home/dobbs/Documents/development/pico/pico-sdk/src/rp2_common/pico_bootrom/bootrom.c.obj
                0x0000000010004964                rom_data_lookup
 .text.rom_funcs_lookup
                0x0000000010004974       0x44 CMakeFiles/Drive.dir/home/dobbs/Documents/development/pico/pico-sdk/src/rp2_common/pico_bootrom/bootrom.c.obj
                0x0000000010004974                rom_funcs_lookup
 .text.__wrap___aeabi_idiv
                0x00000000100049b8       0x50 CMakeFiles/Drive.dir/home/dobbs/Documents/development/pico/pico-sdk/src/rp2_common/pico_divider/divider.S.obj
                0x00000000100049b8                __wrap___aeabi_idivmod
                0x00000000100049b8                divmod_s32s32
                0x00000000100049b8                div_s32s32
                0x00000000100049b8                __wrap___aeabi_idiv
                0x00000000100049c0                divmod_s32s32_unsafe
                0x00000000100049ec                divmod_s32s32_savestate
 .text.__wrap___aeabi_uidiv
                0x0000000010004a08       0x4c CMakeFiles/Drive.dir/home/dobbs/Documents/development/pico/pico-sdk/src/rp2_common/pico_divider/divider.S.obj
                0x0000000010004a08                __wrap___aeabi_uidiv
                0x0000000010004a08                __wrap___aeabi_uidivmod
                0x0000000010004a08                div_u32u32
                0x0000000010004a08                divmod_u32u32
                0x0000000010004a10                divmod_u32u32_unsafe
                0x0000000010004a38                divmod_u32u32_savestate
 .text.__wrap___aeabi_ldiv
                0x0000000010004a54      0x424 CMakeFiles/Drive.dir/home/dobbs/Documents/development/pico/pico-sdk/src/rp2_common/pico_divider/divider.S.obj
                0x0000000010004a54                div_s64s64
                0x0000000010004a54                divmod_s64s64
                0x0000000010004a54                __wrap___aeabi_ldivmod
                0x0000000010004a84                div_u64u64
                0x0000000010004a84                divmod_u64u64
                0x0000000010004a84                __wrap___aeabi_uldivmod
                0x0000000010004a94                divmod_u64u64_savestate
                0x0000000010004ab4                divmod_s64s64_unsafe
                0x0000000010004b3c                divmod_u64u64_unsafe
 .text.__wrap___aeabi_darithmetic
                0x0000000010004e78       0x60 CMakeFiles/Drive.dir/home/dobbs/Documents/development/pico/pico-sdk/src/rp2_common/pico_double/double_aeabi.S.obj
                0x0000000010004e78                __wrap___aeabi_drsub
                0x0000000010004e7e                __wrap___aeabi_dsub
                0x0000000010004e88                __wrap___aeabi_dadd
                0x0000000010004e92                __wrap___aeabi_ddiv
                0x0000000010004ec6                __wrap___aeabi_dmul
 .text.__wrap___aeabi_cdcmple
                0x0000000010004ed8       0x6c CMakeFiles/Drive.dir/home/dobbs/Documents/development/pico/pico-sdk/src/rp2_common/pico_double/double_aeabi.S.obj
                0x0000000010004ed8                __wrap___aeabi_cdrcmple
                0x0000000010004ee8                __wrap___aeabi_cdcmple
                0x0000000010004ee8                __wrap___aeabi_cdcmpeq
 .text.__wrap___aeabi_dcmpeq
                0x0000000010004f44       0x10 CMakeFiles/Drive.dir/home/dobbs/Documents/development/pico/pico-sdk/src/rp2_common/pico_double/double_aeabi.S.obj
                0x0000000010004f44                __wrap___aeabi_dcmpeq
 .text.__wrap___aeabi_dcmplt
                0x0000000010004f54        0xc CMakeFiles/Drive.dir/home/dobbs/Documents/development/pico/pico-sdk/src/rp2_common/pico_double/double_aeabi.S.obj
                0x0000000010004f54                __wrap___aeabi_dcmplt
 .text.__wrap___aeabi_dcmple
                0x0000000010004f60       0x10 CMakeFiles/Drive.dir/home/dobbs/Documents/development/pico/pico-sdk/src/rp2_common/pico_double/double_aeabi.S.obj
                0x0000000010004f60                __wrap___aeabi_dcmple
 .text.__wrap___aeabi_dcmpge
                0x0000000010004f70       0x10 CMakeFiles/Drive.dir/home/dobbs/Documents/development/pico/pico-sdk/src/rp2_common/pico_double/double_aeabi.S.obj
                0x0000000010004f70                __wrap___aeabi_dcmpge
 .text.__wrap___aeabi_dcmpgt
                0x0000000010004f80        0xa CMakeFiles/Drive.dir/home/dobbs/Documents/development/pico/pico-sdk/src/rp2_common/pico_double/double_aeabi.S.obj
                0x0000000010004f80                __wrap___aeabi_dcmpgt
 .text.__wrap___aeabi_dcmpun
                0x0000000010004f8a       0x1c CMakeFiles/Drive.dir/home/dobbs/Documents/development/pico/pico-sdk/src/rp2_common/pico_double/double_aeabi.S.obj
                0x0000000010004f8a                __wrap___aeabi_dcmpun
 *fill*         0x0000000010004fa6        0x2 
 .text.__wrap___aeabi_i2d
                0x0000000010004fa8       0x38 CMakeFiles/Drive.dir/home/dobbs/Documents/development/pico/pico-sdk/src/rp2_common/pico_double/double_aeabi.S.obj
                0x0000000010004fa8                __wrap___aeabi_ui2d
                0x0000000010004fb0                __wrap___aeabi_i2d
 .text.__wrap___aeabi_d2iz
                0x0000000010004fe0       0x48 CMakeFiles/Drive.dir/home/dobbs/Documents/development/pico/pico-sdk/src/rp2_common/pico_double/double_aeabi.S.obj
                0x0000000010004fe0                __wrap___aeabi_d2iz
                0x0000000010004fe0                double2int_z
 .text.__wrap___aeabi_d2uiz
                0x0000000010005028       0x10 CMakeFiles/Drive.dir/home/dobbs/Documents/development/pico/pico-sdk/src/rp2_common/pico_double/double_aeabi.S.obj
                0x0000000010005028                double2uint
                0x0000000010005028                __wrap___aeabi_d2uiz
 .text.missing_double_func_shim
                0x0000000010005038        0xc CMakeFiles/Drive.dir/home/dobbs/Documents/development/pico/pico-sdk/src/rp2_common/pico_double/double_init_rom.c.obj
 .text.__aeabi_double_init
                0x0000000010005044       0x98 CMakeFiles/Drive.dir/home/dobbs/Documents/development/pico/pico-sdk/src/rp2_common/pico_double/double_init_rom.c.obj
                0x0000000010005044                __aeabi_double_init
 .text.double_table_shim_on_use_helper
                0x00000000100050dc       0x2c CMakeFiles/Drive.dir/home/dobbs/Documents/development/pico/pico-sdk/src/rp2_common/pico_double/double_v1_rom_shim.S.obj
                0x00000000100050dc                double_table_shim_on_use_helper
 .text.__aeabi_lmul
                0x0000000010005108       0x32 CMakeFiles/Drive.dir/home/dobbs/Documents/development/pico/pico-sdk/src/rp2_common/pico_int64_ops/pico_int64_ops_aeabi.S.obj
                0x0000000010005108                __wrap___aeabi_lmul
 *fill*         0x000000001000513a        0x2 
 .text.__wrap___aeabi_farithmetic
                0x000000001000513c       0x48 CMakeFiles/Drive.dir/home/dobbs/Documents/development/pico/pico-sdk/src/rp2_common/pico_float/float_aeabi.S.obj
                0x000000001000513c                __wrap___aeabi_frsub
                0x0000000010005142                __wrap___aeabi_fsub
                0x0000000010005148                __wrap___aeabi_fadd
                0x000000001000514e                __wrap___aeabi_fdiv
                0x0000000010005176                __wrap___aeabi_fmul
 .text.__wrap___aeabi_cfcmple
                0x0000000010005184       0x50 CMakeFiles/Drive.dir/home/dobbs/Documents/development/pico/pico-sdk/src/rp2_common/pico_float/float_aeabi.S.obj
                0x0000000010005184                __wrap___aeabi_cfrcmple
                0x0000000010005190                __wrap___aeabi_cfcmpeq
                0x0000000010005190                __wrap___aeabi_cfcmple
 .text.__wrap___aeabi_fcmpge
                0x00000000100051d4       0x10 CMakeFiles/Drive.dir/home/dobbs/Documents/development/pico/pico-sdk/src/rp2_common/pico_float/float_aeabi.S.obj
                0x00000000100051d4                __wrap___aeabi_fcmpge
 .text.__wrap___aeabi_fcmpgt
                0x00000000100051e4        0xa CMakeFiles/Drive.dir/home/dobbs/Documents/development/pico/pico-sdk/src/rp2_common/pico_float/float_aeabi.S.obj
                0x00000000100051e4                __wrap___aeabi_fcmpgt
 .text.__wrap___aeabi_ui2f
                0x00000000100051ee        0xa CMakeFiles/Drive.dir/home/dobbs/Documents/development/pico/pico-sdk/src/rp2_common/pico_float/float_aeabi.S.obj
                0x00000000100051ee                __wrap___aeabi_ui2f
 .text.__wrap___aeabi_i2f
                0x00000000100051f8       0x44 CMakeFiles/Drive.dir/home/dobbs/Documents/development/pico/pico-sdk/src/rp2_common/pico_float/float_aeabi.S.obj
                0x00000000100051f8                __wrap___aeabi_i2f
 .text.__wrap___aeabi_f2uiz
                0x000000001000523c        0xc CMakeFiles/Drive.dir/home/dobbs/Documents/development/pico/pico-sdk/src/rp2_common/pico_float/float_aeabi.S.obj
                0x000000001000523c                __wrap___aeabi_f2uiz
 .text.missing_float_func_shim
                0x0000000010005248        0xc CMakeFiles/Drive.dir/home/dobbs/Documents/development/pico/pico-sdk/src/rp2_common/pico_float/float_init_rom.c.obj
 .text.__aeabi_float_init
                0x0000000010005254       0x5c CMakeFiles/Drive.dir/home/dobbs/Documents/development/pico/pico-sdk/src/rp2_common/pico_float/float_init_rom.c.obj
                0x0000000010005254                __aeabi_float_init
 .text.__wrap_malloc
                0x00000000100052b0       0x3c CMakeFiles/Drive.dir/home/dobbs/Documents/development/pico/pico-sdk/src/rp2_common/pico_malloc/pico_malloc.c.obj
                0x00000000100052b0                __wrap_malloc
 .text.__wrap_calloc
                0x00000000100052ec       0x40 CMakeFiles/Drive.dir/home/dobbs/Documents/development/pico/pico-sdk/src/rp2_common/pico_malloc/pico_malloc.c.obj
                0x00000000100052ec                __wrap_calloc
 .text.__wrap_realloc
                0x000000001000532c       0x40 CMakeFiles/Drive.dir/home/dobbs/Documents/development/pico/pico-sdk/src/rp2_common/pico_malloc/pico_malloc.c.obj
                0x000000001000532c                __wrap_realloc
 .text.__wrap_free
                0x000000001000536c       0x20 CMakeFiles/Drive.dir/home/dobbs/Documents/development/pico/pico-sdk/src/rp2_common/pico_malloc/pico_malloc.c.obj
                0x000000001000536c                __wrap_free
 .text          0x000000001000538c       0x10 CMakeFiles/Drive.dir/home/dobbs/Documents/development/pico/pico-sdk/src/rp2_common/pico_mem_ops/mem_ops_aeabi.S.obj
                0x000000001000538c                __aeabi_mem_init
 .text.memset   0x000000001000539c        0xc CMakeFiles/Drive.dir/home/dobbs/Documents/development/pico/pico-sdk/src/rp2_common/pico_mem_ops/mem_ops_aeabi.S.obj
                0x000000001000539c                __wrap_memset
 .text.memcpy   0x00000000100053a8        0xc CMakeFiles/Drive.dir/home/dobbs/Documents/development/pico/pico-sdk/src/rp2_common/pico_mem_ops/mem_ops_aeabi.S.obj
                0x00000000100053a8                __wrap___aeabi_memcpy
                0x00000000100053a8                __wrap_memcpy
 .text.stdio_out_chars_no_crlf
                0x00000000100053b4       0x10 CMakeFiles/Drive.dir/home/dobbs/Documents/development/pico/pico-sdk/src/rp2_common/pico_stdio/stdio.c.obj
 .text.stdio_out_chars_crlf
                0x00000000100053c4       0xb4 CMakeFiles/Drive.dir/home/dobbs/Documents/development/pico/pico-sdk/src/rp2_common/pico_stdio/stdio.c.obj
 .text.stdio_buffered_printer
                0x0000000010005478       0x64 CMakeFiles/Drive.dir/home/dobbs/Documents/development/pico/pico-sdk/src/rp2_common/pico_stdio/stdio.c.obj
 .text.stdio_put_string.isra.0
                0x00000000100054dc       0xfc CMakeFiles/Drive.dir/home/dobbs/Documents/development/pico/pico-sdk/src/rp2_common/pico_stdio/stdio.c.obj
 .text.__wrap_putchar
                0x00000000100055d8       0x98 CMakeFiles/Drive.dir/home/dobbs/Documents/development/pico/pico-sdk/src/rp2_common/pico_stdio/stdio.c.obj
                0x00000000100055d8                __wrap_putchar
 .text.__wrap_puts
                0x0000000010005670       0x3c CMakeFiles/Drive.dir/home/dobbs/Documents/development/pico/pico-sdk/src/rp2_common/pico_stdio/stdio.c.obj
                0x0000000010005670                __wrap_puts
 .text._read    0x00000000100056ac       0x94 CMakeFiles/Drive.dir/home/dobbs/Documents/development/pico/pico-sdk/src/rp2_common/pico_stdio/stdio.c.obj
                0x00000000100056ac                _read
 .text._write   0x0000000010005740       0xac CMakeFiles/Drive.dir/home/dobbs/Documents/development/pico/pico-sdk/src/rp2_common/pico_stdio/stdio.c.obj
                0x0000000010005740                _write
 .text._close   0x00000000100057ec        0x8 CMakeFiles/Drive.dir/home/dobbs/Documents/development/pico/pico-sdk/src/rp2_common/pico_stdio/stdio.c.obj
                0x00000000100057ec                _close
 .text._lseek   0x00000000100057f4        0x8 CMakeFiles/Drive.dir/home/dobbs/Documents/development/pico/pico-sdk/src/rp2_common/pico_stdio/stdio.c.obj
                0x00000000100057f4                _lseek
 .text._fstat   0x00000000100057fc        0x8 CMakeFiles/Drive.dir/home/dobbs/Documents/development/pico/pico-sdk/src/rp2_common/pico_stdio/stdio.c.obj
                0x00000000100057fc                _fstat
 .text._isatty  0x0000000010005804        0xc CMakeFiles/Drive.dir/home/dobbs/Documents/development/pico/pico-sdk/src/rp2_common/pico_stdio/stdio.c.obj
                0x0000000010005804                _isatty
 .text.stdio_set_driver_enabled
                0x0000000010005810       0x30 CMakeFiles/Drive.dir/home/dobbs/Documents/development/pico/pico-sdk/src/rp2_common/pico_stdio/stdio.c.obj
                0x0000000010005810                stdio_set_driver_enabled
 .text.__wrap_vprintf
                0x0000000010005840       0xd8 CMakeFiles/Drive.dir/home/dobbs/Documents/development/pico/pico-sdk/src/rp2_common/pico_stdio/stdio.c.obj
                0x0000000010005840                __wrap_vprintf
 .text.__wrap_printf
                0x0000000010005918       0x18 CMakeFiles/Drive.dir/home/dobbs/Documents/development/pico/pico-sdk/src/rp2_common/pico_stdio/stdio.c.obj
                0x0000000010005918                __wrap_printf
 .text.stdio_init_all
                0x0000000010005930       0x10 CMakeFiles/Drive.dir/home/dobbs/Documents/development/pico/pico-sdk/src/rp2_common/pico_stdio/stdio.c.obj
                0x0000000010005930                stdio_init_all
 .text.stdio_uart_init
                0x0000000010005940        0x4 CMakeFiles/Drive.dir/home/dobbs/Documents/development/pico/pico-sdk/src/rp2_common/pico_stdio_uart/stdio_uart.c.obj
                0x0000000010005940                stdio_uart_init
 .text.resetd_init
                0x0000000010005944        0x4 CMakeFiles/Drive.dir/home/dobbs/Documents/development/pico/pico-sdk/src/rp2_common/pico_stdio_usb/reset_interface.c.obj
 .text.resetd_reset
                0x0000000010005948        0xc CMakeFiles/Drive.dir/home/dobbs/Documents/development/pico/pico-sdk/src/rp2_common/pico_stdio_usb/reset_interface.c.obj
 .text.resetd_open
                0x0000000010005954       0x28 CMakeFiles/Drive.dir/home/dobbs/Documents/development/pico/pico-sdk/src/rp2_common/pico_stdio_usb/reset_interface.c.obj
 .text.resetd_xfer_cb
                0x000000001000597c        0x4 CMakeFiles/Drive.dir/home/dobbs/Documents/development/pico/pico-sdk/src/rp2_common/pico_stdio_usb/reset_interface.c.obj
 .text.resetd_control_xfer_cb
                0x0000000010005980       0x64 CMakeFiles/Drive.dir/home/dobbs/Documents/development/pico/pico-sdk/src/rp2_common/pico_stdio_usb/reset_interface.c.obj
 .text.usbd_app_driver_get_cb
                0x00000000100059e4        0xc CMakeFiles/Drive.dir/home/dobbs/Documents/development/pico/pico-sdk/src/rp2_common/pico_stdio_usb/reset_interface.c.obj
                0x00000000100059e4                usbd_app_driver_get_cb
 .text.tud_cdc_line_coding_cb
                0x00000000100059f0       0x34 CMakeFiles/Drive.dir/home/dobbs/Documents/development/pico/pico-sdk/src/rp2_common/pico_stdio_usb/reset_interface.c.obj
                0x00000000100059f0                tud_cdc_line_coding_cb
 .text.stdio_usb_set_chars_available_callback
                0x0000000010005a24       0x14 CMakeFiles/Drive.dir/home/dobbs/Documents/development/pico/pico-sdk/src/rp2_common/pico_stdio_usb/stdio_usb.c.obj
                0x0000000010005a24                stdio_usb_set_chars_available_callback
 .text.usb_irq  0x0000000010005a38       0x10 CMakeFiles/Drive.dir/home/dobbs/Documents/development/pico/pico-sdk/src/rp2_common/pico_stdio_usb/stdio_usb.c.obj
 .text.timer_task
                0x0000000010005a48       0x54 CMakeFiles/Drive.dir/home/dobbs/Documents/development/pico/pico-sdk/src/rp2_common/pico_stdio_usb/stdio_usb.c.obj
 .text.stdio_usb_in_chars
                0x0000000010005a9c       0x90 CMakeFiles/Drive.dir/home/dobbs/Documents/development/pico/pico-sdk/src/rp2_common/pico_stdio_usb/stdio_usb.c.obj
                0x0000000010005a9c                stdio_usb_in_chars
 .text.stdio_usb_out_chars
                0x0000000010005b2c      0x100 CMakeFiles/Drive.dir/home/dobbs/Documents/development/pico/pico-sdk/src/rp2_common/pico_stdio_usb/stdio_usb.c.obj
 .text.low_priority_worker_irq
                0x0000000010005c2c       0xa8 CMakeFiles/Drive.dir/home/dobbs/Documents/development/pico/pico-sdk/src/rp2_common/pico_stdio_usb/stdio_usb.c.obj
 .text.tud_cdc_rx_cb
                0x0000000010005cd4       0x20 CMakeFiles/Drive.dir/home/dobbs/Documents/development/pico/pico-sdk/src/rp2_common/pico_stdio_usb/stdio_usb.c.obj
                0x0000000010005cd4                tud_cdc_rx_cb
 .text.stdio_usb_init
                0x0000000010005cf4       0xdc CMakeFiles/Drive.dir/home/dobbs/Documents/development/pico/pico-sdk/src/rp2_common/pico_stdio_usb/stdio_usb.c.obj
                0x0000000010005cf4                stdio_usb_init
 .text.tud_descriptor_device_cb
                0x0000000010005dd0        0x8 CMakeFiles/Drive.dir/home/dobbs/Documents/development/pico/pico-sdk/src/rp2_common/pico_stdio_usb/stdio_usb_descriptors.c.obj
                0x0000000010005dd0                tud_descriptor_device_cb
 .text.tud_descriptor_configuration_cb
                0x0000000010005dd8        0x8 CMakeFiles/Drive.dir/home/dobbs/Documents/development/pico/pico-sdk/src/rp2_common/pico_stdio_usb/stdio_usb_descriptors.c.obj
                0x0000000010005dd8                tud_descriptor_configuration_cb
 .text.tud_descriptor_string_cb
                0x0000000010005de0       0x74 CMakeFiles/Drive.dir/home/dobbs/Documents/development/pico/pico-sdk/src/rp2_common/pico_stdio_usb/stdio_usb_descriptors.c.obj
                0x0000000010005de0                tud_descriptor_string_cb
 .text.startup._retrieve_unique_id_on_boot
                0x0000000010005e54       0x10 CMakeFiles/Drive.dir/home/dobbs/Documents/development/pico/pico-sdk/src/rp2_common/pico_unique_id/unique_id.c.obj
 .text.pico_get_unique_board_id_string
                0x0000000010005e64      0x1a8 CMakeFiles/Drive.dir/home/dobbs/Documents/development/pico/pico-sdk/src/rp2_common/pico_unique_id/unique_id.c.obj
                0x0000000010005e64                pico_get_unique_board_id_string
 .text.flash_get_unique_id
                0x000000001000600c       0x40 CMakeFiles/Drive.dir/home/dobbs/Documents/development/pico/pico-sdk/src/rp2_common/hardware_flash/flash.c.obj
                0x000000001000600c                flash_get_unique_id
 .text.dcd_int_enable
                0x000000001000604c        0xc CMakeFiles/Drive.dir/home/dobbs/Documents/development/pico/pico-sdk/lib/tinyusb/src/portable/raspberrypi/rp2040/dcd_rp2040.c.obj
                0x000000001000604c                dcd_int_enable
 .text.dcd_set_address
                0x0000000010006058       0x14 CMakeFiles/Drive.dir/home/dobbs/Documents/development/pico/pico-sdk/lib/tinyusb/src/portable/raspberrypi/rp2040/dcd_rp2040.c.obj
                0x0000000010006058                dcd_set_address
 .text.dcd_connect
                0x000000001000606c       0x10 CMakeFiles/Drive.dir/home/dobbs/Documents/development/pico/pico-sdk/lib/tinyusb/src/portable/raspberrypi/rp2040/dcd_rp2040.c.obj
                0x000000001000606c                dcd_connect
 .text.dcd_init
                0x000000001000607c       0x98 CMakeFiles/Drive.dir/home/dobbs/Documents/development/pico/pico-sdk/lib/tinyusb/src/portable/raspberrypi/rp2040/dcd_rp2040.c.obj
                0x000000001000607c                dcd_init
 .text.dcd_edpt0_status_complete
                0x0000000010006114       0x1c CMakeFiles/Drive.dir/home/dobbs/Documents/development/pico/pico-sdk/lib/tinyusb/src/portable/raspberrypi/rp2040/dcd_rp2040.c.obj
                0x0000000010006114                dcd_edpt0_status_complete
 .text.dcd_edpt_open
                0x0000000010006130      0x108 CMakeFiles/Drive.dir/home/dobbs/Documents/development/pico/pico-sdk/lib/tinyusb/src/portable/raspberrypi/rp2040/dcd_rp2040.c.obj
                0x0000000010006130                dcd_edpt_open
 .text.dcd_edpt_close_all
                0x0000000010006238        0x8 CMakeFiles/Drive.dir/home/dobbs/Documents/development/pico/pico-sdk/lib/tinyusb/src/portable/raspberrypi/rp2040/dcd_rp2040.c.obj
                0x0000000010006238                dcd_edpt_close_all
 .text.dcd_edpt_xfer
                0x0000000010006240       0x24 CMakeFiles/Drive.dir/home/dobbs/Documents/development/pico/pico-sdk/lib/tinyusb/src/portable/raspberrypi/rp2040/dcd_rp2040.c.obj
                0x0000000010006240                dcd_edpt_xfer
 .text.dcd_edpt_stall
                0x0000000010006264       0x38 CMakeFiles/Drive.dir/home/dobbs/Documents/development/pico/pico-sdk/lib/tinyusb/src/portable/raspberrypi/rp2040/dcd_rp2040.c.obj
                0x0000000010006264                dcd_edpt_stall
 .text.dcd_edpt_clear_stall
                0x000000001000629c       0x30 CMakeFiles/Drive.dir/home/dobbs/Documents/development/pico/pico-sdk/lib/tinyusb/src/portable/raspberrypi/rp2040/dcd_rp2040.c.obj
                0x000000001000629c                dcd_edpt_clear_stall
 .text.rp2040_usb_init
                0x00000000100062cc       0x4c CMakeFiles/Drive.dir/home/dobbs/Documents/development/pico/pico-sdk/lib/tinyusb/src/portable/raspberrypi/rp2040/rp2040_usb.c.obj
                0x00000000100062cc                rp2040_usb_init
 .text.hw_endpoint_xfer_start
                0x0000000010006318       0x50 CMakeFiles/Drive.dir/home/dobbs/Documents/development/pico/pico-sdk/lib/tinyusb/src/portable/raspberrypi/rp2040/rp2040_usb.c.obj
                0x0000000010006318                hw_endpoint_xfer_start
 .text.tud_mounted
                0x0000000010006368       0x10 CMakeFiles/Drive.dir/home/dobbs/Documents/development/pico/pico-sdk/lib/tinyusb/src/device/usbd.c.obj
                0x0000000010006368                tud_mounted
 .text.tud_suspended
                0x0000000010006378       0x10 CMakeFiles/Drive.dir/home/dobbs/Documents/development/pico/pico-sdk/lib/tinyusb/src/device/usbd.c.obj
                0x0000000010006378                tud_suspended
 .text.tud_inited
                0x0000000010006388       0x14 CMakeFiles/Drive.dir/home/dobbs/Documents/development/pico/pico-sdk/lib/tinyusb/src/device/usbd.c.obj
                0x0000000010006388                tud_inited
 .text.tud_init
                0x000000001000639c       0xe4 CMakeFiles/Drive.dir/home/dobbs/Documents/development/pico/pico-sdk/lib/tinyusb/src/device/usbd.c.obj
                0x000000001000639c                tud_init
 .text.tud_task_ext
                0x0000000010006480      0x854 CMakeFiles/Drive.dir/home/dobbs/Documents/development/pico/pico-sdk/lib/tinyusb/src/device/usbd.c.obj
                0x0000000010006480                tud_task_ext
 .text.usbd_open_edpt_pair
                0x0000000010006cd4       0x9c CMakeFiles/Drive.dir/home/dobbs/Documents/development/pico/pico-sdk/lib/tinyusb/src/device/usbd.c.obj
                0x0000000010006cd4                usbd_open_edpt_pair
 .text.usbd_defer_func
                0x0000000010006d70       0x48 CMakeFiles/Drive.dir/home/dobbs/Documents/development/pico/pico-sdk/lib/tinyusb/src/device/usbd.c.obj
                0x0000000010006d70                usbd_defer_func
 .text.usbd_edpt_open
                0x0000000010006db8       0x34 CMakeFiles/Drive.dir/home/dobbs/Documents/development/pico/pico-sdk/lib/tinyusb/src/device/usbd.c.obj
                0x0000000010006db8                usbd_edpt_open
 .text.usbd_edpt_claim
                0x0000000010006dec       0x28 CMakeFiles/Drive.dir/home/dobbs/Documents/development/pico/pico-sdk/lib/tinyusb/src/device/usbd.c.obj
                0x0000000010006dec                usbd_edpt_claim
 .text.usbd_edpt_release
                0x0000000010006e14       0x28 CMakeFiles/Drive.dir/home/dobbs/Documents/development/pico/pico-sdk/lib/tinyusb/src/device/usbd.c.obj
                0x0000000010006e14                usbd_edpt_release
 .text.usbd_edpt_xfer
                0x0000000010006e3c       0x4c CMakeFiles/Drive.dir/home/dobbs/Documents/development/pico/pico-sdk/lib/tinyusb/src/device/usbd.c.obj
                0x0000000010006e3c                usbd_edpt_xfer
 .text.tud_control_status
                0x0000000010006e88       0x30 CMakeFiles/Drive.dir/home/dobbs/Documents/development/pico/pico-sdk/lib/tinyusb/src/device/usbd_control.c.obj
                0x0000000010006e88                tud_control_status
 .text.tud_control_xfer
                0x0000000010006eb8       0xbc CMakeFiles/Drive.dir/home/dobbs/Documents/development/pico/pico-sdk/lib/tinyusb/src/device/usbd_control.c.obj
                0x0000000010006eb8                tud_control_xfer
 .text.usbd_control_reset
                0x0000000010006f74       0x14 CMakeFiles/Drive.dir/home/dobbs/Documents/development/pico/pico-sdk/lib/tinyusb/src/device/usbd_control.c.obj
                0x0000000010006f74                usbd_control_reset
 .text.usbd_control_set_complete_callback
                0x0000000010006f88        0xc CMakeFiles/Drive.dir/home/dobbs/Documents/development/pico/pico-sdk/lib/tinyusb/src/device/usbd_control.c.obj
                0x0000000010006f88                usbd_control_set_complete_callback
 .text.usbd_control_set_request
                0x0000000010006f94       0x1c CMakeFiles/Drive.dir/home/dobbs/Documents/development/pico/pico-sdk/lib/tinyusb/src/device/usbd_control.c.obj
                0x0000000010006f94                usbd_control_set_request
 .text.usbd_control_xfer_cb
                0x0000000010006fb0       0xfc CMakeFiles/Drive.dir/home/dobbs/Documents/development/pico/pico-sdk/lib/tinyusb/src/device/usbd_control.c.obj
                0x0000000010006fb0                usbd_control_xfer_cb
 .text.tud_cdc_n_connected
                0x00000000100070ac       0x30 CMakeFiles/Drive.dir/home/dobbs/Documents/development/pico/pico-sdk/lib/tinyusb/src/class/cdc/cdc_device.c.obj
                0x00000000100070ac                tud_cdc_n_connected
 .text.tud_cdc_n_available
                0x00000000100070dc       0x18 CMakeFiles/Drive.dir/home/dobbs/Documents/development/pico/pico-sdk/lib/tinyusb/src/class/cdc/cdc_device.c.obj
                0x00000000100070dc                tud_cdc_n_available
 .text.tud_cdc_n_read
                0x00000000100070f4       0x70 CMakeFiles/Drive.dir/home/dobbs/Documents/development/pico/pico-sdk/lib/tinyusb/src/class/cdc/cdc_device.c.obj
                0x00000000100070f4                tud_cdc_n_read
 .text.tud_cdc_n_write_flush
                0x0000000010007164       0x78 CMakeFiles/Drive.dir/home/dobbs/Documents/development/pico/pico-sdk/lib/tinyusb/src/class/cdc/cdc_device.c.obj
                0x0000000010007164                tud_cdc_n_write_flush
 .text.tud_cdc_n_write
                0x00000000100071dc       0x34 CMakeFiles/Drive.dir/home/dobbs/Documents/development/pico/pico-sdk/lib/tinyusb/src/class/cdc/cdc_device.c.obj
                0x00000000100071dc                tud_cdc_n_write
 .text.tud_cdc_n_write_available
                0x0000000010007210       0x18 CMakeFiles/Drive.dir/home/dobbs/Documents/development/pico/pico-sdk/lib/tinyusb/src/class/cdc/cdc_device.c.obj
                0x0000000010007210                tud_cdc_n_write_available
 .text.cdcd_init
                0x0000000010007228       0x7c CMakeFiles/Drive.dir/home/dobbs/Documents/development/pico/pico-sdk/lib/tinyusb/src/class/cdc/cdc_device.c.obj
                0x0000000010007228                cdcd_init
 .text.cdcd_reset
                0x00000000100072a4       0x2c CMakeFiles/Drive.dir/home/dobbs/Documents/development/pico/pico-sdk/lib/tinyusb/src/class/cdc/cdc_device.c.obj
                0x00000000100072a4                cdcd_reset
 .text.cdcd_open
                0x00000000100072d0       0xe8 CMakeFiles/Drive.dir/home/dobbs/Documents/development/pico/pico-sdk/lib/tinyusb/src/class/cdc/cdc_device.c.obj
                0x00000000100072d0                cdcd_open
 .text.cdcd_control_xfer_cb
                0x00000000100073b8       0xe4 CMakeFiles/Drive.dir/home/dobbs/Documents/development/pico/pico-sdk/lib/tinyusb/src/class/cdc/cdc_device.c.obj
                0x00000000100073b8                cdcd_control_xfer_cb
 .text.cdcd_xfer_cb
                0x000000001000749c      0x148 CMakeFiles/Drive.dir/home/dobbs/Documents/development/pico/pico-sdk/lib/tinyusb/src/class/cdc/cdc_device.c.obj
                0x000000001000749c                cdcd_xfer_cb
 .text.tusb_init
                0x00000000100075e4        0xc CMakeFiles/Drive.dir/home/dobbs/Documents/development/pico/pico-sdk/lib/tinyusb/src/tusb.c.obj
                0x00000000100075e4                tusb_init
 .text.tusb_inited
                0x00000000100075f0        0x8 CMakeFiles/Drive.dir/home/dobbs/Documents/development/pico/pico-sdk/lib/tinyusb/src/tusb.c.obj
                0x00000000100075f0                tusb_inited
 .text.tu_edpt_claim
                0x00000000100075f8       0x50 CMakeFiles/Drive.dir/home/dobbs/Documents/development/pico/pico-sdk/lib/tinyusb/src/tusb.c.obj
                0x00000000100075f8                tu_edpt_claim
 .text.tu_edpt_release
                0x0000000010007648       0x38 CMakeFiles/Drive.dir/home/dobbs/Documents/development/pico/pico-sdk/lib/tinyusb/src/tusb.c.obj
                0x0000000010007648                tu_edpt_release
 .text.tu_edpt_validate
                0x0000000010007680       0x78 CMakeFiles/Drive.dir/home/dobbs/Documents/development/pico/pico-sdk/lib/tinyusb/src/tusb.c.obj
                0x0000000010007680                tu_edpt_validate
 .text.tu_edpt_bind_driver
                0x00000000100076f8       0x34 CMakeFiles/Drive.dir/home/dobbs/Documents/development/pico/pico-sdk/lib/tinyusb/src/tusb.c.obj
                0x00000000100076f8                tu_edpt_bind_driver
 .text.tu_fifo_config
                0x000000001000772c       0x70 CMakeFiles/Drive.dir/home/dobbs/Documents/development/pico/pico-sdk/lib/tinyusb/src/common/tusb_fifo.c.obj
                0x000000001000772c                tu_fifo_config
 .text.tu_fifo_count
                0x000000001000779c       0x2c CMakeFiles/Drive.dir/home/dobbs/Documents/development/pico/pico-sdk/lib/tinyusb/src/common/tusb_fifo.c.obj
                0x000000001000779c                tu_fifo_count
 .text.tu_fifo_empty
                0x00000000100077c8       0x10 CMakeFiles/Drive.dir/home/dobbs/Documents/development/pico/pico-sdk/lib/tinyusb/src/common/tusb_fifo.c.obj
                0x00000000100077c8                tu_fifo_empty
 .text.tu_fifo_remaining
                0x00000000100077d8       0x2c CMakeFiles/Drive.dir/home/dobbs/Documents/development/pico/pico-sdk/lib/tinyusb/src/common/tusb_fifo.c.obj
                0x00000000100077d8                tu_fifo_remaining
 .text.tu_fifo_read
                0x0000000010007804       0xa0 CMakeFiles/Drive.dir/home/dobbs/Documents/development/pico/pico-sdk/lib/tinyusb/src/common/tusb_fifo.c.obj
                0x0000000010007804                tu_fifo_read
 .text.tu_fifo_read_n
                0x00000000100078a4       0xec CMakeFiles/Drive.dir/home/dobbs/Documents/development/pico/pico-sdk/lib/tinyusb/src/common/tusb_fifo.c.obj
                0x00000000100078a4                tu_fifo_read_n
 .text.tu_fifo_write
                0x0000000010007990       0x88 CMakeFiles/Drive.dir/home/dobbs/Documents/development/pico/pico-sdk/lib/tinyusb/src/common/tusb_fifo.c.obj
                0x0000000010007990                tu_fifo_write
 .text.tu_fifo_write_n
                0x0000000010007a18      0x168 CMakeFiles/Drive.dir/home/dobbs/Documents/development/pico/pico-sdk/lib/tinyusb/src/common/tusb_fifo.c.obj
                0x0000000010007a18                tu_fifo_write_n
 .text.tu_fifo_clear
                0x0000000010007b80       0x40 CMakeFiles/Drive.dir/home/dobbs/Documents/development/pico/pico-sdk/lib/tinyusb/src/common/tusb_fifo.c.obj
                0x0000000010007b80                tu_fifo_clear
 .text.tu_fifo_set_overwritable
                0x0000000010007bc0       0x48 CMakeFiles/Drive.dir/home/dobbs/Documents/development/pico/pico-sdk/lib/tinyusb/src/common/tusb_fifo.c.obj
                0x0000000010007bc0                tu_fifo_set_overwritable
 .text.pio_claim_unused_sm
                0x0000000010007c08       0x3c CMakeFiles/Drive.dir/home/dobbs/Documents/development/pico/pico-sdk/src/rp2_common/hardware_pio/pio.c.obj
                0x0000000010007c08                pio_claim_unused_sm
 .text.pio_add_program
                0x0000000010007c44       0xc8 CMakeFiles/Drive.dir/home/dobbs/Documents/development/pico/pico-sdk/src/rp2_common/hardware_pio/pio.c.obj
                0x0000000010007c44                pio_add_program
 .text.pio_sm_set_pins_with_mask
                0x0000000010007d0c       0xa4 CMakeFiles/Drive.dir/home/dobbs/Documents/development/pico/pico-sdk/src/rp2_common/hardware_pio/pio.c.obj
                0x0000000010007d0c                pio_sm_set_pins_with_mask
 .text.pio_sm_set_pindirs_with_mask
                0x0000000010007db0       0xa4 CMakeFiles/Drive.dir/home/dobbs/Documents/development/pico/pico-sdk/src/rp2_common/hardware_pio/pio.c.obj
                0x0000000010007db0                pio_sm_set_pindirs_with_mask
 .text.pio_sm_init
                0x0000000010007e54       0x8c CMakeFiles/Drive.dir/home/dobbs/Documents/development/pico/pico-sdk/src/rp2_common/hardware_pio/pio.c.obj
                0x0000000010007e54                pio_sm_init
 .text.spi_init
                0x0000000010007ee0      0x138 CMakeFiles/Drive.dir/home/dobbs/Documents/development/pico/pico-sdk/src/rp2_common/hardware_spi/spi.c.obj
                0x0000000010007ee0                spi_init
 .text.lf_tag_compare
                0x0000000010008018       0x38 core/libcore.a(tag.c.obj)
                0x0000000010008018                lf_tag_compare
 .text.lf_time_logical
                0x0000000010008050        0x8 core/libcore.a(tag.c.obj)
                0x0000000010008050                lf_time_logical
 .text.lf_time_logical_elapsed
                0x0000000010008058       0x14 core/libcore.a(tag.c.obj)
                0x0000000010008058                lf_time_logical_elapsed
 .text.lf_time_physical
                0x000000001000806c       0x60 core/libcore.a(tag.c.obj)
                0x000000001000806c                lf_time_physical
 .text.lf_time_physical_elapsed
                0x00000000100080cc       0x6c core/libcore.a(tag.c.obj)
                0x00000000100080cc                lf_time_physical_elapsed
 .text.lf_time_start
                0x0000000010008138        0xc core/libcore.a(tag.c.obj)
                0x0000000010008138                lf_time_start
 .text.lf_comma_separated_time
                0x0000000010008144      0x274 core/libcore.a(tag.c.obj)
                0x0000000010008144                lf_comma_separated_time
 .text._lf_allocate
                0x00000000100083b8       0x3c core/libcore.a(reactor_common.c.obj)
                0x00000000100083b8                _lf_allocate
 .text._lf_new_reactor
                0x00000000100083f4       0x40 core/libcore.a(reactor_common.c.obj)
                0x00000000100083f4                _lf_new_reactor
 .text._lf_set_stop_tag
                0x0000000010008434       0x3c core/libcore.a(reactor_common.c.obj)
                0x0000000010008434                _lf_set_stop_tag
 .text._lf_start_time_step
                0x0000000010008470       0x68 core/libcore.a(reactor_common.c.obj)
                0x0000000010008470                _lf_start_time_step
 .text._lf_is_tag_after_stop_tag
                0x00000000100084d8       0x30 core/libcore.a(reactor_common.c.obj)
                0x00000000100084d8                _lf_is_tag_after_stop_tag
 .text._lf_initialize_timer
                0x0000000010008508       0xd4 core/libcore.a(reactor_common.c.obj)
                0x0000000010008508                _lf_initialize_timer
 .text._lf_initialize_timers
                0x00000000100085dc       0x30 core/libcore.a(reactor_common.c.obj)
                0x00000000100085dc                _lf_initialize_timers
 .text._lf_trigger_startup_reactions
                0x000000001000860c       0x58 core/libcore.a(reactor_common.c.obj)
                0x000000001000860c                _lf_trigger_startup_reactions
 .text._lf_trigger_shutdown_reactions
                0x0000000010008664       0x48 core/libcore.a(reactor_common.c.obj)
                0x0000000010008664                _lf_trigger_shutdown_reactions
 .text._lf_recycle_event
                0x00000000100086ac       0x20 core/libcore.a(reactor_common.c.obj)
                0x00000000100086ac                _lf_recycle_event
 .text._lf_create_dummy_events
                0x00000000100086cc       0xbc core/libcore.a(reactor_common.c.obj)
                0x00000000100086cc                _lf_create_dummy_events
 .text._lf_schedule_at_tag
                0x0000000010008788      0x2c4 core/libcore.a(reactor_common.c.obj)
                0x0000000010008788                _lf_schedule_at_tag
 .text._lf_schedule
                0x0000000010008a4c      0x2c4 core/libcore.a(reactor_common.c.obj)
                0x0000000010008a4c                _lf_schedule
 .text._lf_pop_events
                0x0000000010008d10      0x130 core/libcore.a(reactor_common.c.obj)
                0x0000000010008d10                _lf_pop_events
 .text._lf_advance_logical_time
                0x0000000010008e40       0x38 core/libcore.a(reactor_common.c.obj)
                0x0000000010008e40                _lf_advance_logical_time
 .text._lf_invoke_reaction
                0x0000000010008e78       0x14 core/libcore.a(reactor_common.c.obj)
                0x0000000010008e78                _lf_invoke_reaction
 .text.schedule_output_reactions
                0x0000000010008e8c      0x150 core/libcore.a(reactor_common.c.obj)
                0x0000000010008e8c                schedule_output_reactions
 .text.usage    0x0000000010008fdc       0xb0 core/libcore.a(reactor_common.c.obj)
                0x0000000010008fdc                usage
 .text.process_args
                0x000000001000908c      0x414 core/libcore.a(reactor_common.c.obj)
                0x000000001000908c                process_args
 .text.initialize_global
                0x00000000100094a0       0x24 core/libcore.a(reactor_common.c.obj)
                0x00000000100094a0                initialize_global
 .text.termination
                0x00000000100094c4      0x198 core/libcore.a(reactor_common.c.obj)
                0x00000000100094c4                termination
 .text._lf_free_token.part.0
                0x000000001000965c       0xcc core/libcore.a(lf_token.c.obj)
 .text._lf_new_token
                0x0000000010009728       0xb4 core/libcore.a(lf_token.c.obj)
                0x0000000010009728                _lf_new_token
 .text._lf_initialize_token_with_value
                0x00000000100097dc       0x80 core/libcore.a(lf_token.c.obj)
                0x00000000100097dc                _lf_initialize_token_with_value
 .text._lf_free_all_tokens
                0x000000001000985c       0xe0 core/libcore.a(lf_token.c.obj)
                0x000000001000985c                _lf_free_all_tokens
 .text._lf_replace_template_token
                0x000000001000993c       0x44 core/libcore.a(lf_token.c.obj)
                0x000000001000993c                _lf_replace_template_token
 .text._lf_done_using
                0x0000000010009980       0x2c core/libcore.a(lf_token.c.obj)
                0x0000000010009980                _lf_done_using
 .text._lf_free_token_copies
                0x00000000100099ac       0x44 core/libcore.a(lf_token.c.obj)
                0x00000000100099ac                _lf_free_token_copies
 .text.environment_init_tags
                0x00000000100099f0       0x58 core/libcore.a(environment.c.obj)
                0x00000000100099f0                environment_init_tags
 .text.environment_free
                0x0000000010009a48       0x60 core/libcore.a(environment.c.obj)
                0x0000000010009a48                environment_free
 .text.environment_init
                0x0000000010009aa8      0x1e4 core/libcore.a(environment.c.obj)
                0x0000000010009aa8                environment_init
 .text._lf_set_present
                0x0000000010009c8c       0x4c core/libcore.a(reactor.c.obj)
                0x0000000010009c8c                _lf_set_present
 .text._lf_trigger_reaction
                0x0000000010009cd8       0x38 core/libcore.a(reactor.c.obj)
                0x0000000010009cd8                _lf_trigger_reaction
 .text._lf_do_step
                0x0000000010009d10       0xb8 core/libcore.a(reactor.c.obj)
                0x0000000010009d10                _lf_do_step
 .text.next     0x0000000010009dc8      0x138 core/libcore.a(reactor.c.obj)
                0x0000000010009dc8                next
 .text.lf_reactor_c_main
                0x0000000010009f00       0xfc core/libcore.a(reactor.c.obj)
                0x0000000010009f00                lf_reactor_c_main
 .text.lf_critical_section_enter
                0x0000000010009ffc        0x8 core/libcore.a(reactor.c.obj)
                0x0000000010009ffc                lf_critical_section_enter
 .text.lf_critical_section_exit
                0x000000001000a004        0x8 core/libcore.a(reactor.c.obj)
                0x000000001000a004                lf_critical_section_exit
 .text.vector_at
                0x000000001000a00c       0x54 core/libcore.a(vector.c.obj)
                0x000000001000a00c                vector_at
 .text.vector_size
                0x000000001000a060        0x8 core/libcore.a(vector.c.obj)
                0x000000001000a060                vector_size
 .text.percolate_down
                0x000000001000a068       0xd8 core/libcore.a(pqueue.c.obj)
 .text.bubble_up.isra.0
                0x000000001000a140       0x84 core/libcore.a(pqueue.c.obj)
 .text.find_equal_same_priority
                0x000000001000a1c4       0xa8 core/libcore.a(pqueue.c.obj)
                0x000000001000a1c4                find_equal_same_priority
 .text.pqueue_init
                0x000000001000a26c       0x54 core/libcore.a(pqueue.c.obj)
                0x000000001000a26c                pqueue_init
 .text.pqueue_free
                0x000000001000a2c0       0x14 core/libcore.a(pqueue.c.obj)
                0x000000001000a2c0                pqueue_free
 .text.pqueue_size
                0x000000001000a2d4       0x10 core/libcore.a(pqueue.c.obj)
                0x000000001000a2d4                pqueue_size
 .text.pqueue_find_equal_same_priority
                0x000000001000a2e4        0xc core/libcore.a(pqueue.c.obj)
                0x000000001000a2e4                pqueue_find_equal_same_priority
 .text.pqueue_insert
                0x000000001000a2f0       0x44 core/libcore.a(pqueue.c.obj)
                0x000000001000a2f0                pqueue_insert
 .text.pqueue_remove
                0x000000001000a334       0x6c core/libcore.a(pqueue.c.obj)
                0x000000001000a334                pqueue_remove
 .text.pqueue_pop
                0x000000001000a3a0       0x28 core/libcore.a(pqueue.c.obj)
                0x000000001000a3a0                pqueue_pop
 .text.pqueue_peek
                0x000000001000a3c8       0x14 core/libcore.a(pqueue.c.obj)
                0x000000001000a3c8                pqueue_peek
 .text.in_reverse_order
                0x000000001000a3dc       0x18 core/libcore.a(pqueue.c.obj)
                0x000000001000a3dc                in_reverse_order
 .text.in_no_particular_order
                0x000000001000a3f4        0x4 core/libcore.a(pqueue.c.obj)
                0x000000001000a3f4                in_no_particular_order
 .text.event_matches
                0x000000001000a3f8        0xc core/libcore.a(pqueue.c.obj)
                0x000000001000a3f8                event_matches
 .text.reaction_matches
                0x000000001000a404        0x8 core/libcore.a(pqueue.c.obj)
                0x000000001000a404                reaction_matches
 .text.get_event_time
                0x000000001000a40c        0x8 core/libcore.a(pqueue.c.obj)
                0x000000001000a40c                get_event_time
 .text.get_reaction_index
                0x000000001000a414        0x8 core/libcore.a(pqueue.c.obj)
                0x000000001000a414                get_reaction_index
 .text.get_event_position
                0x000000001000a41c        0x4 core/libcore.a(pqueue.c.obj)
                0x000000001000a41c                get_event_position
 .text.get_reaction_position
                0x000000001000a420        0x4 core/libcore.a(pqueue.c.obj)
                0x000000001000a420                get_reaction_position
 .text.set_event_position
                0x000000001000a424        0x4 core/libcore.a(pqueue.c.obj)
                0x000000001000a424                set_event_position
 .text.set_reaction_position
                0x000000001000a428        0x4 core/libcore.a(pqueue.c.obj)
                0x000000001000a428                set_reaction_position
 .text.print_reaction
                0x000000001000a42c        0x4 core/libcore.a(pqueue.c.obj)
                0x000000001000a42c                print_reaction
 .text.print_event
                0x000000001000a430        0x4 core/libcore.a(pqueue.c.obj)
                0x000000001000a430                print_event
 .text._lf_message_print
                0x000000001000a434       0xc0 core/libcore.a(util.c.obj)
                0x000000001000a434                _lf_message_print
 .text.lf_print
                0x000000001000a4f4       0x88 core/libcore.a(util.c.obj)
                0x000000001000a4f4                lf_print
 .text.lf_print_error
                0x000000001000a57c       0x88 core/libcore.a(util.c.obj)
                0x000000001000a57c                lf_print_error
 .text.lf_print_warning
                0x000000001000a604       0x88 core/libcore.a(util.c.obj)
                0x000000001000a604                lf_print_warning
 .text.lf_print_error_and_exit
                0x000000001000a68c       0x24 core/libcore.a(util.c.obj)
                0x000000001000a68c                lf_print_error_and_exit
 .text.lf_assert
                0x000000001000a6b0       0x2c core/libcore.a(util.c.obj)
                0x000000001000a6b0                lf_assert
 .text.hashset_num_items
                0x000000001000a6dc        0x4 core/libcore.a(hashset.c.obj)
                0x000000001000a6dc                hashset_num_items
 .text.hashset_destroy
                0x000000001000a6e0       0x18 core/libcore.a(hashset.c.obj)
                0x000000001000a6e0                hashset_destroy
 .text.hashset_create
                0x000000001000a6f8       0x40 core/libcore.a(hashset.c.obj)
                0x000000001000a6f8                hashset_create
 .text.hashset_add
                0x000000001000a738      0x180 core/libcore.a(hashset.c.obj)
                0x000000001000a738                hashset_add
 .text.hashset_remove
                0x000000001000a8b8       0x50 core/libcore.a(hashset.c.obj)
                0x000000001000a8b8                hashset_remove
 .text.hashset_iterator
                0x000000001000a908       0x1c core/libcore.a(hashset_itr.c.obj)
                0x000000001000a908                hashset_iterator
 .text.hashset_iterator_next
                0x000000001000a924       0x34 core/libcore.a(hashset_itr.c.obj)
                0x000000001000a924                hashset_iterator_next
 .text.hashset_iterator_value
                0x000000001000a958        0xc core/libcore.a(hashset_itr.c.obj)
                0x000000001000a958                hashset_iterator_value
 .text._lf_add_suspended_event
                0x000000001000a964       0x3c core/libcore.a(modes.c.obj)
                0x000000001000a964                _lf_add_suspended_event
 .text._lf_mode_is_active
                0x000000001000a9a0       0x10 core/libcore.a(modes.c.obj)
                0x000000001000a9a0                _lf_mode_is_active
 .text._lf_handle_mode_startup_reset_reactions
                0x000000001000a9b0       0xfc core/libcore.a(modes.c.obj)
                0x000000001000a9b0                _lf_handle_mode_startup_reset_reactions
 .text._lf_handle_mode_shutdown_reactions
                0x000000001000aaac       0x5c core/libcore.a(modes.c.obj)
                0x000000001000aaac                _lf_handle_mode_shutdown_reactions
 .text._lf_process_mode_changes
                0x000000001000ab08      0x39c core/libcore.a(modes.c.obj)
                0x000000001000ab08                _lf_process_mode_changes
 .text._lf_terminate_modal_reactors
                0x000000001000aea4       0x50 core/libcore.a(modes.c.obj)
                0x000000001000aea4                _lf_terminate_modal_reactors
 .text._lf_initialize_modes
                0x000000001000aef4       0x44 core/libcore.a(modes.c.obj)
                0x000000001000aef4                _lf_initialize_modes
 .text._lf_handle_mode_changes
                0x000000001000af38       0x24 core/libcore.a(modes.c.obj)
                0x000000001000af38                _lf_handle_mode_changes
 .text._lf_handle_mode_triggered_reactions
                0x000000001000af5c       0x24 core/libcore.a(modes.c.obj)
                0x000000001000af5c                _lf_handle_mode_triggered_reactions
 .text._lf_initialize_clock
                0x000000001000af80       0x20 core/libcore.a(lf_rp2040_support.c.obj)
                0x000000001000af80                _lf_initialize_clock
 .text._lf_clock_now
                0x000000001000afa0       0x24 core/libcore.a(lf_rp2040_support.c.obj)
                0x000000001000afa0                _lf_clock_now
 .text._lf_interruptable_sleep_until_locked
                0x000000001000afc4       0x48 core/libcore.a(lf_rp2040_support.c.obj)
                0x000000001000afc4                _lf_interruptable_sleep_until_locked
 .text.lf_disable_interrupts_nested
                0x000000001000b00c       0x3c core/libcore.a(lf_rp2040_support.c.obj)
                0x000000001000b00c                lf_disable_interrupts_nested
 .text.lf_enable_interrupts_nested
                0x000000001000b048       0x34 core/libcore.a(lf_rp2040_support.c.obj)
                0x000000001000b048                lf_enable_interrupts_nested
 .text.color32_0
                0x000000001000b07c        0x8 robot/librobot.a(display.c.obj)
                0x000000001000b07c                color32_0
 .text.color32_1
                0x000000001000b084        0x8 robot/librobot.a(display.c.obj)
                0x000000001000b084                color32_1
 .text.color32_0_on_1
                0x000000001000b08c        0x8 robot/librobot.a(display.c.obj)
                0x000000001000b08c                color32_0_on_1
 .text.color32_1_on_0
                0x000000001000b094        0x4 robot/librobot.a(display.c.obj)
                0x000000001000b094                color32_1_on_0
 .text.color32_xor
                0x000000001000b098        0x8 robot/librobot.a(display.c.obj)
                0x000000001000b098                color32_xor
 .text.color32_nop
                0x000000001000b0a0        0x4 robot/librobot.a(display.c.obj)
                0x000000001000b0a0                color32_nop
 .text.color8_0
                0x000000001000b0a4        0x8 robot/librobot.a(display.c.obj)
                0x000000001000b0a4                color8_0
 .text.color8_1
                0x000000001000b0ac        0x8 robot/librobot.a(display.c.obj)
                0x000000001000b0ac                color8_1
 .text.color8_0_on_1
                0x000000001000b0b4        0x8 robot/librobot.a(display.c.obj)
                0x000000001000b0b4                color8_0_on_1
 .text.color8_1_on_0
                0x000000001000b0bc        0x4 robot/librobot.a(display.c.obj)
                0x000000001000b0bc                color8_1_on_0
 .text.color8_xor
                0x000000001000b0c0        0x8 robot/librobot.a(display.c.obj)
                0x000000001000b0c0                color8_xor
 .text.color8_nop
                0x000000001000b0c8        0x4 robot/librobot.a(display.c.obj)
                0x000000001000b0c8                color8_nop
 .text.display_set_font
                0x000000001000b0cc        0xc robot/librobot.a(display.c.obj)
                0x000000001000b0cc                display_set_font
 .text.display_init
                0x000000001000b0d8       0x18 robot/librobot.a(display.c.obj)
                0x000000001000b0d8                display_init
 .text.display_fill
                0x000000001000b0f0       0x2c robot/librobot.a(display.c.obj)
                0x000000001000b0f0                display_fill
 .text.display_show_partial
                0x000000001000b11c       0xb0 robot/librobot.a(display.c.obj)
                0x000000001000b11c                display_show_partial
 .text.display_text
                0x000000001000b1cc      0x44c robot/librobot.a(display.c.obj)
                0x000000001000b1cc                display_text
 .text.display_fill_rect
                0x000000001000b618      0x15c robot/librobot.a(display.c.obj)
                0x000000001000b618                display_fill_rect
 .text.display_show
                0x000000001000b774       0x28 robot/librobot.a(display.c.obj)
                0x000000001000b774                display_show
 .text.ir_sensors_read
                0x000000001000b79c       0xcc robot/librobot.a(ir_sensors.c.obj)
 .text.ir_sensors_start_read
                0x000000001000b868      0x1d0 robot/librobot.a(ir_sensors.c.obj)
 .text.line_sensors_calibrate
                0x000000001000ba38      0x1a4 robot/librobot.a(ir_sensors.c.obj)
                0x000000001000ba38                line_sensors_calibrate
 .text.line_sensors_read
                0x000000001000bbdc       0x70 robot/librobot.a(ir_sensors.c.obj)
                0x000000001000bbdc                line_sensors_read
 .text.line_sensors_read_calibrated
                0x000000001000bc4c      0x198 robot/librobot.a(ir_sensors.c.obj)
                0x000000001000bc4c                line_sensors_read_calibrated
 .text.motors_init
                0x000000001000bde4       0x5c robot/librobot.a(motors.c.obj)
                0x000000001000bde4                motors_init
 .text.motors_set_power
                0x000000001000be40       0x70 robot/librobot.a(motors.c.obj)
                0x000000001000be40                motors_set_power
 .text.sh1106_transfer_start
                0x000000001000beb0       0x40 robot/librobot.a(sh1106.c.obj)
                0x000000001000beb0                sh1106_transfer_start
 .text.sh1106_transfer_end
                0x000000001000bef0       0x1c robot/librobot.a(sh1106.c.obj)
                0x000000001000bef0                sh1106_transfer_end
 .text.sh1106_write_page
                0x000000001000bf0c       0x54 robot/librobot.a(sh1106.c.obj)
                0x000000001000bf0c                sh1106_write_page
 .text.sh1106_clear
                0x000000001000bf60       0xa0 robot/librobot.a(sh1106.c.obj)
                0x000000001000bf60                sh1106_clear
 .text.sh1106_init
                0x000000001000c000       0xd0 robot/librobot.a(sh1106.c.obj)
                0x000000001000c000                sh1106_init
 .text          0x000000001000c0d0       0x10 /usr/lib/gcc/arm-none-eabi/10.3.1/../../../arm-none-eabi/lib/thumb/v6-m/nofp/libc.a(lib_a-atexit.o)
                0x000000001000c0d0                atexit
 .text          0x000000001000c0e0       0x18 /usr/lib/gcc/arm-none-eabi/10.3.1/../../../arm-none-eabi/lib/thumb/v6-m/nofp/libc.a(lib_a-atoi.o)
                0x000000001000c0e0                atoi
                0x000000001000c0ec                _atoi_r
 .text          0x000000001000c0f8       0x18 /usr/lib/gcc/arm-none-eabi/10.3.1/../../../arm-none-eabi/lib/thumb/v6-m/nofp/libc.a(lib_a-atoll.o)
                0x000000001000c0f8                atoll
                0x000000001000c104                _atoll_r
 .text          0x000000001000c110       0x18 /usr/lib/gcc/arm-none-eabi/10.3.1/../../../arm-none-eabi/lib/thumb/v6-m/nofp/libc.a(lib_a-calloc.o)
                0x000000001000c110                calloc
 .text          0x000000001000c128       0x5c /usr/lib/gcc/arm-none-eabi/10.3.1/../../../arm-none-eabi/lib/thumb/v6-m/nofp/libc.a(lib_a-callocr.o)
                0x000000001000c128                _calloc_r
 .text          0x000000001000c184       0x28 /usr/lib/gcc/arm-none-eabi/10.3.1/../../../arm-none-eabi/lib/thumb/v6-m/nofp/libc.a(lib_a-malloc.o)
                0x000000001000c184                malloc
                0x000000001000c198                free
 .text          0x000000001000c1ac      0x574 /usr/lib/gcc/arm-none-eabi/10.3.1/../../../arm-none-eabi/lib/thumb/v6-m/nofp/libc.a(lib_a-mallocr.o)
                0x000000001000c1ac                _malloc_r
 .text          0x000000001000c720        0x8 /usr/lib/gcc/arm-none-eabi/10.3.1/../../../arm-none-eabi/lib/thumb/v6-m/nofp/libc.a(lib_a-mlock.o)
                0x000000001000c720                __malloc_lock
                0x000000001000c724                __malloc_unlock
 .text          0x000000001000c728       0x18 /usr/lib/gcc/arm-none-eabi/10.3.1/../../../arm-none-eabi/lib/thumb/v6-m/nofp/libc.a(lib_a-realloc.o)
                0x000000001000c728                realloc
 .text          0x000000001000c740      0x354 /usr/lib/gcc/arm-none-eabi/10.3.1/../../../arm-none-eabi/lib/thumb/v6-m/nofp/libc.a(lib_a-reallocr.o)
                0x000000001000c740                _realloc_r
 .text          0x000000001000ca94       0x24 /usr/lib/gcc/arm-none-eabi/10.3.1/../../../arm-none-eabi/lib/thumb/v6-m/nofp/libc.a(lib_a-sbrkr.o)
                0x000000001000ca94                _sbrk_r
 .text          0x000000001000cab8       0x88 /usr/lib/gcc/arm-none-eabi/10.3.1/../../../arm-none-eabi/lib/thumb/v6-m/nofp/libc.a(lib_a-strcmp.o)
                0x000000001000cab8                strcmp
 .text          0x000000001000cb40       0x5c /usr/lib/gcc/arm-none-eabi/10.3.1/../../../arm-none-eabi/lib/thumb/v6-m/nofp/libc.a(lib_a-strlen-stub.o)
                0x000000001000cb40                strlen
 .text          0x000000001000cb9c       0x74 /usr/lib/gcc/arm-none-eabi/10.3.1/../../../arm-none-eabi/lib/thumb/v6-m/nofp/libc.a(lib_a-strncmp.o)
                0x000000001000cb9c                strncmp
 .text          0x000000001000cc10      0x1b8 /usr/lib/gcc/arm-none-eabi/10.3.1/../../../arm-none-eabi/lib/thumb/v6-m/nofp/libc.a(lib_a-strtol.o)
                0x000000001000cd54                _strtol_r
                0x000000001000cd70                strtol_l
                0x000000001000cd9c                strtol
 .text          0x000000001000cdc8      0x1d0 /usr/lib/gcc/arm-none-eabi/10.3.1/../../../arm-none-eabi/lib/thumb/v6-m/nofp/libc.a(lib_a-strtoll.o)
                0x000000001000cf60                _strtoll_r
                0x000000001000cf68                strtoll_l
                0x000000001000cf80                strtoll
 .text          0x000000001000cf98     0x16e4 /usr/lib/gcc/arm-none-eabi/10.3.1/../../../arm-none-eabi/lib/thumb/v6-m/nofp/libc.a(lib_a-vfprintf.o)
                0x000000001000cf98                _vfprintf_r
                0x000000001000e5f0                vfprintf
 .text          0x000000001000e67c       0xdc /usr/lib/gcc/arm-none-eabi/10.3.1/../../../arm-none-eabi/lib/thumb/v6-m/nofp/libc.a(lib_a-wsetup.o)
                0x000000001000e67c                __swsetup_r
 .text          0x000000001000e758       0x88 /usr/lib/gcc/arm-none-eabi/10.3.1/../../../arm-none-eabi/lib/thumb/v6-m/nofp/libc.a(lib_a-__atexit.o)
                0x000000001000e758                __register_exitproc
 .text          0x000000001000e7e0     0x1104 /usr/lib/gcc/arm-none-eabi/10.3.1/../../../arm-none-eabi/lib/thumb/v6-m/nofp/libc.a(lib_a-dtoa.o)
                0x000000001000e928                _dtoa_r
 .text          0x000000001000f8e4        0xc /usr/lib/gcc/arm-none-eabi/10.3.1/../../../arm-none-eabi/lib/thumb/v6-m/nofp/libc.a(lib_a-errno.o)
                0x000000001000f8e4                __errno
 .text          0x000000001000f8f0      0x1c0 /usr/lib/gcc/arm-none-eabi/10.3.1/../../../arm-none-eabi/lib/thumb/v6-m/nofp/libc.a(lib_a-fflush.o)
                0x000000001000f8f0                __sflush_r
                0x000000001000fa30                _fflush_r
                0x000000001000fa5c                fflush
 .text          0x000000001000fab0      0x248 /usr/lib/gcc/arm-none-eabi/10.3.1/../../../arm-none-eabi/lib/thumb/v6-m/nofp/libc.a(lib_a-findfp.o)
                0x000000001000fab4                _cleanup_r
                0x000000001000fbb0                __sfmoreglue
                0x000000001000fbe0                __sfp
                0x000000001000fc90                _cleanup
                0x000000001000fca8                __sinit
                0x000000001000fcb8                __sfp_lock_acquire
                0x000000001000fcbc                __sfp_lock_release
                0x000000001000fcc0                __sinit_lock_acquire
                0x000000001000fcc4                __sinit_lock_release
                0x000000001000fcc8                __fp_lock_all
                0x000000001000fce0                __fp_unlock_all
 .text          0x000000001000fcf8      0x260 /usr/lib/gcc/arm-none-eabi/10.3.1/../../../arm-none-eabi/lib/thumb/v6-m/nofp/libc.a(lib_a-freer.o)
                0x000000001000fcf8                _malloc_trim_r
                0x000000001000fd94                _free_r
 .text          0x000000001000ff58       0x88 /usr/lib/gcc/arm-none-eabi/10.3.1/../../../arm-none-eabi/lib/thumb/v6-m/nofp/libc.a(lib_a-fwalk.o)
                0x000000001000ff58                _fwalk
                0x000000001000ff98                _fwalk_reent
 .text          0x000000001000ffe0       0x14 /usr/lib/gcc/arm-none-eabi/10.3.1/../../../arm-none-eabi/lib/thumb/v6-m/nofp/libc.a(lib_a-localeconv.o)
                0x000000001000ffe0                __localeconv_l
                0x000000001000ffe4                _localeconv_r
                0x000000001000ffec                localeconv
 .text          0x000000001000fff4      0x144 /usr/lib/gcc/arm-none-eabi/10.3.1/../../../arm-none-eabi/lib/thumb/v6-m/nofp/libc.a(lib_a-makebuf.o)
                0x000000001000fff4                __smakebuf_r
                0x00000000100100d8                __swhatbuf_r
 .text          0x0000000010010138      0xafc /usr/lib/gcc/arm-none-eabi/10.3.1/../../../arm-none-eabi/lib/thumb/v6-m/nofp/libc.a(lib_a-mprec.o)
                0x0000000010010138                _Balloc
                0x0000000010010188                _Bfree
                0x000000001001019c                __multadd
                0x0000000010010244                __s2b
                0x00000000100102f4                __hi0bits
                0x000000001001032c                __lo0bits
                0x0000000010010388                __i2b
                0x00000000100103e8                __multiply
                0x000000001001058c                __pow5mult
                0x0000000010010664                __lshift
                0x0000000010010760                __mcmp
                0x0000000010010794                __mdiff
                0x0000000010010920                __ulp
                0x0000000010010968                __b2d
                0x0000000010010a30                __d2b
                0x0000000010010b08                __ratio
                0x0000000010010b70                _mprec_log10
                0x0000000010010ba4                __copybits
                0x0000000010010be4                __any_on
 .text          0x0000000010010c34       0xa4 /usr/lib/gcc/arm-none-eabi/10.3.1/../../../arm-none-eabi/lib/thumb/v6-m/nofp/libc.a(lib_a-stdio.o)
                0x0000000010010c34                __sread
                0x0000000010010c5c                __seofread
                0x0000000010010c60                __swrite
                0x0000000010010ca0                __sseek
                0x0000000010010ccc                __sclose
 .text          0x0000000010010cd8      0xdd8 /usr/lib/gcc/arm-none-eabi/10.3.1/../../../arm-none-eabi/lib/thumb/v6-m/nofp/libc.a(lib_a-vfiprintf.o)
                0x0000000010010d60                __sprint_r
                0x0000000010010d74                _vfiprintf_r
                0x0000000010011a24                vfiprintf
 .text          0x0000000010011ab0       0x28 /usr/lib/gcc/arm-none-eabi/10.3.1/../../../arm-none-eabi/lib/thumb/v6-m/nofp/libc.a(lib_a-writer.o)
                0x0000000010011ab0                _write_r
 .text          0x0000000010011ad8       0x24 /usr/lib/gcc/arm-none-eabi/10.3.1/../../../arm-none-eabi/lib/thumb/v6-m/nofp/libc.a(lib_a-closer.o)
                0x0000000010011ad8                _close_r